Archive member included because of file (symbol)

.\CortexM0\ARM_GCC_484\Debug\test_01.a(cyfitter_cfg.o)
                              .\CortexM0\ARM_GCC_484\Debug\Cm0Start.o (cyfitter_cfg)
.\CortexM0\ARM_GCC_484\Debug\test_01.a(CyLib.o)
                              .\CortexM0\ARM_GCC_484\Debug\test_01.a(cyfitter_cfg.o) (CyIntEnable)
.\CortexM0\ARM_GCC_484\Debug\test_01.a(CyLFClk.o)
                              .\CortexM0\ARM_GCC_484\Debug\test_01.a(cyfitter_cfg.o) (CySysWdtIsr)
.\CortexM0\ARM_GCC_484\Debug\test_01.a(CyBootAsmGnu.o)
                              .\CortexM0\ARM_GCC_484\Debug\test_01.a(CyLib.o) (CyDelayCycles)
c:/works/programs/psoc_creator/psoc creator/3.2/psoc_creator/import/gnu/arm/4.8.4/bin/../lib/gcc/arm-none-eabi/4.8.4/armv6-m\libgcc.a(_udivsi3.o)
                              .\CortexM0\ARM_GCC_484\Debug\test_01.a(CyLib.o) (__aeabi_uidiv)
c:/works/programs/psoc_creator/psoc creator/3.2/psoc_creator/import/gnu/arm/4.8.4/bin/../lib/gcc/arm-none-eabi/4.8.4/armv6-m\libgcc.a(_dvmd_tls.o)
                              c:/works/programs/psoc_creator/psoc creator/3.2/psoc_creator/import/gnu/arm/4.8.4/bin/../lib/gcc/arm-none-eabi/4.8.4/armv6-m\libgcc.a(_udivsi3.o) (__aeabi_idiv0)
c:/works/programs/psoc_creator/psoc creator/3.2/psoc_creator/import/gnu/arm/4.8.4/bin/../lib/gcc/arm-none-eabi/4.8.4/../../../../arm-none-eabi/lib/armv6-m\libg_s.a(lib_a-errno.o)
                              .\CortexM0\ARM_GCC_484\Debug\Cm0Start.o (__errno)
c:/works/programs/psoc_creator/psoc creator/3.2/psoc_creator/import/gnu/arm/4.8.4/bin/../lib/gcc/arm-none-eabi/4.8.4/../../../../arm-none-eabi/lib/armv6-m\libg_s.a(lib_a-exit.o)
                              c:/works/programs/psoc_creator/psoc creator/3.2/psoc_creator/import/gnu/arm/4.8.4/bin/../lib/gcc/arm-none-eabi/4.8.4/../../../../arm-none-eabi/lib/armv6-m/crt0.o (exit)
c:/works/programs/psoc_creator/psoc creator/3.2/psoc_creator/import/gnu/arm/4.8.4/bin/../lib/gcc/arm-none-eabi/4.8.4/../../../../arm-none-eabi/lib/armv6-m\libg_s.a(lib_a-impure.o)
                              c:/works/programs/psoc_creator/psoc creator/3.2/psoc_creator/import/gnu/arm/4.8.4/bin/../lib/gcc/arm-none-eabi/4.8.4/../../../../arm-none-eabi/lib/armv6-m\libg_s.a(lib_a-exit.o) (_global_impure_ptr)
c:/works/programs/psoc_creator/psoc creator/3.2/psoc_creator/import/gnu/arm/4.8.4/bin/../lib/gcc/arm-none-eabi/4.8.4/../../../../arm-none-eabi/lib/armv6-m\libg_s.a(lib_a-init.o)
                              c:/works/programs/psoc_creator/psoc creator/3.2/psoc_creator/import/gnu/arm/4.8.4/bin/../lib/gcc/arm-none-eabi/4.8.4/../../../../arm-none-eabi/lib/armv6-m/crt0.o (__libc_init_array)
c:/works/programs/psoc_creator/psoc creator/3.2/psoc_creator/import/gnu/arm/4.8.4/bin/../lib/gcc/arm-none-eabi/4.8.4/../../../../arm-none-eabi/lib/armv6-m\libg_s.a(lib_a-memset.o)
                              c:/works/programs/psoc_creator/psoc creator/3.2/psoc_creator/import/gnu/arm/4.8.4/bin/../lib/gcc/arm-none-eabi/4.8.4/../../../../arm-none-eabi/lib/armv6-m/crt0.o (memset)

Discarded input sections

 .text          0x00000000        0x0 c:/works/programs/psoc_creator/psoc creator/3.2/psoc_creator/import/gnu/arm/4.8.4/bin/../lib/gcc/arm-none-eabi/4.8.4/armv6-m/crti.o
 .data          0x00000000        0x0 c:/works/programs/psoc_creator/psoc creator/3.2/psoc_creator/import/gnu/arm/4.8.4/bin/../lib/gcc/arm-none-eabi/4.8.4/armv6-m/crti.o
 .bss           0x00000000        0x0 c:/works/programs/psoc_creator/psoc creator/3.2/psoc_creator/import/gnu/arm/4.8.4/bin/../lib/gcc/arm-none-eabi/4.8.4/armv6-m/crti.o
 .data          0x00000000        0x4 c:/works/programs/psoc_creator/psoc creator/3.2/psoc_creator/import/gnu/arm/4.8.4/bin/../lib/gcc/arm-none-eabi/4.8.4/armv6-m/crtbegin.o
 .text          0x00000000       0x78 c:/works/programs/psoc_creator/psoc creator/3.2/psoc_creator/import/gnu/arm/4.8.4/bin/../lib/gcc/arm-none-eabi/4.8.4/../../../../arm-none-eabi/lib/armv6-m/crt0.o
 .data          0x00000000        0x0 c:/works/programs/psoc_creator/psoc creator/3.2/psoc_creator/import/gnu/arm/4.8.4/bin/../lib/gcc/arm-none-eabi/4.8.4/../../../../arm-none-eabi/lib/armv6-m/crt0.o
 .bss           0x00000000        0x0 c:/works/programs/psoc_creator/psoc creator/3.2/psoc_creator/import/gnu/arm/4.8.4/bin/../lib/gcc/arm-none-eabi/4.8.4/../../../../arm-none-eabi/lib/armv6-m/crt0.o
 .ARM.extab     0x00000000        0x0 c:/works/programs/psoc_creator/psoc creator/3.2/psoc_creator/import/gnu/arm/4.8.4/bin/../lib/gcc/arm-none-eabi/4.8.4/../../../../arm-none-eabi/lib/armv6-m/crt0.o
 .ARM.exidx     0x00000000        0x8 c:/works/programs/psoc_creator/psoc creator/3.2/psoc_creator/import/gnu/arm/4.8.4/bin/../lib/gcc/arm-none-eabi/4.8.4/../../../../arm-none-eabi/lib/armv6-m/crt0.o
 .text          0x00000000        0x0 .\CortexM0\ARM_GCC_484\Debug\main.o
 .data          0x00000000        0x0 .\CortexM0\ARM_GCC_484\Debug\main.o
 .bss           0x00000000        0x0 .\CortexM0\ARM_GCC_484\Debug\main.o
 .text          0x00000000        0x0 .\CortexM0\ARM_GCC_484\Debug\cymetadata.o
 .data          0x00000000        0x0 .\CortexM0\ARM_GCC_484\Debug\cymetadata.o
 .bss           0x00000000        0x0 .\CortexM0\ARM_GCC_484\Debug\cymetadata.o
 .text          0x00000000        0x0 .\CortexM0\ARM_GCC_484\Debug\Cm0Start.o
 .data          0x00000000        0x4 .\CortexM0\ARM_GCC_484\Debug\Cm0Start.o
 .bss           0x00000000        0x0 .\CortexM0\ARM_GCC_484\Debug\Cm0Start.o
 .text._exit    0x00000000        0xc .\CortexM0\ARM_GCC_484\Debug\Cm0Start.o
 .text._sbrk    0x00000000       0x30 .\CortexM0\ARM_GCC_484\Debug\Cm0Start.o
 .text          0x00000000        0x0 .\CortexM0\ARM_GCC_484\Debug\cybootloader.o
 .data          0x00000000        0x0 .\CortexM0\ARM_GCC_484\Debug\cybootloader.o
 .bss           0x00000000        0x0 .\CortexM0\ARM_GCC_484\Debug\cybootloader.o
 .text          0x00000000        0x0 .\CortexM0\ARM_GCC_484\Debug\test_01.a(cyfitter_cfg.o)
 .data          0x00000000        0x0 .\CortexM0\ARM_GCC_484\Debug\test_01.a(cyfitter_cfg.o)
 .bss           0x00000000        0x0 .\CortexM0\ARM_GCC_484\Debug\test_01.a(cyfitter_cfg.o)
 .text          0x00000000        0x0 .\CortexM0\ARM_GCC_484\Debug\test_01.a(CyLib.o)
 .bss           0x00000000       0x18 .\CortexM0\ARM_GCC_484\Debug\test_01.a(CyLib.o)
 .text.CySysClkImoStart
                0x00000000       0x14 .\CortexM0\ARM_GCC_484\Debug\test_01.a(CyLib.o)
 .text.CySysClkImoStop
                0x00000000       0x10 .\CortexM0\ARM_GCC_484\Debug\test_01.a(CyLib.o)
 .text.CySysClkWriteHfclkDirect
                0x00000000       0x24 .\CortexM0\ARM_GCC_484\Debug\test_01.a(CyLib.o)
 .text.CySysClkWriteSysclkDiv
                0x00000000       0x28 .\CortexM0\ARM_GCC_484\Debug\test_01.a(CyLib.o)
 .text.CySysLvdDisable
                0x00000000       0x20 .\CortexM0\ARM_GCC_484\Debug\test_01.a(CyLib.o)
 .text.CySysLvdGetInterruptSource
                0x00000000       0x10 .\CortexM0\ARM_GCC_484\Debug\test_01.a(CyLib.o)
 .text.CySysLvdClearInterrupt
                0x00000000        0xc .\CortexM0\ARM_GCC_484\Debug\test_01.a(CyLib.o)
 .text.CySysGetResetReason
                0x00000000       0x14 .\CortexM0\ARM_GCC_484\Debug\test_01.a(CyLib.o)
 .text.CyDisableInts
                0x00000000       0x10 .\CortexM0\ARM_GCC_484\Debug\test_01.a(CyLib.o)
 .text.CyEnableInts
                0x00000000        0xc .\CortexM0\ARM_GCC_484\Debug\test_01.a(CyLib.o)
 .text.CyIntGetState
                0x00000000       0x18 .\CortexM0\ARM_GCC_484\Debug\test_01.a(CyLib.o)
 .text.CyIntDisable
                0x00000000       0x14 .\CortexM0\ARM_GCC_484\Debug\test_01.a(CyLib.o)
 .text.CyIntSetPending
                0x00000000       0x14 .\CortexM0\ARM_GCC_484\Debug\test_01.a(CyLib.o)
 .text.CyIntClearPending
                0x00000000       0x14 .\CortexM0\ARM_GCC_484\Debug\test_01.a(CyLib.o)
 .text.CyIntSetSysVector
                0x00000000       0x20 .\CortexM0\ARM_GCC_484\Debug\test_01.a(CyLib.o)
 .text.CyIntGetSysVector
                0x00000000       0x1c .\CortexM0\ARM_GCC_484\Debug\test_01.a(CyLib.o)
 .text.CyIntGetVector
                0x00000000       0x1c .\CortexM0\ARM_GCC_484\Debug\test_01.a(CyLib.o)
 .text.CyIntSetPriority
                0x00000000       0x48 .\CortexM0\ARM_GCC_484\Debug\test_01.a(CyLib.o)
 .text.CyIntGetPriority
                0x00000000       0x2c .\CortexM0\ARM_GCC_484\Debug\test_01.a(CyLib.o)
 .text.CySoftwareReset
                0x00000000       0x18 .\CortexM0\ARM_GCC_484\Debug\test_01.a(CyLib.o)
 .text.CyDelay  0x00000000       0x30 .\CortexM0\ARM_GCC_484\Debug\test_01.a(CyLib.o)
 .text.CySysLvdEnable
                0x00000000       0x40 .\CortexM0\ARM_GCC_484\Debug\test_01.a(CyLib.o)
 .text.CyDelayFreq
                0x00000000       0x4c .\CortexM0\ARM_GCC_484\Debug\test_01.a(CyLib.o)
 .text.CySysTickStop
                0x00000000       0x10 .\CortexM0\ARM_GCC_484\Debug\test_01.a(CyLib.o)
 .text.CySysTickEnableInterrupt
                0x00000000       0x10 .\CortexM0\ARM_GCC_484\Debug\test_01.a(CyLib.o)
 .text.CySysTickEnable
                0x00000000       0x18 .\CortexM0\ARM_GCC_484\Debug\test_01.a(CyLib.o)
 .text.CySysTickDisableInterrupt
                0x00000000       0x10 .\CortexM0\ARM_GCC_484\Debug\test_01.a(CyLib.o)
 .text.CySysTickSetReload
                0x00000000       0x10 .\CortexM0\ARM_GCC_484\Debug\test_01.a(CyLib.o)
 .text.CySysTickGetReload
                0x00000000       0x10 .\CortexM0\ARM_GCC_484\Debug\test_01.a(CyLib.o)
 .text.CySysTickGetValue
                0x00000000       0x10 .\CortexM0\ARM_GCC_484\Debug\test_01.a(CyLib.o)
 .text.CySysTickGetCountFlag
                0x00000000       0x10 .\CortexM0\ARM_GCC_484\Debug\test_01.a(CyLib.o)
 .text.CySysTickServiceCallbacks
                0x00000000       0x28 .\CortexM0\ARM_GCC_484\Debug\test_01.a(CyLib.o)
 .text.CySysTickClear
                0x00000000        0xc .\CortexM0\ARM_GCC_484\Debug\test_01.a(CyLib.o)
 .text.CySysTickInit
                0x00000000       0x44 .\CortexM0\ARM_GCC_484\Debug\test_01.a(CyLib.o)
 .text.CySysTickStart
                0x00000000       0x20 .\CortexM0\ARM_GCC_484\Debug\test_01.a(CyLib.o)
 .text.CySysTickSetCallback
                0x00000000       0x10 .\CortexM0\ARM_GCC_484\Debug\test_01.a(CyLib.o)
 .text.CySysTickGetCallback
                0x00000000        0xc .\CortexM0\ARM_GCC_484\Debug\test_01.a(CyLib.o)
 .text.CyGetUniqueId
                0x00000000       0x70 .\CortexM0\ARM_GCC_484\Debug\test_01.a(CyLib.o)
 .text          0x00000000        0x0 .\CortexM0\ARM_GCC_484\Debug\test_01.a(CyLFClk.o)
 .text.CySysClkIloEnabled
                0x00000000       0x14 .\CortexM0\ARM_GCC_484\Debug\test_01.a(CyLFClk.o)
 .text.CySysClkIloStart
                0x00000000       0x14 .\CortexM0\ARM_GCC_484\Debug\test_01.a(CyLFClk.o)
 .text.CySysWdtGetEnabledStatus
                0x00000000       0x24 .\CortexM0\ARM_GCC_484\Debug\test_01.a(CyLFClk.o)
 .text.CySysWdtSetMode
                0x00000000       0x38 .\CortexM0\ARM_GCC_484\Debug\test_01.a(CyLFClk.o)
 .text.CySysClkLfclkPosedgeRestore
                0x00000000       0x2c .\CortexM0\ARM_GCC_484\Debug\test_01.a(CyLFClk.o)
 .text.CySysWdtGetMode
                0x00000000       0x14 .\CortexM0\ARM_GCC_484\Debug\test_01.a(CyLFClk.o)
 .text.CySysWdtSetClearOnMatch
                0x00000000       0x38 .\CortexM0\ARM_GCC_484\Debug\test_01.a(CyLFClk.o)
 .text.CySysWdtGetClearOnMatch
                0x00000000       0x24 .\CortexM0\ARM_GCC_484\Debug\test_01.a(CyLFClk.o)
 .text.CySysWdtEnable
                0x00000000       0x40 .\CortexM0\ARM_GCC_484\Debug\test_01.a(CyLFClk.o)
 .text.CySysWdtDisable
                0x00000000       0x44 .\CortexM0\ARM_GCC_484\Debug\test_01.a(CyLFClk.o)
 .text.CySysWdtSetCascade
                0x00000000       0x34 .\CortexM0\ARM_GCC_484\Debug\test_01.a(CyLFClk.o)
 .text.CySysWdtGetCascade
                0x00000000       0x14 .\CortexM0\ARM_GCC_484\Debug\test_01.a(CyLFClk.o)
 .text.CySysWdtSetMatch
                0x00000000       0x3c .\CortexM0\ARM_GCC_484\Debug\test_01.a(CyLFClk.o)
 .text.CySysWdtSetToggleBit
                0x00000000       0x2c .\CortexM0\ARM_GCC_484\Debug\test_01.a(CyLFClk.o)
 .text.CySysWdtGetToggleBit
                0x00000000       0x10 .\CortexM0\ARM_GCC_484\Debug\test_01.a(CyLFClk.o)
 .text.CySysWdtGetMatch
                0x00000000       0x20 .\CortexM0\ARM_GCC_484\Debug\test_01.a(CyLFClk.o)
 .text.CySysWdtGetCount
                0x00000000       0x3c .\CortexM0\ARM_GCC_484\Debug\test_01.a(CyLFClk.o)
 .text.CySysClkLfclkPosedgeCatch
                0x00000000       0x74 .\CortexM0\ARM_GCC_484\Debug\test_01.a(CyLFClk.o)
 .text.CySysClkIloStop
                0x00000000       0x38 .\CortexM0\ARM_GCC_484\Debug\test_01.a(CyLFClk.o)
 .text.CySysWdtGetInterruptSource
                0x00000000       0x14 .\CortexM0\ARM_GCC_484\Debug\test_01.a(CyLFClk.o)
 .text.CySysWdtResetCounters
                0x00000000       0x20 .\CortexM0\ARM_GCC_484\Debug\test_01.a(CyLFClk.o)
 .text.CySysWdtSetInterruptCallback
                0x00000000       0x20 .\CortexM0\ARM_GCC_484\Debug\test_01.a(CyLFClk.o)
 .text.CySysWdtGetInterruptCallback
                0x00000000       0x20 .\CortexM0\ARM_GCC_484\Debug\test_01.a(CyLFClk.o)
 .text.CySysWdtEnableCounterIsr
                0x00000000       0x34 .\CortexM0\ARM_GCC_484\Debug\test_01.a(CyLFClk.o)
 .text.CySysWdtDisableCounterIsr
                0x00000000       0x28 .\CortexM0\ARM_GCC_484\Debug\test_01.a(CyLFClk.o)
 .text.CySysTimerDelayUntilMatch
                0x00000000       0x6c .\CortexM0\ARM_GCC_484\Debug\test_01.a(CyLFClk.o)
 .text.CySysTimerDelay
                0x00000000       0x3c .\CortexM0\ARM_GCC_484\Debug\test_01.a(CyLFClk.o)
 .text.CySysWatchdogFeed
                0x00000000       0x60 .\CortexM0\ARM_GCC_484\Debug\test_01.a(CyLFClk.o)
 .rodata        0x00000000        0xc .\CortexM0\ARM_GCC_484\Debug\test_01.a(CyLFClk.o)
 .data          0x00000000        0x0 .\CortexM0\ARM_GCC_484\Debug\test_01.a(CyBootAsmGnu.o)
 .bss           0x00000000        0x0 .\CortexM0\ARM_GCC_484\Debug\test_01.a(CyBootAsmGnu.o)
 .text          0x00000000       0x9c c:/works/programs/psoc_creator/psoc creator/3.2/psoc_creator/import/gnu/arm/4.8.4/bin/../lib/gcc/arm-none-eabi/4.8.4/armv6-m\libgcc.a(_udivsi3.o)
 .data          0x00000000        0x0 c:/works/programs/psoc_creator/psoc creator/3.2/psoc_creator/import/gnu/arm/4.8.4/bin/../lib/gcc/arm-none-eabi/4.8.4/armv6-m\libgcc.a(_udivsi3.o)
 .bss           0x00000000        0x0 c:/works/programs/psoc_creator/psoc creator/3.2/psoc_creator/import/gnu/arm/4.8.4/bin/../lib/gcc/arm-none-eabi/4.8.4/armv6-m\libgcc.a(_udivsi3.o)
 .text          0x00000000        0x4 c:/works/programs/psoc_creator/psoc creator/3.2/psoc_creator/import/gnu/arm/4.8.4/bin/../lib/gcc/arm-none-eabi/4.8.4/armv6-m\libgcc.a(_dvmd_tls.o)
 .data          0x00000000        0x0 c:/works/programs/psoc_creator/psoc creator/3.2/psoc_creator/import/gnu/arm/4.8.4/bin/../lib/gcc/arm-none-eabi/4.8.4/armv6-m\libgcc.a(_dvmd_tls.o)
 .bss           0x00000000        0x0 c:/works/programs/psoc_creator/psoc creator/3.2/psoc_creator/import/gnu/arm/4.8.4/bin/../lib/gcc/arm-none-eabi/4.8.4/armv6-m\libgcc.a(_dvmd_tls.o)
 .text          0x00000000        0x0 c:/works/programs/psoc_creator/psoc creator/3.2/psoc_creator/import/gnu/arm/4.8.4/bin/../lib/gcc/arm-none-eabi/4.8.4/../../../../arm-none-eabi/lib/armv6-m\libg_s.a(lib_a-errno.o)
 .data          0x00000000        0x0 c:/works/programs/psoc_creator/psoc creator/3.2/psoc_creator/import/gnu/arm/4.8.4/bin/../lib/gcc/arm-none-eabi/4.8.4/../../../../arm-none-eabi/lib/armv6-m\libg_s.a(lib_a-errno.o)
 .bss           0x00000000        0x0 c:/works/programs/psoc_creator/psoc creator/3.2/psoc_creator/import/gnu/arm/4.8.4/bin/../lib/gcc/arm-none-eabi/4.8.4/../../../../arm-none-eabi/lib/armv6-m\libg_s.a(lib_a-errno.o)
 .text.__errno  0x00000000        0xc c:/works/programs/psoc_creator/psoc creator/3.2/psoc_creator/import/gnu/arm/4.8.4/bin/../lib/gcc/arm-none-eabi/4.8.4/../../../../arm-none-eabi/lib/armv6-m\libg_s.a(lib_a-errno.o)
 .text          0x00000000        0x0 c:/works/programs/psoc_creator/psoc creator/3.2/psoc_creator/import/gnu/arm/4.8.4/bin/../lib/gcc/arm-none-eabi/4.8.4/../../../../arm-none-eabi/lib/armv6-m\libg_s.a(lib_a-exit.o)
 .data          0x00000000        0x0 c:/works/programs/psoc_creator/psoc creator/3.2/psoc_creator/import/gnu/arm/4.8.4/bin/../lib/gcc/arm-none-eabi/4.8.4/../../../../arm-none-eabi/lib/armv6-m\libg_s.a(lib_a-exit.o)
 .bss           0x00000000        0x0 c:/works/programs/psoc_creator/psoc creator/3.2/psoc_creator/import/gnu/arm/4.8.4/bin/../lib/gcc/arm-none-eabi/4.8.4/../../../../arm-none-eabi/lib/armv6-m\libg_s.a(lib_a-exit.o)
 .text.exit     0x00000000       0x2c c:/works/programs/psoc_creator/psoc creator/3.2/psoc_creator/import/gnu/arm/4.8.4/bin/../lib/gcc/arm-none-eabi/4.8.4/../../../../arm-none-eabi/lib/armv6-m\libg_s.a(lib_a-exit.o)
 .text          0x00000000        0x0 c:/works/programs/psoc_creator/psoc creator/3.2/psoc_creator/import/gnu/arm/4.8.4/bin/../lib/gcc/arm-none-eabi/4.8.4/../../../../arm-none-eabi/lib/armv6-m\libg_s.a(lib_a-impure.o)
 .data          0x00000000        0x0 c:/works/programs/psoc_creator/psoc creator/3.2/psoc_creator/import/gnu/arm/4.8.4/bin/../lib/gcc/arm-none-eabi/4.8.4/../../../../arm-none-eabi/lib/armv6-m\libg_s.a(lib_a-impure.o)
 .bss           0x00000000        0x0 c:/works/programs/psoc_creator/psoc creator/3.2/psoc_creator/import/gnu/arm/4.8.4/bin/../lib/gcc/arm-none-eabi/4.8.4/../../../../arm-none-eabi/lib/armv6-m\libg_s.a(lib_a-impure.o)
 .data.impure_data
                0x00000000       0x60 c:/works/programs/psoc_creator/psoc creator/3.2/psoc_creator/import/gnu/arm/4.8.4/bin/../lib/gcc/arm-none-eabi/4.8.4/../../../../arm-none-eabi/lib/armv6-m\libg_s.a(lib_a-impure.o)
 .data._impure_ptr
                0x00000000        0x4 c:/works/programs/psoc_creator/psoc creator/3.2/psoc_creator/import/gnu/arm/4.8.4/bin/../lib/gcc/arm-none-eabi/4.8.4/../../../../arm-none-eabi/lib/armv6-m\libg_s.a(lib_a-impure.o)
 .rodata.str1.1
                0x00000000        0x2 c:/works/programs/psoc_creator/psoc creator/3.2/psoc_creator/import/gnu/arm/4.8.4/bin/../lib/gcc/arm-none-eabi/4.8.4/../../../../arm-none-eabi/lib/armv6-m\libg_s.a(lib_a-impure.o)
 .rodata._global_impure_ptr
                0x00000000        0x4 c:/works/programs/psoc_creator/psoc creator/3.2/psoc_creator/import/gnu/arm/4.8.4/bin/../lib/gcc/arm-none-eabi/4.8.4/../../../../arm-none-eabi/lib/armv6-m\libg_s.a(lib_a-impure.o)
 .text          0x00000000        0x0 c:/works/programs/psoc_creator/psoc creator/3.2/psoc_creator/import/gnu/arm/4.8.4/bin/../lib/gcc/arm-none-eabi/4.8.4/../../../../arm-none-eabi/lib/armv6-m\libg_s.a(lib_a-init.o)
 .data          0x00000000        0x0 c:/works/programs/psoc_creator/psoc creator/3.2/psoc_creator/import/gnu/arm/4.8.4/bin/../lib/gcc/arm-none-eabi/4.8.4/../../../../arm-none-eabi/lib/armv6-m\libg_s.a(lib_a-init.o)
 .bss           0x00000000        0x0 c:/works/programs/psoc_creator/psoc creator/3.2/psoc_creator/import/gnu/arm/4.8.4/bin/../lib/gcc/arm-none-eabi/4.8.4/../../../../arm-none-eabi/lib/armv6-m\libg_s.a(lib_a-init.o)
 .text          0x00000000        0x0 c:/works/programs/psoc_creator/psoc creator/3.2/psoc_creator/import/gnu/arm/4.8.4/bin/../lib/gcc/arm-none-eabi/4.8.4/../../../../arm-none-eabi/lib/armv6-m\libg_s.a(lib_a-memset.o)
 .data          0x00000000        0x0 c:/works/programs/psoc_creator/psoc creator/3.2/psoc_creator/import/gnu/arm/4.8.4/bin/../lib/gcc/arm-none-eabi/4.8.4/../../../../arm-none-eabi/lib/armv6-m\libg_s.a(lib_a-memset.o)
 .bss           0x00000000        0x0 c:/works/programs/psoc_creator/psoc creator/3.2/psoc_creator/import/gnu/arm/4.8.4/bin/../lib/gcc/arm-none-eabi/4.8.4/../../../../arm-none-eabi/lib/armv6-m\libg_s.a(lib_a-memset.o)
 .text          0x00000000        0x0 c:/works/programs/psoc_creator/psoc creator/3.2/psoc_creator/import/gnu/arm/4.8.4/bin/../lib/gcc/arm-none-eabi/4.8.4/armv6-m/crtend.o
 .data          0x00000000        0x0 c:/works/programs/psoc_creator/psoc creator/3.2/psoc_creator/import/gnu/arm/4.8.4/bin/../lib/gcc/arm-none-eabi/4.8.4/armv6-m/crtend.o
 .bss           0x00000000        0x0 c:/works/programs/psoc_creator/psoc creator/3.2/psoc_creator/import/gnu/arm/4.8.4/bin/../lib/gcc/arm-none-eabi/4.8.4/armv6-m/crtend.o
 .text          0x00000000        0x0 c:/works/programs/psoc_creator/psoc creator/3.2/psoc_creator/import/gnu/arm/4.8.4/bin/../lib/gcc/arm-none-eabi/4.8.4/armv6-m/crtn.o
 .data          0x00000000        0x0 c:/works/programs/psoc_creator/psoc creator/3.2/psoc_creator/import/gnu/arm/4.8.4/bin/../lib/gcc/arm-none-eabi/4.8.4/armv6-m/crtn.o
 .bss           0x00000000        0x0 c:/works/programs/psoc_creator/psoc creator/3.2/psoc_creator/import/gnu/arm/4.8.4/bin/../lib/gcc/arm-none-eabi/4.8.4/armv6-m/crtn.o

Memory Configuration

Name             Origin             Length             Attributes
rom              0x00000000         0x00008000         xr
ram              0x20000000         0x00001000         xrw
*default*        0x00000000         0xffffffff

Linker script and memory map

LOAD c:/works/programs/psoc_creator/psoc creator/3.2/psoc_creator/import/gnu/arm/4.8.4/bin/../lib/gcc/arm-none-eabi/4.8.4/armv6-m/crti.o
LOAD c:/works/programs/psoc_creator/psoc creator/3.2/psoc_creator/import/gnu/arm/4.8.4/bin/../lib/gcc/arm-none-eabi/4.8.4/armv6-m/crtbegin.o
LOAD c:/works/programs/psoc_creator/psoc creator/3.2/psoc_creator/import/gnu/arm/4.8.4/bin/../lib/gcc/arm-none-eabi/4.8.4/../../../../arm-none-eabi/lib/armv6-m/crt0.o
START GROUP
LOAD .\CortexM0\ARM_GCC_484\Debug\main.o
LOAD .\CortexM0\ARM_GCC_484\Debug\cymetadata.o
LOAD .\CortexM0\ARM_GCC_484\Debug\Cm0Start.o
LOAD .\CortexM0\ARM_GCC_484\Debug\cybootloader.o
LOAD .\CortexM0\ARM_GCC_484\Debug\test_01.a
LOAD C:\WORKS\Programs\PSoC_Creator\PSoC Creator\3.2\PSoC_Creator\psoc\content\cycomponentlibrary\CyComponentLibrary.cylib\CapSense_CSD_P4_v2_20\PSoC4\Library\CapsenseP4Library_GCC.a
LOAD C:\WORKS\Programs\PSoC_Creator\PSoC Creator\3.2\PSoC_Creator\psoc\content\cycomponentlibrary\CyComponentLibrary.cylib\CortexM0\ARM_GCC_484\Debug\CyComponentLibrary.a
END GROUP
START GROUP
LOAD c:/works/programs/psoc_creator/psoc creator/3.2/psoc_creator/import/gnu/arm/4.8.4/bin/../lib/gcc/arm-none-eabi/4.8.4/armv6-m\libgcc.a
LOAD c:/works/programs/psoc_creator/psoc creator/3.2/psoc_creator/import/gnu/arm/4.8.4/bin/../lib/gcc/arm-none-eabi/4.8.4/../../../../arm-none-eabi/lib/armv6-m\libg_s.a
LOAD c:/works/programs/psoc_creator/psoc creator/3.2/psoc_creator/import/gnu/arm/4.8.4/bin/../lib/gcc/arm-none-eabi/4.8.4/../../../../arm-none-eabi/lib/armv6-m\libc_s.a
END GROUP
START GROUP
LOAD c:/works/programs/psoc_creator/psoc creator/3.2/psoc_creator/import/gnu/arm/4.8.4/bin/../lib/gcc/arm-none-eabi/4.8.4/armv6-m\libgcc.a
LOAD c:/works/programs/psoc_creator/psoc creator/3.2/psoc_creator/import/gnu/arm/4.8.4/bin/../lib/gcc/arm-none-eabi/4.8.4/../../../../arm-none-eabi/lib/armv6-m\libc_s.a
END GROUP
LOAD c:/works/programs/psoc_creator/psoc creator/3.2/psoc_creator/import/gnu/arm/4.8.4/bin/../lib/gcc/arm-none-eabi/4.8.4/armv6-m/crtend.o
LOAD c:/works/programs/psoc_creator/psoc creator/3.2/psoc_creator/import/gnu/arm/4.8.4/bin/../lib/gcc/arm-none-eabi/4.8.4/armv6-m/crtn.o
START GROUP
LOAD c:/works/programs/psoc_creator/psoc creator/3.2/psoc_creator/import/gnu/arm/4.8.4/bin/../lib/gcc/arm-none-eabi/4.8.4/armv6-m\libgcc.a
LOAD c:/works/programs/psoc_creator/psoc creator/3.2/psoc_creator/import/gnu/arm/4.8.4/bin/../lib/gcc/arm-none-eabi/4.8.4/../../../../arm-none-eabi/lib/armv6-m\libc.a
LOAD c:/works/programs/psoc_creator/psoc creator/3.2/psoc_creator/import/gnu/arm/4.8.4/bin/../lib/gcc/arm-none-eabi/4.8.4/../../../../arm-none-eabi/lib/armv6-m\libnosys.a
END GROUP
                0x00000000                CY_APPL_ORIGIN = 0x0
                0x00000080                CY_FLASH_ROW_SIZE = 0x80
                0x00000001                CY_APPL_NUM = 0x1
                0x00000040                CY_METADATA_SIZE = 0x40
                0x20000120                PROVIDE (__cy_heap_start, _end)
                0x00000001                PROVIDE (__cy_region_num, ((__cy_regions_end - __cy_regions) / 0x10))
                0x20001000                PROVIDE (__cy_stack, (ORIGIN (ram) + 0x1000))
                0x20000c00                PROVIDE (__cy_heap_end, (__cy_stack - 0x400))

.cybootloader   0x00000000      0xf00
 *(.cybootloader)
 .cybootloader  0x00000000      0xf00 .\CortexM0\ARM_GCC_484\Debug\cybootloader.o
                0x00000000                cy_bootloader
                0x00000f00                appl1_start = CY_APPL_ORIGIN?CY_APPL_ORIGIN:ALIGN (CY_FLASH_ROW_SIZE)
                0x00004700                appl2_start = (appl1_start + ALIGN ((((0x8000 - appl1_start) - (0x2 * CY_FLASH_ROW_SIZE)) / 0x2), CY_FLASH_ROW_SIZE))
                0x00000f00                appl_start = (CY_APPL_NUM == 0x1)?appl1_start:appl2_start

.text           0x00000f00      0x82c
 CREATE_OBJECT_SYMBOLS
                0x00000f00                PROVIDE (__cy_interrupt_vector, RomVectors)
 *(.romvectors)
 .romvectors    0x00000f00       0x10 .\CortexM0\ARM_GCC_484\Debug\Cm0Start.o
                0x00000f00                RomVectors
                0x00000001                ASSERT ((. != __cy_interrupt_vector), No interrupt vector)
                0x00000001                ASSERT (CY_APPL_ORIGIN?(SIZEOF (.cybootloader) <= CY_APPL_ORIGIN):0x1, Wrong image location)
                0x00000f10                PROVIDE (__cy_reset, Reset)
 *(.text.Reset)
 .text.Reset    0x00000f10       0x10 .\CortexM0\ARM_GCC_484\Debug\Cm0Start.o
                0x00000f10                Reset
                0x00000001                ASSERT ((. != __cy_reset), No reset code)
 *(.psocinit)
 .psocinit      0x00000f20      0x2c8 .\CortexM0\ARM_GCC_484\Debug\test_01.a(cyfitter_cfg.o)
                0x00001020                cyfitter_cfg
                0x000011e8                . = MAX (., 0x100)
 *(.text .text.* .gnu.linkonce.t.*)
 .text          0x000011e8       0x60 c:/works/programs/psoc_creator/psoc creator/3.2/psoc_creator/import/gnu/arm/4.8.4/bin/../lib/gcc/arm-none-eabi/4.8.4/armv6-m/crtbegin.o
 .text.main     0x00001248        0x4 .\CortexM0\ARM_GCC_484\Debug\main.o
                0x00001248                main
 .text.IntDefaultHandler
                0x0000124c        0x4 .\CortexM0\ARM_GCC_484\Debug\Cm0Start.o
                0x0000124c                IntDefaultHandler
 .text.Start_c  0x00001250       0x48 .\CortexM0\ARM_GCC_484\Debug\Cm0Start.o
                0x00001250                Start_c
 .text.initialize_psoc
                0x00001298       0x5c .\CortexM0\ARM_GCC_484\Debug\Cm0Start.o
                0x00001298                initialize_psoc
 .text.cfg_write_bytes32
                0x000012f4       0x38 .\CortexM0\ARM_GCC_484\Debug\test_01.a(cyfitter_cfg.o)
 .text.CYMEMZERO
                0x0000132c        0xc .\CortexM0\ARM_GCC_484\Debug\test_01.a(cyfitter_cfg.o)
 .text.SetAnalogRoutingPumps
                0x00001338       0x20 .\CortexM0\ARM_GCC_484\Debug\test_01.a(cyfitter_cfg.o)
                0x00001338                SetAnalogRoutingPumps
 .text.AnalogSetDefault
                0x00001358       0x4c .\CortexM0\ARM_GCC_484\Debug\test_01.a(cyfitter_cfg.o)
 .text.CyIntEnable
                0x000013a4       0x14 .\CortexM0\ARM_GCC_484\Debug\test_01.a(CyLib.o)
                0x000013a4                CyIntEnable
 .text.CyHalt   0x000013b8        0x4 .\CortexM0\ARM_GCC_484\Debug\test_01.a(CyLib.o)
                0x000013b8                CyHalt
 .text.CyIntSetVector
                0x000013bc       0x20 .\CortexM0\ARM_GCC_484\Debug\test_01.a(CyLib.o)
                0x000013bc                CyIntSetVector
 .text.CyDelayUs
                0x000013dc       0x14 .\CortexM0\ARM_GCC_484\Debug\test_01.a(CyLib.o)
                0x000013dc                CyDelayUs
 .text.CySysClkWriteImoFreq
                0x000013f0      0x164 .\CortexM0\ARM_GCC_484\Debug\test_01.a(CyLib.o)
                0x000013f0                CySysClkWriteImoFreq
 .text.CySysWdtLocked
                0x00001554       0x18 .\CortexM0\ARM_GCC_484\Debug\test_01.a(CyLFClk.o)
 .text.CySysWdtLock
                0x0000156c       0x1c .\CortexM0\ARM_GCC_484\Debug\test_01.a(CyLFClk.o)
                0x0000156c                CySysWdtLock
 .text.CySysWdtUnlock
                0x00001588       0x30 .\CortexM0\ARM_GCC_484\Debug\test_01.a(CyLFClk.o)
                0x00001588                CySysWdtUnlock
 .text.CySysWdtClearInterrupt
                0x000015b8       0x4c .\CortexM0\ARM_GCC_484\Debug\test_01.a(CyLFClk.o)
                0x000015b8                CySysWdtClearInterrupt
 .text.CySysWdtIsr
                0x00001604       0xa4 .\CortexM0\ARM_GCC_484\Debug\test_01.a(CyLFClk.o)
                0x00001604                CySysWdtIsr
 .text          0x000016a8       0x28 .\CortexM0\ARM_GCC_484\Debug\test_01.a(CyBootAsmGnu.o)
                0x000016a8                CyDelayCycles
                0x000016bc                CyEnterCriticalSection
                0x000016c4                CyExitCriticalSection
 .text.__libc_init_array
                0x000016d0       0x4c c:/works/programs/psoc_creator/psoc creator/3.2/psoc_creator/import/gnu/arm/4.8.4/bin/../lib/gcc/arm-none-eabi/4.8.4/../../../../arm-none-eabi/lib/armv6-m\libg_s.a(lib_a-init.o)
                0x000016d0                __libc_init_array
 .text.memset   0x0000171c       0x10 c:/works/programs/psoc_creator/psoc creator/3.2/psoc_creator/import/gnu/arm/4.8.4/bin/../lib/gcc/arm-none-eabi/4.8.4/../../../../arm-none-eabi/lib/armv6-m\libg_s.a(lib_a-memset.o)
                0x0000171c                memset
 *(.plt)
 *(.gnu.warning)
 *(.glue_7t)
 .glue_7t       0x00000000        0x0 linker stubs
 *(.glue_7)
 .glue_7        0x00000000        0x0 linker stubs
 *(.vfp11_veneer)
 .vfp11_veneer  0x00000000        0x0 linker stubs
 *(.bootloader)
 *(.ARM.extab* .gnu.linkonce.armextab.*)
 *(.gcc_except_table)

.v4_bx          0x0000172c        0x0
 .v4_bx         0x00000000        0x0 linker stubs

.iplt           0x0000172c        0x0
 .iplt          0x00000000        0x0 c:/works/programs/psoc_creator/psoc creator/3.2/psoc_creator/import/gnu/arm/4.8.4/bin/../lib/gcc/arm-none-eabi/4.8.4/armv6-m/crtbegin.o

.eh_frame_hdr
 *(.eh_frame_hdr)

.eh_frame       0x0000172c        0x4
 *(.eh_frame)
 .eh_frame      0x0000172c        0x0 c:/works/programs/psoc_creator/psoc creator/3.2/psoc_creator/import/gnu/arm/4.8.4/bin/../lib/gcc/arm-none-eabi/4.8.4/armv6-m/crtbegin.o
 .eh_frame      0x0000172c        0x4 c:/works/programs/psoc_creator/psoc creator/3.2/psoc_creator/import/gnu/arm/4.8.4/bin/../lib/gcc/arm-none-eabi/4.8.4/armv6-m/crtend.o
                0x00001730                PROVIDE (__exidx_start, .)

.ARM.exidx
 *(.ARM.exidx* .gnu.linkonce.armexidx.*)
                0x00001730                __exidx_end = .

.rodata         0x00001730       0xf0
 *(.rodata .rodata.* .gnu.linkonce.r.*)
 .rodata        0x00001730       0x88 .\CortexM0\ARM_GCC_484\Debug\test_01.a(cyfitter_cfg.o)
 .rodata        0x000017b8       0x30 .\CortexM0\ARM_GCC_484\Debug\test_01.a(CyLib.o)
                0x000017b8                cyImoFreqMhz2Reg
                0x000017e8                . = ALIGN (0x4)
 *(.init)
 .init          0x000017e8        0x4 c:/works/programs/psoc_creator/psoc creator/3.2/psoc_creator/import/gnu/arm/4.8.4/bin/../lib/gcc/arm-none-eabi/4.8.4/armv6-m/crti.o
                0x000017e8                _init
 .init          0x000017ec        0x8 c:/works/programs/psoc_creator/psoc creator/3.2/psoc_creator/import/gnu/arm/4.8.4/bin/../lib/gcc/arm-none-eabi/4.8.4/armv6-m/crtn.o
                0x000017f4                . = ALIGN (0x4)
                0x000017f4                __preinit_array_start = .
 *(.preinit_array)
                0x000017f4                __preinit_array_end = .
                0x000017f4                . = ALIGN (0x4)
                0x000017f4                __init_array_start = .
 *(SORT(.init_array.*))
 *(.init_array)
 .init_array    0x000017f4        0x4 c:/works/programs/psoc_creator/psoc creator/3.2/psoc_creator/import/gnu/arm/4.8.4/bin/../lib/gcc/arm-none-eabi/4.8.4/armv6-m/crtbegin.o
 .init_array    0x000017f8        0x4 .\CortexM0\ARM_GCC_484\Debug\Cm0Start.o
                0x000017fc                __init_array_end = .
                0x000017fc                . = ALIGN (0x4)
 *(.fini)
 .fini          0x000017fc        0x4 c:/works/programs/psoc_creator/psoc creator/3.2/psoc_creator/import/gnu/arm/4.8.4/bin/../lib/gcc/arm-none-eabi/4.8.4/armv6-m/crti.o
                0x000017fc                _fini
 .fini          0x00001800        0x8 c:/works/programs/psoc_creator/psoc creator/3.2/psoc_creator/import/gnu/arm/4.8.4/bin/../lib/gcc/arm-none-eabi/4.8.4/armv6-m/crtn.o
                0x00001808                . = ALIGN (0x4)
                0x00001808                __fini_array_start = .
 *(.fini_array)
 .fini_array    0x00001808        0x4 c:/works/programs/psoc_creator/psoc creator/3.2/psoc_creator/import/gnu/arm/4.8.4/bin/../lib/gcc/arm-none-eabi/4.8.4/armv6-m/crtbegin.o
 *(SORT(.fini_array.*))
                0x0000180c                __fini_array_end = .
                0x0000180c                . = ALIGN (0x4)
 *crtbegin.o(.ctors)
 *(EXCLUDE_FILE(*crtend.o) .ctors)
 *(SORT(.ctors.*))
 *crtend.o(.ctors)
                0x0000180c                . = ALIGN (0x4)
 *crtbegin.o(.dtors)
 *(EXCLUDE_FILE(*crtend.o) .dtors)
 *(SORT(.dtors.*))
 *crtend.o(.dtors)
                0x0000180c                . = ALIGN (0x4)
                0x0000180c                __cy_regions = .
                0x0000180c        0x4 LONG 0x1820 __cy_region_init_ram
                0x00001810        0x4 LONG 0x200000d0 __cy_region_start_data
                0x00001814        0x4 LONG 0x18 __cy_region_init_size_ram
                0x00001818        0x4 LONG 0x38 __cy_region_zero_size_ram
                0x0000181c                __cy_regions_end = .
                0x00001820                . = ALIGN (0x8)
 *fill*         0x0000181c        0x4 
                0x00001820                _etext = .

.ramvectors     0x20000000       0xc0
                0x20000000                __cy_region_start_ram = .
 *(.ramvectors)
 .ramvectors    0x20000000       0xc0 .\CortexM0\ARM_GCC_484\Debug\Cm0Start.o
                0x20000000                CyRamVectors

.btldr_run      0x200000c0        0x4
 *(.bootloaderruntype)
 .bootloaderruntype
                0x200000c0        0x4 .\CortexM0\ARM_GCC_484\Debug\Cm0Start.o
                0x200000c0                cyBtldrRunType

.noinit         0x200000c8        0x4
 *(.noinit)
 .noinit        0x200000c8        0x4 .\CortexM0\ARM_GCC_484\Debug\Cm0Start.o

.data           0x200000d0       0x18 load address 0x00001820
                0x200000d0                __cy_region_start_data = .
 *(.jcr)
 .jcr           0x200000d0        0x0 c:/works/programs/psoc_creator/psoc creator/3.2/psoc_creator/import/gnu/arm/4.8.4/bin/../lib/gcc/arm-none-eabi/4.8.4/armv6-m/crtbegin.o
 .jcr           0x200000d0        0x4 c:/works/programs/psoc_creator/psoc creator/3.2/psoc_creator/import/gnu/arm/4.8.4/bin/../lib/gcc/arm-none-eabi/4.8.4/armv6-m/crtend.o
 *(.got.plt)
 *(.got)
 *(.shdata)
 *(.data .data.* .gnu.linkonce.d.*)
 .data          0x200000d4       0x10 .\CortexM0\ARM_GCC_484\Debug\test_01.a(CyLib.o)
                0x200000d4                cydelay32kMs
                0x200000d8                cydelayFreqKhz
                0x200000dc                cydelayFreqMhz
                0x200000e0                cydelayFreqHz
 .data          0x200000e4        0x4 .\CortexM0\ARM_GCC_484\Debug\test_01.a(CyLFClk.o)
                0x200000e8                . = ALIGN (0x8)
 *(.ram)
                0x200000e8                _edata = .

.igot.plt       0x200000e8        0x0 load address 0x00001838
 .igot.plt      0x00000000        0x0 c:/works/programs/psoc_creator/psoc creator/3.2/psoc_creator/import/gnu/arm/4.8.4/bin/../lib/gcc/arm-none-eabi/4.8.4/armv6-m/crtbegin.o

.bss            0x200000e8       0x38 load address 0x00001838
                0x200000e8                PROVIDE (__bss_start__, .)
 *(.shbss)
 *(.bss .bss.* .gnu.linkonce.b.*)
 .bss           0x200000e8       0x1c c:/works/programs/psoc_creator/psoc creator/3.2/psoc_creator/import/gnu/arm/4.8.4/bin/../lib/gcc/arm-none-eabi/4.8.4/armv6-m/crtbegin.o
 .bss           0x20000104       0x1c .\CortexM0\ARM_GCC_484\Debug\test_01.a(CyLFClk.o)
 *(COMMON)
                0x20000120                . = ALIGN (0x8)
 *(.ram.b)
                0x20000120                _end = .
                0x20000120                __end = .
                0x20000120                PROVIDE (end, .)
                0x20000120                PROVIDE (__bss_end__, .)
                0x00001820                __cy_region_init_ram = LOADADDR (.data)
                0x00000018                __cy_region_init_size_ram = (_edata - ADDR (.data))
                0x00000038                __cy_region_zero_size_ram = (_end - _edata)

.heap           0x20000120       0x80 load address 0x00001838
                0x20000120                . = _end
                0x200001a0                . = (. + 0x80)
 *fill*         0x20000120       0x80 
                0x200001a0                __cy_heap_limit = .

.stack          0x20000c00      0x400
                0x20000c00                __cy_stack_limit = .
                0x20001000                . = (. + 0x400)
 *fill*         0x20000c00      0x400 
                0x00000001                ASSERT ((__cy_stack_limit >= __cy_heap_limit), region RAM overflowed with stack)

.cyloadermeta   0xf0000000       0x40
 *(.cyloadermeta)
 .cyloadermeta  0xf0000000       0x40 .\CortexM0\ARM_GCC_484\Debug\cybootloader.o
                0xf0000000                cy_meta_loader

.cyloadablemeta
                0x00007fc0       0x40
 *(.cyloadablemeta)
 .cyloadablemeta
                0x00007fc0       0x40 .\CortexM0\ARM_GCC_484\Debug\cymetadata.o
                0x00007fc0                cy_meta_loadable

.cyflashprotect
                0x90400000       0x20
 *(.cyflashprotect)
 .cyflashprotect
                0x90400000       0x20 .\CortexM0\ARM_GCC_484\Debug\cybootloader.o
                0x90400000                cy_meta_flashprotect

.cymeta         0x90500000        0xc
 *(.cymeta)
 .cymeta        0x90500000        0xc .\CortexM0\ARM_GCC_484\Debug\cybootloader.o
                0x90500000                cy_metadata

.cychipprotect  0x90600000        0x4
 *(.cychipprotect)
 .cychipprotect
                0x90600000        0x4 .\CortexM0\ARM_GCC_484\Debug\cybootloader.o
                0x90600000                cy_meta_chipprotect

.rel.dyn        0x00008000        0x0 load address 0x90600004
 .rel.iplt      0x00000000        0x0 c:/works/programs/psoc_creator/psoc creator/3.2/psoc_creator/import/gnu/arm/4.8.4/bin/../lib/gcc/arm-none-eabi/4.8.4/armv6-m/crtbegin.o

.stab
 *(.stab)

.stabstr
 *(.stabstr)

.debug
 *(.debug)

.line
 *(.line)

.debug_srcinfo
 *(.debug_srcinfo)

.debug_sfnames
 *(.debug_sfnames)

.debug_aranges  0x00000000      0x390
 *(.debug_aranges)
 .debug_aranges
                0x00000000       0x20 .\CortexM0\ARM_GCC_484\Debug\main.o
 .debug_aranges
                0x00000020       0x18 .\CortexM0\ARM_GCC_484\Debug\cymetadata.o
 .debug_aranges
                0x00000038       0x48 .\CortexM0\ARM_GCC_484\Debug\Cm0Start.o
 .debug_aranges
                0x00000080       0x18 .\CortexM0\ARM_GCC_484\Debug\cybootloader.o
 .debug_aranges
                0x00000098       0x48 .\CortexM0\ARM_GCC_484\Debug\test_01.a(cyfitter_cfg.o)
 .debug_aranges
                0x000000e0      0x170 .\CortexM0\ARM_GCC_484\Debug\test_01.a(CyLib.o)
 .debug_aranges
                0x00000250      0x120 .\CortexM0\ARM_GCC_484\Debug\test_01.a(CyLFClk.o)
 .debug_aranges
                0x00000370       0x20 .\CortexM0\ARM_GCC_484\Debug\test_01.a(CyBootAsmGnu.o)

.debug_pubnames
 *(.debug_pubnames)

.debug_info     0x00000000     0x2155
 *(.debug_info .gnu.linkonce.wi.*)
 .debug_info    0x00000000       0x9d .\CortexM0\ARM_GCC_484\Debug\main.o
 .debug_info    0x0000009d       0xb1 .\CortexM0\ARM_GCC_484\Debug\cymetadata.o
 .debug_info    0x0000014e      0x397 .\CortexM0\ARM_GCC_484\Debug\Cm0Start.o
 .debug_info    0x000004e5      0x14d .\CortexM0\ARM_GCC_484\Debug\cybootloader.o
 .debug_info    0x00000632      0x410 .\CortexM0\ARM_GCC_484\Debug\test_01.a(cyfitter_cfg.o)
 .debug_info    0x00000a42      0xa5f .\CortexM0\ARM_GCC_484\Debug\test_01.a(CyLib.o)
 .debug_info    0x000014a1      0xc42 .\CortexM0\ARM_GCC_484\Debug\test_01.a(CyLFClk.o)
 .debug_info    0x000020e3       0x72 .\CortexM0\ARM_GCC_484\Debug\test_01.a(CyBootAsmGnu.o)

.debug_abbrev   0x00000000      0x97c
 *(.debug_abbrev)
 .debug_abbrev  0x00000000       0x42 .\CortexM0\ARM_GCC_484\Debug\main.o
 .debug_abbrev  0x00000042       0x5d .\CortexM0\ARM_GCC_484\Debug\cymetadata.o
 .debug_abbrev  0x0000009f      0x20d .\CortexM0\ARM_GCC_484\Debug\Cm0Start.o
 .debug_abbrev  0x000002ac       0x77 .\CortexM0\ARM_GCC_484\Debug\cybootloader.o
 .debug_abbrev  0x00000323      0x212 .\CortexM0\ARM_GCC_484\Debug\test_01.a(cyfitter_cfg.o)
 .debug_abbrev  0x00000535      0x20d .\CortexM0\ARM_GCC_484\Debug\test_01.a(CyLib.o)
 .debug_abbrev  0x00000742      0x226 .\CortexM0\ARM_GCC_484\Debug\test_01.a(CyLFClk.o)
 .debug_abbrev  0x00000968       0x14 .\CortexM0\ARM_GCC_484\Debug\test_01.a(CyBootAsmGnu.o)

.debug_line     0x00000000      0xd61
 *(.debug_line)
 .debug_line    0x00000000       0x39 .\CortexM0\ARM_GCC_484\Debug\main.o
 .debug_line    0x00000039       0x53 .\CortexM0\ARM_GCC_484\Debug\cymetadata.o
 .debug_line    0x0000008c      0x231 .\CortexM0\ARM_GCC_484\Debug\Cm0Start.o
 .debug_line    0x000002bd       0x55 .\CortexM0\ARM_GCC_484\Debug\cybootloader.o
 .debug_line    0x00000312      0x1bd .\CortexM0\ARM_GCC_484\Debug\test_01.a(cyfitter_cfg.o)
 .debug_line    0x000004cf      0x42f .\CortexM0\ARM_GCC_484\Debug\test_01.a(CyLib.o)
 .debug_line    0x000008fe      0x3fa .\CortexM0\ARM_GCC_484\Debug\test_01.a(CyLFClk.o)
 .debug_line    0x00000cf8       0x69 .\CortexM0\ARM_GCC_484\Debug\test_01.a(CyBootAsmGnu.o)

.debug_frame    0x00000000      0x970
 *(.debug_frame)
 .debug_frame   0x00000000       0x20 .\CortexM0\ARM_GCC_484\Debug\main.o
 .debug_frame   0x00000020       0xbc .\CortexM0\ARM_GCC_484\Debug\Cm0Start.o
 .debug_frame   0x000000dc       0xb8 .\CortexM0\ARM_GCC_484\Debug\test_01.a(cyfitter_cfg.o)
 .debug_frame   0x00000194      0x3bc .\CortexM0\ARM_GCC_484\Debug\test_01.a(CyLib.o)
 .debug_frame   0x00000550      0x36c .\CortexM0\ARM_GCC_484\Debug\test_01.a(CyLFClk.o)
 .debug_frame   0x000008bc       0x20 c:/works/programs/psoc_creator/psoc creator/3.2/psoc_creator/import/gnu/arm/4.8.4/bin/../lib/gcc/arm-none-eabi/4.8.4/armv6-m\libgcc.a(_udivsi3.o)
 .debug_frame   0x000008dc       0x20 c:/works/programs/psoc_creator/psoc creator/3.2/psoc_creator/import/gnu/arm/4.8.4/bin/../lib/gcc/arm-none-eabi/4.8.4/../../../../arm-none-eabi/lib/armv6-m\libg_s.a(lib_a-errno.o)
 .debug_frame   0x000008fc       0x28 c:/works/programs/psoc_creator/psoc creator/3.2/psoc_creator/import/gnu/arm/4.8.4/bin/../lib/gcc/arm-none-eabi/4.8.4/../../../../arm-none-eabi/lib/armv6-m\libg_s.a(lib_a-exit.o)
 .debug_frame   0x00000924       0x2c c:/works/programs/psoc_creator/psoc creator/3.2/psoc_creator/import/gnu/arm/4.8.4/bin/../lib/gcc/arm-none-eabi/4.8.4/../../../../arm-none-eabi/lib/armv6-m\libg_s.a(lib_a-init.o)
 .debug_frame   0x00000950       0x20 c:/works/programs/psoc_creator/psoc creator/3.2/psoc_creator/import/gnu/arm/4.8.4/bin/../lib/gcc/arm-none-eabi/4.8.4/../../../../arm-none-eabi/lib/armv6-m\libg_s.a(lib_a-memset.o)

.debug_str      0x00000000      0xd47
 *(.debug_str)
 .debug_str     0x00000000      0x112 .\CortexM0\ARM_GCC_484\Debug\main.o
                                0x14b (size before relaxing)
 .debug_str     0x00000112       0x3d .\CortexM0\ARM_GCC_484\Debug\cymetadata.o
                                0x17a (size before relaxing)
 .debug_str     0x0000014f      0x179 .\CortexM0\ARM_GCC_484\Debug\Cm0Start.o
                                0x2d4 (size before relaxing)
 .debug_str     0x000002c8       0x7a .\CortexM0\ARM_GCC_484\Debug\cybootloader.o
                                0x1bd (size before relaxing)
 .debug_str     0x00000342      0x134 .\CortexM0\ARM_GCC_484\Debug\test_01.a(cyfitter_cfg.o)
                                0x2ce (size before relaxing)
 .debug_str     0x00000476      0x464 .\CortexM0\ARM_GCC_484\Debug\test_01.a(CyLib.o)
                                0x619 (size before relaxing)
 .debug_str     0x000008da      0x46d .\CortexM0\ARM_GCC_484\Debug\test_01.a(CyLFClk.o)
                                0x623 (size before relaxing)

.debug_loc      0x00000000     0x109a
 *(.debug_loc)
 .debug_loc     0x00000000      0x144 .\CortexM0\ARM_GCC_484\Debug\Cm0Start.o
 .debug_loc     0x00000144      0x180 .\CortexM0\ARM_GCC_484\Debug\test_01.a(cyfitter_cfg.o)
 .debug_loc     0x000002c4      0x5f7 .\CortexM0\ARM_GCC_484\Debug\test_01.a(CyLib.o)
 .debug_loc     0x000008bb      0x7df .\CortexM0\ARM_GCC_484\Debug\test_01.a(CyLFClk.o)

.debug_macinfo
 *(.debug_macinfo)

.debug_ranges   0x00000000      0x338
 *(.debug_ranges)
 .debug_ranges  0x00000000       0x10 .\CortexM0\ARM_GCC_484\Debug\main.o
 .debug_ranges  0x00000010       0x50 .\CortexM0\ARM_GCC_484\Debug\Cm0Start.o
 .debug_ranges  0x00000060       0x68 .\CortexM0\ARM_GCC_484\Debug\test_01.a(cyfitter_cfg.o)
 .debug_ranges  0x000000c8      0x160 .\CortexM0\ARM_GCC_484\Debug\test_01.a(CyLib.o)
 .debug_ranges  0x00000228      0x110 .\CortexM0\ARM_GCC_484\Debug\test_01.a(CyLFClk.o)

.comment        0x00000000       0x70
 .comment       0x00000000       0x70 .\CortexM0\ARM_GCC_484\Debug\main.o
                                 0x71 (size before relaxing)
 .comment       0x00000000       0x71 .\CortexM0\ARM_GCC_484\Debug\cymetadata.o
 .comment       0x00000000       0x71 .\CortexM0\ARM_GCC_484\Debug\Cm0Start.o
 .comment       0x00000000       0x71 .\CortexM0\ARM_GCC_484\Debug\cybootloader.o
 .comment       0x00000000       0x71 .\CortexM0\ARM_GCC_484\Debug\test_01.a(cyfitter_cfg.o)
 .comment       0x00000000       0x71 .\CortexM0\ARM_GCC_484\Debug\test_01.a(CyLib.o)
 .comment       0x00000000       0x71 .\CortexM0\ARM_GCC_484\Debug\test_01.a(CyLFClk.o)

.debug_weaknames
 *(.debug_weaknames)

.debug_funcnames
 *(.debug_funcnames)

.debug_typenames
 *(.debug_typenames)

.debug_varnames
 *(.debug_varnames)

.note.gnu.arm.ident
 *(.note.gnu.arm.ident)

.ARM.attributes
                0x00000000       0x28
 *(.ARM.attributes)
 .ARM.attributes
                0x00000000       0x1e c:/works/programs/psoc_creator/psoc creator/3.2/psoc_creator/import/gnu/arm/4.8.4/bin/../lib/gcc/arm-none-eabi/4.8.4/armv6-m/crti.o
 .ARM.attributes
                0x0000001e       0x2c c:/works/programs/psoc_creator/psoc creator/3.2/psoc_creator/import/gnu/arm/4.8.4/bin/../lib/gcc/arm-none-eabi/4.8.4/armv6-m/crtbegin.o
 .ARM.attributes
                0x0000004a       0x1b c:/works/programs/psoc_creator/psoc creator/3.2/psoc_creator/import/gnu/arm/4.8.4/bin/../lib/gcc/arm-none-eabi/4.8.4/../../../../arm-none-eabi/lib/armv6-m/crt0.o
 .ARM.attributes
                0x00000065       0x31 .\CortexM0\ARM_GCC_484\Debug\main.o
 .ARM.attributes
                0x00000096       0x31 .\CortexM0\ARM_GCC_484\Debug\cymetadata.o
 .ARM.attributes
                0x000000c7       0x31 .\CortexM0\ARM_GCC_484\Debug\Cm0Start.o
 .ARM.attributes
                0x000000f8       0x31 .\CortexM0\ARM_GCC_484\Debug\cybootloader.o
 .ARM.attributes
                0x00000129       0x31 .\CortexM0\ARM_GCC_484\Debug\test_01.a(cyfitter_cfg.o)
 .ARM.attributes
                0x0000015a       0x31 .\CortexM0\ARM_GCC_484\Debug\test_01.a(CyLib.o)
 .ARM.attributes
                0x0000018b       0x31 .\CortexM0\ARM_GCC_484\Debug\test_01.a(CyLFClk.o)
 .ARM.attributes
                0x000001bc       0x21 .\CortexM0\ARM_GCC_484\Debug\test_01.a(CyBootAsmGnu.o)
 .ARM.attributes
                0x000001dd       0x1e c:/works/programs/psoc_creator/psoc creator/3.2/psoc_creator/import/gnu/arm/4.8.4/bin/../lib/gcc/arm-none-eabi/4.8.4/armv6-m\libgcc.a(_udivsi3.o)
 .ARM.attributes
                0x000001fb       0x1e c:/works/programs/psoc_creator/psoc creator/3.2/psoc_creator/import/gnu/arm/4.8.4/bin/../lib/gcc/arm-none-eabi/4.8.4/armv6-m\libgcc.a(_dvmd_tls.o)
 .ARM.attributes
                0x00000219       0x2c c:/works/programs/psoc_creator/psoc creator/3.2/psoc_creator/import/gnu/arm/4.8.4/bin/../lib/gcc/arm-none-eabi/4.8.4/../../../../arm-none-eabi/lib/armv6-m\libg_s.a(lib_a-errno.o)
 .ARM.attributes
                0x00000245       0x2c c:/works/programs/psoc_creator/psoc creator/3.2/psoc_creator/import/gnu/arm/4.8.4/bin/../lib/gcc/arm-none-eabi/4.8.4/../../../../arm-none-eabi/lib/armv6-m\libg_s.a(lib_a-exit.o)
 .ARM.attributes
                0x00000271       0x2c c:/works/programs/psoc_creator/psoc creator/3.2/psoc_creator/import/gnu/arm/4.8.4/bin/../lib/gcc/arm-none-eabi/4.8.4/../../../../arm-none-eabi/lib/armv6-m\libg_s.a(lib_a-impure.o)
 .ARM.attributes
                0x0000029d       0x2c c:/works/programs/psoc_creator/psoc creator/3.2/psoc_creator/import/gnu/arm/4.8.4/bin/../lib/gcc/arm-none-eabi/4.8.4/../../../../arm-none-eabi/lib/armv6-m\libg_s.a(lib_a-init.o)
 .ARM.attributes
                0x000002c9       0x2c c:/works/programs/psoc_creator/psoc creator/3.2/psoc_creator/import/gnu/arm/4.8.4/bin/../lib/gcc/arm-none-eabi/4.8.4/../../../../arm-none-eabi/lib/armv6-m\libg_s.a(lib_a-memset.o)
 .ARM.attributes
                0x000002f5       0x2c c:/works/programs/psoc_creator/psoc creator/3.2/psoc_creator/import/gnu/arm/4.8.4/bin/../lib/gcc/arm-none-eabi/4.8.4/armv6-m/crtend.o
 .ARM.attributes
                0x00000321       0x1e c:/works/programs/psoc_creator/psoc creator/3.2/psoc_creator/import/gnu/arm/4.8.4/bin/../lib/gcc/arm-none-eabi/4.8.4/armv6-m/crtn.o

/DISCARD/
 *(.note.GNU-stack)
OUTPUT(.\CortexM0\ARM_GCC_484\Debug\test_01.elf elf32-littlearm)
