Archive member included because of file (symbol)

.\CortexM0\ARM_GCC_484\Debug\Bootloadable Blinking LED.a(cyfitter_cfg.o)
                              .\CortexM0\ARM_GCC_484\Debug\Cm0Start.o (cyfitter_cfg)
.\CortexM0\ARM_GCC_484\Debug\Bootloadable Blinking LED.a(PWM.o)
                              .\CortexM0\ARM_GCC_484\Debug\main.o (PWM_Start)
.\CortexM0\ARM_GCC_484\Debug\Bootloadable Blinking LED.a(CyBootAsmGnu.o)
                              .\CortexM0\ARM_GCC_484\Debug\Bootloadable Blinking LED.a(PWM.o) (CyEnterCriticalSection)
.\CortexM0\ARM_GCC_484\Debug\Bootloadable Blinking LED.a(CyLib.o)
                              .\CortexM0\ARM_GCC_484\Debug\Bootloadable Blinking LED.a(cyfitter_cfg.o) (CySysClkWriteImoFreq)
.\CortexM0\ARM_GCC_484\Debug\Bootloadable Blinking LED.a(cyPm.o)
                              .\CortexM0\ARM_GCC_484\Debug\main.o (CySysPmSleep)
c:/works/programs/psoc_creator/psoc creator/3.2/psoc_creator/import/gnu/arm/4.8.4/bin/../lib/gcc/arm-none-eabi/4.8.4/armv6-m\libgcc.a(_udivsi3.o)
                              .\CortexM0\ARM_GCC_484\Debug\Bootloadable Blinking LED.a(CyLib.o) (__aeabi_uidiv)
c:/works/programs/psoc_creator/psoc creator/3.2/psoc_creator/import/gnu/arm/4.8.4/bin/../lib/gcc/arm-none-eabi/4.8.4/armv6-m\libgcc.a(_divsi3.o)
                              .\CortexM0\ARM_GCC_484\Debug\Cm0Start.o (__aeabi_idiv)
c:/works/programs/psoc_creator/psoc creator/3.2/psoc_creator/import/gnu/arm/4.8.4/bin/../lib/gcc/arm-none-eabi/4.8.4/armv6-m\libgcc.a(_dvmd_tls.o)
                              c:/works/programs/psoc_creator/psoc creator/3.2/psoc_creator/import/gnu/arm/4.8.4/bin/../lib/gcc/arm-none-eabi/4.8.4/armv6-m\libgcc.a(_udivsi3.o) (__aeabi_idiv0)
c:/works/programs/psoc_creator/psoc creator/3.2/psoc_creator/import/gnu/arm/4.8.4/bin/../lib/gcc/arm-none-eabi/4.8.4/../../../../arm-none-eabi/lib/armv6-m\libg_s.a(lib_a-errno.o)
                              .\CortexM0\ARM_GCC_484\Debug\Cm0Start.o (__errno)
c:/works/programs/psoc_creator/psoc creator/3.2/psoc_creator/import/gnu/arm/4.8.4/bin/../lib/gcc/arm-none-eabi/4.8.4/../../../../arm-none-eabi/lib/armv6-m\libg_s.a(lib_a-exit.o)
                              c:/works/programs/psoc_creator/psoc creator/3.2/psoc_creator/import/gnu/arm/4.8.4/bin/../lib/gcc/arm-none-eabi/4.8.4/../../../../arm-none-eabi/lib/armv6-m/crt0.o (exit)
c:/works/programs/psoc_creator/psoc creator/3.2/psoc_creator/import/gnu/arm/4.8.4/bin/../lib/gcc/arm-none-eabi/4.8.4/../../../../arm-none-eabi/lib/armv6-m\libg_s.a(lib_a-impure.o)
                              c:/works/programs/psoc_creator/psoc creator/3.2/psoc_creator/import/gnu/arm/4.8.4/bin/../lib/gcc/arm-none-eabi/4.8.4/../../../../arm-none-eabi/lib/armv6-m\libg_s.a(lib_a-exit.o) (_global_impure_ptr)
c:/works/programs/psoc_creator/psoc creator/3.2/psoc_creator/import/gnu/arm/4.8.4/bin/../lib/gcc/arm-none-eabi/4.8.4/../../../../arm-none-eabi/lib/armv6-m\libg_s.a(lib_a-init.o)
                              c:/works/programs/psoc_creator/psoc creator/3.2/psoc_creator/import/gnu/arm/4.8.4/bin/../lib/gcc/arm-none-eabi/4.8.4/../../../../arm-none-eabi/lib/armv6-m/crt0.o (__libc_init_array)
c:/works/programs/psoc_creator/psoc creator/3.2/psoc_creator/import/gnu/arm/4.8.4/bin/../lib/gcc/arm-none-eabi/4.8.4/../../../../arm-none-eabi/lib/armv6-m\libg_s.a(lib_a-memcpy-stub.o)
                              .\CortexM0\ARM_GCC_484\Debug\Bootloadable Blinking LED.a(cyfitter_cfg.o) (memcpy)
c:/works/programs/psoc_creator/psoc creator/3.2/psoc_creator/import/gnu/arm/4.8.4/bin/../lib/gcc/arm-none-eabi/4.8.4/../../../../arm-none-eabi/lib/armv6-m\libg_s.a(lib_a-memset.o)
                              c:/works/programs/psoc_creator/psoc creator/3.2/psoc_creator/import/gnu/arm/4.8.4/bin/../lib/gcc/arm-none-eabi/4.8.4/../../../../arm-none-eabi/lib/armv6-m/crt0.o (memset)

Discarded input sections

 .text          0x00000000        0x0 c:/works/programs/psoc_creator/psoc creator/3.2/psoc_creator/import/gnu/arm/4.8.4/bin/../lib/gcc/arm-none-eabi/4.8.4/armv6-m/crti.o
 .data          0x00000000        0x0 c:/works/programs/psoc_creator/psoc creator/3.2/psoc_creator/import/gnu/arm/4.8.4/bin/../lib/gcc/arm-none-eabi/4.8.4/armv6-m/crti.o
 .bss           0x00000000        0x0 c:/works/programs/psoc_creator/psoc creator/3.2/psoc_creator/import/gnu/arm/4.8.4/bin/../lib/gcc/arm-none-eabi/4.8.4/armv6-m/crti.o
 .data          0x00000000        0x4 c:/works/programs/psoc_creator/psoc creator/3.2/psoc_creator/import/gnu/arm/4.8.4/bin/../lib/gcc/arm-none-eabi/4.8.4/armv6-m/crtbegin.o
 .text          0x00000000       0x78 c:/works/programs/psoc_creator/psoc creator/3.2/psoc_creator/import/gnu/arm/4.8.4/bin/../lib/gcc/arm-none-eabi/4.8.4/../../../../arm-none-eabi/lib/armv6-m/crt0.o
 .data          0x00000000        0x0 c:/works/programs/psoc_creator/psoc creator/3.2/psoc_creator/import/gnu/arm/4.8.4/bin/../lib/gcc/arm-none-eabi/4.8.4/../../../../arm-none-eabi/lib/armv6-m/crt0.o
 .bss           0x00000000        0x0 c:/works/programs/psoc_creator/psoc creator/3.2/psoc_creator/import/gnu/arm/4.8.4/bin/../lib/gcc/arm-none-eabi/4.8.4/../../../../arm-none-eabi/lib/armv6-m/crt0.o
 .ARM.extab     0x00000000        0x0 c:/works/programs/psoc_creator/psoc creator/3.2/psoc_creator/import/gnu/arm/4.8.4/bin/../lib/gcc/arm-none-eabi/4.8.4/../../../../arm-none-eabi/lib/armv6-m/crt0.o
 .ARM.exidx     0x00000000        0x8 c:/works/programs/psoc_creator/psoc creator/3.2/psoc_creator/import/gnu/arm/4.8.4/bin/../lib/gcc/arm-none-eabi/4.8.4/../../../../arm-none-eabi/lib/armv6-m/crt0.o
 .text          0x00000000        0x0 .\CortexM0\ARM_GCC_484\Debug\main.o
 .data          0x00000000        0x0 .\CortexM0\ARM_GCC_484\Debug\main.o
 .bss           0x00000000        0x0 .\CortexM0\ARM_GCC_484\Debug\main.o
 .text          0x00000000        0x0 .\CortexM0\ARM_GCC_484\Debug\cybootloader.o
 .data          0x00000000        0x0 .\CortexM0\ARM_GCC_484\Debug\cybootloader.o
 .bss           0x00000000        0x0 .\CortexM0\ARM_GCC_484\Debug\cybootloader.o
 .text          0x00000000        0x0 .\CortexM0\ARM_GCC_484\Debug\cymetadata.o
 .data          0x00000000        0x0 .\CortexM0\ARM_GCC_484\Debug\cymetadata.o
 .bss           0x00000000        0x0 .\CortexM0\ARM_GCC_484\Debug\cymetadata.o
 .text          0x00000000        0x0 .\CortexM0\ARM_GCC_484\Debug\Cm0Start.o
 .data          0x00000000        0x4 .\CortexM0\ARM_GCC_484\Debug\Cm0Start.o
 .bss           0x00000000        0x0 .\CortexM0\ARM_GCC_484\Debug\Cm0Start.o
 .text._exit    0x00000000       0x28 .\CortexM0\ARM_GCC_484\Debug\Cm0Start.o
 .text._sbrk    0x00000000       0x54 .\CortexM0\ARM_GCC_484\Debug\Cm0Start.o
 .text          0x00000000        0x0 .\CortexM0\ARM_GCC_484\Debug\Bootloadable Blinking LED.a(cyfitter_cfg.o)
 .data          0x00000000        0x0 .\CortexM0\ARM_GCC_484\Debug\Bootloadable Blinking LED.a(cyfitter_cfg.o)
 .bss           0x00000000        0x0 .\CortexM0\ARM_GCC_484\Debug\Bootloadable Blinking LED.a(cyfitter_cfg.o)
 .text.CYCONFIGCPY
                0x00000000       0x24 .\CortexM0\ARM_GCC_484\Debug\Bootloadable Blinking LED.a(cyfitter_cfg.o)
 .text.CYCONFIGCPYCODE
                0x00000000       0x24 .\CortexM0\ARM_GCC_484\Debug\Bootloadable Blinking LED.a(cyfitter_cfg.o)
 .text          0x00000000        0x0 .\CortexM0\ARM_GCC_484\Debug\Bootloadable Blinking LED.a(PWM.o)
 .data          0x00000000        0x0 .\CortexM0\ARM_GCC_484\Debug\Bootloadable Blinking LED.a(PWM.o)
 .text.PWM_Stop
                0x00000000       0x30 .\CortexM0\ARM_GCC_484\Debug\Bootloadable Blinking LED.a(PWM.o)
 .text.PWM_SetMode
                0x00000000       0x48 .\CortexM0\ARM_GCC_484\Debug\Bootloadable Blinking LED.a(PWM.o)
 .text.PWM_SetQDMode
                0x00000000       0x48 .\CortexM0\ARM_GCC_484\Debug\Bootloadable Blinking LED.a(PWM.o)
 .text.PWM_SetPrescaler
                0x00000000       0x48 .\CortexM0\ARM_GCC_484\Debug\Bootloadable Blinking LED.a(PWM.o)
 .text.PWM_SetOneShot
                0x00000000       0x4c .\CortexM0\ARM_GCC_484\Debug\Bootloadable Blinking LED.a(PWM.o)
 .text.PWM_SetPWMMode
                0x00000000       0x1c .\CortexM0\ARM_GCC_484\Debug\Bootloadable Blinking LED.a(PWM.o)
 .text.PWM_SetPWMSyncKill
                0x00000000       0x48 .\CortexM0\ARM_GCC_484\Debug\Bootloadable Blinking LED.a(PWM.o)
 .text.PWM_SetPWMStopOnKill
                0x00000000       0x48 .\CortexM0\ARM_GCC_484\Debug\Bootloadable Blinking LED.a(PWM.o)
 .text.PWM_SetPWMDeadTime
                0x00000000       0x4c .\CortexM0\ARM_GCC_484\Debug\Bootloadable Blinking LED.a(PWM.o)
 .text.PWM_SetPWMInvert
                0x00000000       0x48 .\CortexM0\ARM_GCC_484\Debug\Bootloadable Blinking LED.a(PWM.o)
 .text.PWM_ReadCounter
                0x00000000       0x18 .\CortexM0\ARM_GCC_484\Debug\Bootloadable Blinking LED.a(PWM.o)
 .text.PWM_SetCounterMode
                0x00000000       0x48 .\CortexM0\ARM_GCC_484\Debug\Bootloadable Blinking LED.a(PWM.o)
 .text.PWM_ReadPeriod
                0x00000000       0x18 .\CortexM0\ARM_GCC_484\Debug\Bootloadable Blinking LED.a(PWM.o)
 .text.PWM_SetCompareSwap
                0x00000000       0x48 .\CortexM0\ARM_GCC_484\Debug\Bootloadable Blinking LED.a(PWM.o)
 .text.PWM_WritePeriodBuf
                0x00000000       0x1c .\CortexM0\ARM_GCC_484\Debug\Bootloadable Blinking LED.a(PWM.o)
 .text.PWM_ReadPeriodBuf
                0x00000000       0x18 .\CortexM0\ARM_GCC_484\Debug\Bootloadable Blinking LED.a(PWM.o)
 .text.PWM_SetPeriodSwap
                0x00000000       0x48 .\CortexM0\ARM_GCC_484\Debug\Bootloadable Blinking LED.a(PWM.o)
 .text.PWM_ReadCompare
                0x00000000       0x18 .\CortexM0\ARM_GCC_484\Debug\Bootloadable Blinking LED.a(PWM.o)
 .text.PWM_WriteCompareBuf
                0x00000000       0x1c .\CortexM0\ARM_GCC_484\Debug\Bootloadable Blinking LED.a(PWM.o)
 .text.PWM_ReadCompareBuf
                0x00000000       0x18 .\CortexM0\ARM_GCC_484\Debug\Bootloadable Blinking LED.a(PWM.o)
 .text.PWM_ReadCapture
                0x00000000       0x18 .\CortexM0\ARM_GCC_484\Debug\Bootloadable Blinking LED.a(PWM.o)
 .text.PWM_ReadCaptureBuf
                0x00000000       0x18 .\CortexM0\ARM_GCC_484\Debug\Bootloadable Blinking LED.a(PWM.o)
 .text.PWM_SetCaptureMode
                0x00000000       0x44 .\CortexM0\ARM_GCC_484\Debug\Bootloadable Blinking LED.a(PWM.o)
 .text.PWM_SetReloadMode
                0x00000000       0x44 .\CortexM0\ARM_GCC_484\Debug\Bootloadable Blinking LED.a(PWM.o)
 .text.PWM_SetStartMode
                0x00000000       0x48 .\CortexM0\ARM_GCC_484\Debug\Bootloadable Blinking LED.a(PWM.o)
 .text.PWM_SetStopMode
                0x00000000       0x44 .\CortexM0\ARM_GCC_484\Debug\Bootloadable Blinking LED.a(PWM.o)
 .text.PWM_SetCountMode
                0x00000000       0x44 .\CortexM0\ARM_GCC_484\Debug\Bootloadable Blinking LED.a(PWM.o)
 .text.PWM_TriggerCommand
                0x00000000       0x3c .\CortexM0\ARM_GCC_484\Debug\Bootloadable Blinking LED.a(PWM.o)
 .text.PWM_ReadStatus
                0x00000000       0x20 .\CortexM0\ARM_GCC_484\Debug\Bootloadable Blinking LED.a(PWM.o)
 .text.PWM_GetInterruptSourceMasked
                0x00000000       0x14 .\CortexM0\ARM_GCC_484\Debug\Bootloadable Blinking LED.a(PWM.o)
 .text.PWM_GetInterruptSource
                0x00000000       0x14 .\CortexM0\ARM_GCC_484\Debug\Bootloadable Blinking LED.a(PWM.o)
 .text.PWM_ClearInterrupt
                0x00000000       0x18 .\CortexM0\ARM_GCC_484\Debug\Bootloadable Blinking LED.a(PWM.o)
 .text.PWM_SetInterrupt
                0x00000000       0x18 .\CortexM0\ARM_GCC_484\Debug\Bootloadable Blinking LED.a(PWM.o)
 .data          0x00000000        0x0 .\CortexM0\ARM_GCC_484\Debug\Bootloadable Blinking LED.a(CyBootAsmGnu.o)
 .bss           0x00000000        0x0 .\CortexM0\ARM_GCC_484\Debug\Bootloadable Blinking LED.a(CyBootAsmGnu.o)
 .text          0x00000000        0x0 .\CortexM0\ARM_GCC_484\Debug\Bootloadable Blinking LED.a(CyLib.o)
 .bss           0x00000000       0x24 .\CortexM0\ARM_GCC_484\Debug\Bootloadable Blinking LED.a(CyLib.o)
 .text.CySysClkImoStart
                0x00000000       0x1c .\CortexM0\ARM_GCC_484\Debug\Bootloadable Blinking LED.a(CyLib.o)
 .text.CySysClkImoStop
                0x00000000       0x18 .\CortexM0\ARM_GCC_484\Debug\Bootloadable Blinking LED.a(CyLib.o)
 .text.CySysClkIloStart
                0x00000000       0x1c .\CortexM0\ARM_GCC_484\Debug\Bootloadable Blinking LED.a(CyLib.o)
 .text.CySysClkIloStop
                0x00000000       0x4c .\CortexM0\ARM_GCC_484\Debug\Bootloadable Blinking LED.a(CyLib.o)
 .text.CySysClkIloEnabled
                0x00000000       0x1c .\CortexM0\ARM_GCC_484\Debug\Bootloadable Blinking LED.a(CyLib.o)
 .text.CySysClkWriteHfclkDirect
                0x00000000       0x44 .\CortexM0\ARM_GCC_484\Debug\Bootloadable Blinking LED.a(CyLib.o)
 .text.CySysClkWriteSysclkDiv
                0x00000000       0x44 .\CortexM0\ARM_GCC_484\Debug\Bootloadable Blinking LED.a(CyLib.o)
 .text.CySysWdtLock
                0x00000000       0x34 .\CortexM0\ARM_GCC_484\Debug\Bootloadable Blinking LED.a(CyLib.o)
 .text.CySysWdtLocked
                0x00000000       0x20 .\CortexM0\ARM_GCC_484\Debug\Bootloadable Blinking LED.a(CyLib.o)
 .text.CySysWdtUnlock
                0x00000000       0x4c .\CortexM0\ARM_GCC_484\Debug\Bootloadable Blinking LED.a(CyLib.o)
 .text.CySysWdtReadEnabledStatus
                0x00000000       0x30 .\CortexM0\ARM_GCC_484\Debug\Bootloadable Blinking LED.a(CyLib.o)
 .text.CySysWdtWriteMode
                0x00000000       0x60 .\CortexM0\ARM_GCC_484\Debug\Bootloadable Blinking LED.a(CyLib.o)
 .text.CySysWdtReadMode
                0x00000000       0x24 .\CortexM0\ARM_GCC_484\Debug\Bootloadable Blinking LED.a(CyLib.o)
 .text.CySysWdtWriteClearOnMatch
                0x00000000       0x70 .\CortexM0\ARM_GCC_484\Debug\Bootloadable Blinking LED.a(CyLib.o)
 .text.CySysWdtReadClearOnMatch
                0x00000000       0x40 .\CortexM0\ARM_GCC_484\Debug\Bootloadable Blinking LED.a(CyLib.o)
 .text.CySysWdtEnable
                0x00000000       0x68 .\CortexM0\ARM_GCC_484\Debug\Bootloadable Blinking LED.a(CyLib.o)
 .text.CySysWdtDisable
                0x00000000       0x68 .\CortexM0\ARM_GCC_484\Debug\Bootloadable Blinking LED.a(CyLib.o)
 .text.CySysWdtWriteCascade
                0x00000000       0x58 .\CortexM0\ARM_GCC_484\Debug\Bootloadable Blinking LED.a(CyLib.o)
 .text.CySysWdtReadCascade
                0x00000000       0x1c .\CortexM0\ARM_GCC_484\Debug\Bootloadable Blinking LED.a(CyLib.o)
 .text.CySysWdtWriteMatch
                0x00000000       0x6c .\CortexM0\ARM_GCC_484\Debug\Bootloadable Blinking LED.a(CyLib.o)
 .text.CySysWdtWriteToggleBit
                0x00000000       0x44 .\CortexM0\ARM_GCC_484\Debug\Bootloadable Blinking LED.a(CyLib.o)
 .text.CySysWdtReadToggleBit
                0x00000000       0x18 .\CortexM0\ARM_GCC_484\Debug\Bootloadable Blinking LED.a(CyLib.o)
 .text.CySysWdtReadMatch
                0x00000000       0x44 .\CortexM0\ARM_GCC_484\Debug\Bootloadable Blinking LED.a(CyLib.o)
 .text.CySysWdtReadCount
                0x00000000       0x54 .\CortexM0\ARM_GCC_484\Debug\Bootloadable Blinking LED.a(CyLib.o)
 .text.CySysWdtGetInterruptSource
                0x00000000       0x1c .\CortexM0\ARM_GCC_484\Debug\Bootloadable Blinking LED.a(CyLib.o)
 .text.CySysWdtClearInterrupt
                0x00000000       0x6c .\CortexM0\ARM_GCC_484\Debug\Bootloadable Blinking LED.a(CyLib.o)
 .text.CySysWdtResetCounters
                0x00000000       0x28 .\CortexM0\ARM_GCC_484\Debug\Bootloadable Blinking LED.a(CyLib.o)
 .text.CySysClkLfclkPosedgeCatch
                0x00000000       0x9c .\CortexM0\ARM_GCC_484\Debug\Bootloadable Blinking LED.a(CyLib.o)
 .text.CySysClkLfclkPosedgeRestore
                0x00000000       0x3c .\CortexM0\ARM_GCC_484\Debug\Bootloadable Blinking LED.a(CyLib.o)
 .text.CySysLvdEnable
                0x00000000       0x48 .\CortexM0\ARM_GCC_484\Debug\Bootloadable Blinking LED.a(CyLib.o)
 .text.CySysLvdDisable
                0x00000000       0x28 .\CortexM0\ARM_GCC_484\Debug\Bootloadable Blinking LED.a(CyLib.o)
 .text.CySysLvdGetInterruptSource
                0x00000000       0x18 .\CortexM0\ARM_GCC_484\Debug\Bootloadable Blinking LED.a(CyLib.o)
 .text.CySysLvdClearInterrupt
                0x00000000       0x14 .\CortexM0\ARM_GCC_484\Debug\Bootloadable Blinking LED.a(CyLib.o)
 .text.CySysGetResetReason
                0x00000000       0x30 .\CortexM0\ARM_GCC_484\Debug\Bootloadable Blinking LED.a(CyLib.o)
 .text.CyDisableInts
                0x00000000       0x24 .\CortexM0\ARM_GCC_484\Debug\Bootloadable Blinking LED.a(CyLib.o)
 .text.CyEnableInts
                0x00000000       0x18 .\CortexM0\ARM_GCC_484\Debug\Bootloadable Blinking LED.a(CyLib.o)
 .text.CyIntSetSysVector
                0x00000000       0x48 .\CortexM0\ARM_GCC_484\Debug\Bootloadable Blinking LED.a(CyLib.o)
 .text.CyIntGetSysVector
                0x00000000       0x34 .\CortexM0\ARM_GCC_484\Debug\Bootloadable Blinking LED.a(CyLib.o)
 .text.CyIntSetVector
                0x00000000       0x4c .\CortexM0\ARM_GCC_484\Debug\Bootloadable Blinking LED.a(CyLib.o)
 .text.CyIntGetVector
                0x00000000       0x38 .\CortexM0\ARM_GCC_484\Debug\Bootloadable Blinking LED.a(CyLib.o)
 .text.CyIntSetPriority
                0x00000000       0xa8 .\CortexM0\ARM_GCC_484\Debug\Bootloadable Blinking LED.a(CyLib.o)
 .text.CyIntGetPriority
                0x00000000       0x58 .\CortexM0\ARM_GCC_484\Debug\Bootloadable Blinking LED.a(CyLib.o)
 .text.CyIntEnable
                0x00000000       0x2c .\CortexM0\ARM_GCC_484\Debug\Bootloadable Blinking LED.a(CyLib.o)
 .text.CyIntGetState
                0x00000000       0x34 .\CortexM0\ARM_GCC_484\Debug\Bootloadable Blinking LED.a(CyLib.o)
 .text.CyIntDisable
                0x00000000       0x2c .\CortexM0\ARM_GCC_484\Debug\Bootloadable Blinking LED.a(CyLib.o)
 .text.CyIntSetPending
                0x00000000       0x2c .\CortexM0\ARM_GCC_484\Debug\Bootloadable Blinking LED.a(CyLib.o)
 .text.CyIntClearPending
                0x00000000       0x2c .\CortexM0\ARM_GCC_484\Debug\Bootloadable Blinking LED.a(CyLib.o)
 .text.CySoftwareReset
                0x00000000       0x20 .\CortexM0\ARM_GCC_484\Debug\Bootloadable Blinking LED.a(CyLib.o)
 .text.CyDelay  0x00000000       0x48 .\CortexM0\ARM_GCC_484\Debug\Bootloadable Blinking LED.a(CyLib.o)
 .text.CyDelayFreq
                0x00000000       0x80 .\CortexM0\ARM_GCC_484\Debug\Bootloadable Blinking LED.a(CyLib.o)
 .text.CySysTickStart
                0x00000000       0x24 .\CortexM0\ARM_GCC_484\Debug\Bootloadable Blinking LED.a(CyLib.o)
 .text.CySysTickInit
                0x00000000       0x60 .\CortexM0\ARM_GCC_484\Debug\Bootloadable Blinking LED.a(CyLib.o)
 .text.CySysTickEnable
                0x00000000       0x1c .\CortexM0\ARM_GCC_484\Debug\Bootloadable Blinking LED.a(CyLib.o)
 .text.CySysTickStop
                0x00000000       0x18 .\CortexM0\ARM_GCC_484\Debug\Bootloadable Blinking LED.a(CyLib.o)
 .text.CySysTickEnableInterrupt
                0x00000000       0x18 .\CortexM0\ARM_GCC_484\Debug\Bootloadable Blinking LED.a(CyLib.o)
 .text.CySysTickDisableInterrupt
                0x00000000       0x18 .\CortexM0\ARM_GCC_484\Debug\Bootloadable Blinking LED.a(CyLib.o)
 .text.CySysTickSetReload
                0x00000000       0x1c .\CortexM0\ARM_GCC_484\Debug\Bootloadable Blinking LED.a(CyLib.o)
 .text.CySysTickGetReload
                0x00000000       0x18 .\CortexM0\ARM_GCC_484\Debug\Bootloadable Blinking LED.a(CyLib.o)
 .text.CySysTickGetValue
                0x00000000       0x1c .\CortexM0\ARM_GCC_484\Debug\Bootloadable Blinking LED.a(CyLib.o)
 .text.CySysTickGetCountFlag
                0x00000000       0x18 .\CortexM0\ARM_GCC_484\Debug\Bootloadable Blinking LED.a(CyLib.o)
 .text.CySysTickClear
                0x00000000       0x14 .\CortexM0\ARM_GCC_484\Debug\Bootloadable Blinking LED.a(CyLib.o)
 .text.CySysTickSetCallback
                0x00000000       0x2c .\CortexM0\ARM_GCC_484\Debug\Bootloadable Blinking LED.a(CyLib.o)
 .text.CySysTickGetCallback
                0x00000000       0x1c .\CortexM0\ARM_GCC_484\Debug\Bootloadable Blinking LED.a(CyLib.o)
 .text.CySysTickServiceCallbacks
                0x00000000       0x44 .\CortexM0\ARM_GCC_484\Debug\Bootloadable Blinking LED.a(CyLib.o)
 .text          0x00000000        0x0 .\CortexM0\ARM_GCC_484\Debug\Bootloadable Blinking LED.a(cyPm.o)
 .data          0x00000000        0x0 .\CortexM0\ARM_GCC_484\Debug\Bootloadable Blinking LED.a(cyPm.o)
 .bss           0x00000000        0x0 .\CortexM0\ARM_GCC_484\Debug\Bootloadable Blinking LED.a(cyPm.o)
 .text.CySysPmDeepSleep
                0x00000000       0x8c .\CortexM0\ARM_GCC_484\Debug\Bootloadable Blinking LED.a(cyPm.o)
 .text.CySysPmHibernate
                0x00000000       0x6c .\CortexM0\ARM_GCC_484\Debug\Bootloadable Blinking LED.a(cyPm.o)
 .text.CySysPmStop
                0x00000000       0x3c .\CortexM0\ARM_GCC_484\Debug\Bootloadable Blinking LED.a(cyPm.o)
 .text.CySysPmSetWakeupPolarity
                0x00000000       0x4c .\CortexM0\ARM_GCC_484\Debug\Bootloadable Blinking LED.a(cyPm.o)
 .text.CySysPmGetResetReason
                0x00000000       0x40 .\CortexM0\ARM_GCC_484\Debug\Bootloadable Blinking LED.a(cyPm.o)
 .text.CySysPmFreezeIo
                0x00000000       0x58 .\CortexM0\ARM_GCC_484\Debug\Bootloadable Blinking LED.a(cyPm.o)
 .text.CySysPmUnfreezeIo
                0x00000000       0x50 .\CortexM0\ARM_GCC_484\Debug\Bootloadable Blinking LED.a(cyPm.o)
 .text          0x00000000       0x9c c:/works/programs/psoc_creator/psoc creator/3.2/psoc_creator/import/gnu/arm/4.8.4/bin/../lib/gcc/arm-none-eabi/4.8.4/armv6-m\libgcc.a(_udivsi3.o)
 .data          0x00000000        0x0 c:/works/programs/psoc_creator/psoc creator/3.2/psoc_creator/import/gnu/arm/4.8.4/bin/../lib/gcc/arm-none-eabi/4.8.4/armv6-m\libgcc.a(_udivsi3.o)
 .bss           0x00000000        0x0 c:/works/programs/psoc_creator/psoc creator/3.2/psoc_creator/import/gnu/arm/4.8.4/bin/../lib/gcc/arm-none-eabi/4.8.4/armv6-m\libgcc.a(_udivsi3.o)
 .text          0x00000000       0xc0 c:/works/programs/psoc_creator/psoc creator/3.2/psoc_creator/import/gnu/arm/4.8.4/bin/../lib/gcc/arm-none-eabi/4.8.4/armv6-m\libgcc.a(_divsi3.o)
 .data          0x00000000        0x0 c:/works/programs/psoc_creator/psoc creator/3.2/psoc_creator/import/gnu/arm/4.8.4/bin/../lib/gcc/arm-none-eabi/4.8.4/armv6-m\libgcc.a(_divsi3.o)
 .bss           0x00000000        0x0 c:/works/programs/psoc_creator/psoc creator/3.2/psoc_creator/import/gnu/arm/4.8.4/bin/../lib/gcc/arm-none-eabi/4.8.4/armv6-m\libgcc.a(_divsi3.o)
 .text          0x00000000        0x4 c:/works/programs/psoc_creator/psoc creator/3.2/psoc_creator/import/gnu/arm/4.8.4/bin/../lib/gcc/arm-none-eabi/4.8.4/armv6-m\libgcc.a(_dvmd_tls.o)
 .data          0x00000000        0x0 c:/works/programs/psoc_creator/psoc creator/3.2/psoc_creator/import/gnu/arm/4.8.4/bin/../lib/gcc/arm-none-eabi/4.8.4/armv6-m\libgcc.a(_dvmd_tls.o)
 .bss           0x00000000        0x0 c:/works/programs/psoc_creator/psoc creator/3.2/psoc_creator/import/gnu/arm/4.8.4/bin/../lib/gcc/arm-none-eabi/4.8.4/armv6-m\libgcc.a(_dvmd_tls.o)
 .text          0x00000000        0x0 c:/works/programs/psoc_creator/psoc creator/3.2/psoc_creator/import/gnu/arm/4.8.4/bin/../lib/gcc/arm-none-eabi/4.8.4/../../../../arm-none-eabi/lib/armv6-m\libg_s.a(lib_a-errno.o)
 .data          0x00000000        0x0 c:/works/programs/psoc_creator/psoc creator/3.2/psoc_creator/import/gnu/arm/4.8.4/bin/../lib/gcc/arm-none-eabi/4.8.4/../../../../arm-none-eabi/lib/armv6-m\libg_s.a(lib_a-errno.o)
 .bss           0x00000000        0x0 c:/works/programs/psoc_creator/psoc creator/3.2/psoc_creator/import/gnu/arm/4.8.4/bin/../lib/gcc/arm-none-eabi/4.8.4/../../../../arm-none-eabi/lib/armv6-m\libg_s.a(lib_a-errno.o)
 .text.__errno  0x00000000        0xc c:/works/programs/psoc_creator/psoc creator/3.2/psoc_creator/import/gnu/arm/4.8.4/bin/../lib/gcc/arm-none-eabi/4.8.4/../../../../arm-none-eabi/lib/armv6-m\libg_s.a(lib_a-errno.o)
 .text          0x00000000        0x0 c:/works/programs/psoc_creator/psoc creator/3.2/psoc_creator/import/gnu/arm/4.8.4/bin/../lib/gcc/arm-none-eabi/4.8.4/../../../../arm-none-eabi/lib/armv6-m\libg_s.a(lib_a-exit.o)
 .data          0x00000000        0x0 c:/works/programs/psoc_creator/psoc creator/3.2/psoc_creator/import/gnu/arm/4.8.4/bin/../lib/gcc/arm-none-eabi/4.8.4/../../../../arm-none-eabi/lib/armv6-m\libg_s.a(lib_a-exit.o)
 .bss           0x00000000        0x0 c:/works/programs/psoc_creator/psoc creator/3.2/psoc_creator/import/gnu/arm/4.8.4/bin/../lib/gcc/arm-none-eabi/4.8.4/../../../../arm-none-eabi/lib/armv6-m\libg_s.a(lib_a-exit.o)
 .text.exit     0x00000000       0x2c c:/works/programs/psoc_creator/psoc creator/3.2/psoc_creator/import/gnu/arm/4.8.4/bin/../lib/gcc/arm-none-eabi/4.8.4/../../../../arm-none-eabi/lib/armv6-m\libg_s.a(lib_a-exit.o)
 .text          0x00000000        0x0 c:/works/programs/psoc_creator/psoc creator/3.2/psoc_creator/import/gnu/arm/4.8.4/bin/../lib/gcc/arm-none-eabi/4.8.4/../../../../arm-none-eabi/lib/armv6-m\libg_s.a(lib_a-impure.o)
 .data          0x00000000        0x0 c:/works/programs/psoc_creator/psoc creator/3.2/psoc_creator/import/gnu/arm/4.8.4/bin/../lib/gcc/arm-none-eabi/4.8.4/../../../../arm-none-eabi/lib/armv6-m\libg_s.a(lib_a-impure.o)
 .bss           0x00000000        0x0 c:/works/programs/psoc_creator/psoc creator/3.2/psoc_creator/import/gnu/arm/4.8.4/bin/../lib/gcc/arm-none-eabi/4.8.4/../../../../arm-none-eabi/lib/armv6-m\libg_s.a(lib_a-impure.o)
 .data.impure_data
                0x00000000       0x60 c:/works/programs/psoc_creator/psoc creator/3.2/psoc_creator/import/gnu/arm/4.8.4/bin/../lib/gcc/arm-none-eabi/4.8.4/../../../../arm-none-eabi/lib/armv6-m\libg_s.a(lib_a-impure.o)
 .data._impure_ptr
                0x00000000        0x4 c:/works/programs/psoc_creator/psoc creator/3.2/psoc_creator/import/gnu/arm/4.8.4/bin/../lib/gcc/arm-none-eabi/4.8.4/../../../../arm-none-eabi/lib/armv6-m\libg_s.a(lib_a-impure.o)
 .rodata.str1.1
                0x00000000        0x2 c:/works/programs/psoc_creator/psoc creator/3.2/psoc_creator/import/gnu/arm/4.8.4/bin/../lib/gcc/arm-none-eabi/4.8.4/../../../../arm-none-eabi/lib/armv6-m\libg_s.a(lib_a-impure.o)
 .rodata._global_impure_ptr
                0x00000000        0x4 c:/works/programs/psoc_creator/psoc creator/3.2/psoc_creator/import/gnu/arm/4.8.4/bin/../lib/gcc/arm-none-eabi/4.8.4/../../../../arm-none-eabi/lib/armv6-m\libg_s.a(lib_a-impure.o)
 .text          0x00000000        0x0 c:/works/programs/psoc_creator/psoc creator/3.2/psoc_creator/import/gnu/arm/4.8.4/bin/../lib/gcc/arm-none-eabi/4.8.4/../../../../arm-none-eabi/lib/armv6-m\libg_s.a(lib_a-init.o)
 .data          0x00000000        0x0 c:/works/programs/psoc_creator/psoc creator/3.2/psoc_creator/import/gnu/arm/4.8.4/bin/../lib/gcc/arm-none-eabi/4.8.4/../../../../arm-none-eabi/lib/armv6-m\libg_s.a(lib_a-init.o)
 .bss           0x00000000        0x0 c:/works/programs/psoc_creator/psoc creator/3.2/psoc_creator/import/gnu/arm/4.8.4/bin/../lib/gcc/arm-none-eabi/4.8.4/../../../../arm-none-eabi/lib/armv6-m\libg_s.a(lib_a-init.o)
 .text          0x00000000        0x0 c:/works/programs/psoc_creator/psoc creator/3.2/psoc_creator/import/gnu/arm/4.8.4/bin/../lib/gcc/arm-none-eabi/4.8.4/../../../../arm-none-eabi/lib/armv6-m\libg_s.a(lib_a-memcpy-stub.o)
 .data          0x00000000        0x0 c:/works/programs/psoc_creator/psoc creator/3.2/psoc_creator/import/gnu/arm/4.8.4/bin/../lib/gcc/arm-none-eabi/4.8.4/../../../../arm-none-eabi/lib/armv6-m\libg_s.a(lib_a-memcpy-stub.o)
 .bss           0x00000000        0x0 c:/works/programs/psoc_creator/psoc creator/3.2/psoc_creator/import/gnu/arm/4.8.4/bin/../lib/gcc/arm-none-eabi/4.8.4/../../../../arm-none-eabi/lib/armv6-m\libg_s.a(lib_a-memcpy-stub.o)
 .text.memcpy   0x00000000       0x12 c:/works/programs/psoc_creator/psoc creator/3.2/psoc_creator/import/gnu/arm/4.8.4/bin/../lib/gcc/arm-none-eabi/4.8.4/../../../../arm-none-eabi/lib/armv6-m\libg_s.a(lib_a-memcpy-stub.o)
 .text          0x00000000        0x0 c:/works/programs/psoc_creator/psoc creator/3.2/psoc_creator/import/gnu/arm/4.8.4/bin/../lib/gcc/arm-none-eabi/4.8.4/../../../../arm-none-eabi/lib/armv6-m\libg_s.a(lib_a-memset.o)
 .data          0x00000000        0x0 c:/works/programs/psoc_creator/psoc creator/3.2/psoc_creator/import/gnu/arm/4.8.4/bin/../lib/gcc/arm-none-eabi/4.8.4/../../../../arm-none-eabi/lib/armv6-m\libg_s.a(lib_a-memset.o)
 .bss           0x00000000        0x0 c:/works/programs/psoc_creator/psoc creator/3.2/psoc_creator/import/gnu/arm/4.8.4/bin/../lib/gcc/arm-none-eabi/4.8.4/../../../../arm-none-eabi/lib/armv6-m\libg_s.a(lib_a-memset.o)
 .text          0x00000000        0x0 c:/works/programs/psoc_creator/psoc creator/3.2/psoc_creator/import/gnu/arm/4.8.4/bin/../lib/gcc/arm-none-eabi/4.8.4/armv6-m/crtend.o
 .data          0x00000000        0x0 c:/works/programs/psoc_creator/psoc creator/3.2/psoc_creator/import/gnu/arm/4.8.4/bin/../lib/gcc/arm-none-eabi/4.8.4/armv6-m/crtend.o
 .bss           0x00000000        0x0 c:/works/programs/psoc_creator/psoc creator/3.2/psoc_creator/import/gnu/arm/4.8.4/bin/../lib/gcc/arm-none-eabi/4.8.4/armv6-m/crtend.o
 .text          0x00000000        0x0 c:/works/programs/psoc_creator/psoc creator/3.2/psoc_creator/import/gnu/arm/4.8.4/bin/../lib/gcc/arm-none-eabi/4.8.4/armv6-m/crtn.o
 .data          0x00000000        0x0 c:/works/programs/psoc_creator/psoc creator/3.2/psoc_creator/import/gnu/arm/4.8.4/bin/../lib/gcc/arm-none-eabi/4.8.4/armv6-m/crtn.o
 .bss           0x00000000        0x0 c:/works/programs/psoc_creator/psoc creator/3.2/psoc_creator/import/gnu/arm/4.8.4/bin/../lib/gcc/arm-none-eabi/4.8.4/armv6-m/crtn.o

Memory Configuration

Name             Origin             Length             Attributes
rom              0x00000000         0x00008000         xr
ram              0x20000000         0x00001000         xrw
*default*        0x00000000         0xffffffff

Linker script and memory map

LOAD c:/works/programs/psoc_creator/psoc creator/3.2/psoc_creator/import/gnu/arm/4.8.4/bin/../lib/gcc/arm-none-eabi/4.8.4/armv6-m/crti.o
LOAD c:/works/programs/psoc_creator/psoc creator/3.2/psoc_creator/import/gnu/arm/4.8.4/bin/../lib/gcc/arm-none-eabi/4.8.4/armv6-m/crtbegin.o
LOAD c:/works/programs/psoc_creator/psoc creator/3.2/psoc_creator/import/gnu/arm/4.8.4/bin/../lib/gcc/arm-none-eabi/4.8.4/../../../../arm-none-eabi/lib/armv6-m/crt0.o
START GROUP
LOAD .\CortexM0\ARM_GCC_484\Debug\main.o
LOAD .\CortexM0\ARM_GCC_484\Debug\cybootloader.o
LOAD .\CortexM0\ARM_GCC_484\Debug\cymetadata.o
LOAD .\CortexM0\ARM_GCC_484\Debug\Cm0Start.o
LOAD .\CortexM0\ARM_GCC_484\Debug\Bootloadable Blinking LED.a
LOAD C:\WORKS\Programs\PSoC_Creator\PSoC Creator\3.2\PSoC_Creator\psoc\content\cycomponentlibrary\CyComponentLibrary.cylib\CortexM0\ARM_GCC_484\Debug\CyComponentLibrary.a
END GROUP
START GROUP
LOAD c:/works/programs/psoc_creator/psoc creator/3.2/psoc_creator/import/gnu/arm/4.8.4/bin/../lib/gcc/arm-none-eabi/4.8.4/armv6-m\libgcc.a
LOAD c:/works/programs/psoc_creator/psoc creator/3.2/psoc_creator/import/gnu/arm/4.8.4/bin/../lib/gcc/arm-none-eabi/4.8.4/../../../../arm-none-eabi/lib/armv6-m\libg_s.a
LOAD c:/works/programs/psoc_creator/psoc creator/3.2/psoc_creator/import/gnu/arm/4.8.4/bin/../lib/gcc/arm-none-eabi/4.8.4/../../../../arm-none-eabi/lib/armv6-m\libc_s.a
END GROUP
START GROUP
LOAD c:/works/programs/psoc_creator/psoc creator/3.2/psoc_creator/import/gnu/arm/4.8.4/bin/../lib/gcc/arm-none-eabi/4.8.4/armv6-m\libgcc.a
LOAD c:/works/programs/psoc_creator/psoc creator/3.2/psoc_creator/import/gnu/arm/4.8.4/bin/../lib/gcc/arm-none-eabi/4.8.4/../../../../arm-none-eabi/lib/armv6-m\libc_s.a
END GROUP
LOAD c:/works/programs/psoc_creator/psoc creator/3.2/psoc_creator/import/gnu/arm/4.8.4/bin/../lib/gcc/arm-none-eabi/4.8.4/armv6-m/crtend.o
LOAD c:/works/programs/psoc_creator/psoc creator/3.2/psoc_creator/import/gnu/arm/4.8.4/bin/../lib/gcc/arm-none-eabi/4.8.4/armv6-m/crtn.o
START GROUP
LOAD c:/works/programs/psoc_creator/psoc creator/3.2/psoc_creator/import/gnu/arm/4.8.4/bin/../lib/gcc/arm-none-eabi/4.8.4/armv6-m\libgcc.a
LOAD c:/works/programs/psoc_creator/psoc creator/3.2/psoc_creator/import/gnu/arm/4.8.4/bin/../lib/gcc/arm-none-eabi/4.8.4/../../../../arm-none-eabi/lib/armv6-m\libc.a
LOAD c:/works/programs/psoc_creator/psoc creator/3.2/psoc_creator/import/gnu/arm/4.8.4/bin/../lib/gcc/arm-none-eabi/4.8.4/../../../../arm-none-eabi/lib/armv6-m\libnosys.a
END GROUP
                0x00000000                CY_APPL_ORIGIN = 0x0
                0x00000080                CY_FLASH_ROW_SIZE = 0x80
                0x00000001                CY_APPL_NUM = 0x1
                0x00000040                CY_METADATA_SIZE = 0x40
                0x20000108                PROVIDE (__cy_heap_start, _end)
                0x00000001                PROVIDE (__cy_region_num, ((__cy_regions_end - __cy_regions) / 0x10))
                0x20001000                PROVIDE (__cy_stack, (ORIGIN (ram) + 0x1000))
                0x20000c00                PROVIDE (__cy_heap_end, (__cy_stack - 0x400))

.cybootloader   0x00000000     0x1200
 *(.cybootloader)
 .cybootloader  0x00000000     0x1200 .\CortexM0\ARM_GCC_484\Debug\cybootloader.o
                0x00000000                cy_bootloader
                0x00001200                appl1_start = CY_APPL_ORIGIN?CY_APPL_ORIGIN:ALIGN (CY_FLASH_ROW_SIZE)
                0x00004880                appl2_start = (appl1_start + ALIGN ((((0x8000 - appl1_start) - (0x2 * CY_FLASH_ROW_SIZE)) / 0x2), CY_FLASH_ROW_SIZE))
                0x00001200                appl_start = (CY_APPL_NUM == 0x1)?appl1_start:appl2_start

.text           0x00001200      0x7dc
 CREATE_OBJECT_SYMBOLS
                0x00001200                PROVIDE (__cy_interrupt_vector, RomVectors)
 *(.romvectors)
 .romvectors    0x00001200       0x10 .\CortexM0\ARM_GCC_484\Debug\Cm0Start.o
                0x00001200                RomVectors
                0x00000001                ASSERT ((. != __cy_interrupt_vector), No interrupt vector)
                0x00000001                ASSERT (CY_APPL_ORIGIN?(SIZEOF (.cybootloader) <= CY_APPL_ORIGIN):0x1, Wrong image location)
                0x00001210                PROVIDE (__cy_reset, Reset)
 *(.text.Reset)
 .text.Reset    0x00001210       0x14 .\CortexM0\ARM_GCC_484\Debug\Cm0Start.o
                0x00001210                Reset
                0x00000001                ASSERT ((. != __cy_reset), No reset code)
 *(.psocinit)
 .psocinit      0x00001224      0x18c .\CortexM0\ARM_GCC_484\Debug\Bootloadable Blinking LED.a(cyfitter_cfg.o)
                0x00001290                cyfitter_cfg
                0x000013b0                . = MAX (., 0x100)
 *(.text .text.* .gnu.linkonce.t.*)
 .text          0x000013b0       0x60 c:/works/programs/psoc_creator/psoc creator/3.2/psoc_creator/import/gnu/arm/4.8.4/bin/../lib/gcc/arm-none-eabi/4.8.4/armv6-m/crtbegin.o
 .text.main     0x00001410       0x10 .\CortexM0\ARM_GCC_484\Debug\main.o
                0x00001410                main
 .text.IntDefaultHandler
                0x00001420        0x8 .\CortexM0\ARM_GCC_484\Debug\Cm0Start.o
                0x00001420                IntDefaultHandler
 .text.Start_c  0x00001428       0x98 .\CortexM0\ARM_GCC_484\Debug\Cm0Start.o
                0x00001428                Start_c
 .text.initialize_psoc
                0x000014c0       0x74 .\CortexM0\ARM_GCC_484\Debug\Cm0Start.o
                0x000014c0                initialize_psoc
 .text.CYMEMZERO
                0x00001534       0x20 .\CortexM0\ARM_GCC_484\Debug\Bootloadable Blinking LED.a(cyfitter_cfg.o)
 .text.cfg_write_bytes32
                0x00001554       0x80 .\CortexM0\ARM_GCC_484\Debug\Bootloadable Blinking LED.a(cyfitter_cfg.o)
 .text.AnalogSetDefault
                0x000015d4        0x8 .\CortexM0\ARM_GCC_484\Debug\Bootloadable Blinking LED.a(cyfitter_cfg.o)
 .text.PWM_Init
                0x000015dc       0x68 .\CortexM0\ARM_GCC_484\Debug\Bootloadable Blinking LED.a(PWM.o)
                0x000015dc                PWM_Init
 .text.PWM_Enable
                0x00001644       0x30 .\CortexM0\ARM_GCC_484\Debug\Bootloadable Blinking LED.a(PWM.o)
                0x00001644                PWM_Enable
 .text.PWM_Start
                0x00001674       0x24 .\CortexM0\ARM_GCC_484\Debug\Bootloadable Blinking LED.a(PWM.o)
                0x00001674                PWM_Start
 .text.PWM_WriteCounter
                0x00001698       0x1c .\CortexM0\ARM_GCC_484\Debug\Bootloadable Blinking LED.a(PWM.o)
                0x00001698                PWM_WriteCounter
 .text.PWM_WritePeriod
                0x000016b4       0x1c .\CortexM0\ARM_GCC_484\Debug\Bootloadable Blinking LED.a(PWM.o)
                0x000016b4                PWM_WritePeriod
 .text.PWM_WriteCompare
                0x000016d0       0x1c .\CortexM0\ARM_GCC_484\Debug\Bootloadable Blinking LED.a(PWM.o)
                0x000016d0                PWM_WriteCompare
 .text.PWM_SetInterruptMode
                0x000016ec       0x18 .\CortexM0\ARM_GCC_484\Debug\Bootloadable Blinking LED.a(PWM.o)
                0x000016ec                PWM_SetInterruptMode
 *fill*         0x00001704        0x4 
 .text          0x00001708       0x28 .\CortexM0\ARM_GCC_484\Debug\Bootloadable Blinking LED.a(CyBootAsmGnu.o)
                0x00001708                CyDelayCycles
                0x0000171c                CyEnterCriticalSection
                0x00001724                CyExitCriticalSection
 .text.CySysClkWriteImoFreq
                0x00001730      0x1e0 .\CortexM0\ARM_GCC_484\Debug\Bootloadable Blinking LED.a(CyLib.o)
                0x00001730                CySysClkWriteImoFreq
 .text.CyHalt   0x00001910       0x14 .\CortexM0\ARM_GCC_484\Debug\Bootloadable Blinking LED.a(CyLib.o)
                0x00001910                CyHalt
 .text.CyDelayUs
                0x00001924       0x28 .\CortexM0\ARM_GCC_484\Debug\Bootloadable Blinking LED.a(CyLib.o)
                0x00001924                CyDelayUs
 .text.CySysPmSleep
                0x0000194c       0x34 .\CortexM0\ARM_GCC_484\Debug\Bootloadable Blinking LED.a(cyPm.o)
                0x0000194c                CySysPmSleep
 .text.__libc_init_array
                0x00001980       0x4c c:/works/programs/psoc_creator/psoc creator/3.2/psoc_creator/import/gnu/arm/4.8.4/bin/../lib/gcc/arm-none-eabi/4.8.4/../../../../arm-none-eabi/lib/armv6-m\libg_s.a(lib_a-init.o)
                0x00001980                __libc_init_array
 .text.memset   0x000019cc       0x10 c:/works/programs/psoc_creator/psoc creator/3.2/psoc_creator/import/gnu/arm/4.8.4/bin/../lib/gcc/arm-none-eabi/4.8.4/../../../../arm-none-eabi/lib/armv6-m\libg_s.a(lib_a-memset.o)
                0x000019cc                memset
 *(.plt)
 *(.gnu.warning)
 *(.glue_7t)
 .glue_7t       0x00000000        0x0 linker stubs
 *(.glue_7)
 .glue_7        0x00000000        0x0 linker stubs
 *(.vfp11_veneer)
 .vfp11_veneer  0x00000000        0x0 linker stubs
 *(.bootloader)
 *(.ARM.extab* .gnu.linkonce.armextab.*)
 *(.gcc_except_table)

.v4_bx          0x000019dc        0x0
 .v4_bx         0x00000000        0x0 linker stubs

.iplt           0x000019dc        0x0
 .iplt          0x00000000        0x0 c:/works/programs/psoc_creator/psoc creator/3.2/psoc_creator/import/gnu/arm/4.8.4/bin/../lib/gcc/arm-none-eabi/4.8.4/armv6-m/crtbegin.o

.eh_frame_hdr
 *(.eh_frame_hdr)

.eh_frame       0x000019dc        0x4
 *(.eh_frame)
 .eh_frame      0x000019dc        0x0 c:/works/programs/psoc_creator/psoc creator/3.2/psoc_creator/import/gnu/arm/4.8.4/bin/../lib/gcc/arm-none-eabi/4.8.4/armv6-m/crtbegin.o
 .eh_frame      0x000019dc        0x4 c:/works/programs/psoc_creator/psoc creator/3.2/psoc_creator/import/gnu/arm/4.8.4/bin/../lib/gcc/arm-none-eabi/4.8.4/armv6-m/crtend.o
                0x000019e0                PROVIDE (__exidx_start, .)

.ARM.exidx
 *(.ARM.exidx* .gnu.linkonce.armexidx.*)
                0x000019e0                __exidx_end = .

.rodata         0x000019e0       0x90
 *(.rodata .rodata.* .gnu.linkonce.r.*)
 .rodata        0x000019e0       0x28 .\CortexM0\ARM_GCC_484\Debug\Bootloadable Blinking LED.a(cyfitter_cfg.o)
 .rodata        0x00001a08       0x30 .\CortexM0\ARM_GCC_484\Debug\Bootloadable Blinking LED.a(CyLib.o)
                0x00001a08                cyImoFreqMhz2Reg
                0x00001a38                . = ALIGN (0x4)
 *(.init)
 .init          0x00001a38        0x4 c:/works/programs/psoc_creator/psoc creator/3.2/psoc_creator/import/gnu/arm/4.8.4/bin/../lib/gcc/arm-none-eabi/4.8.4/armv6-m/crti.o
                0x00001a38                _init
 .init          0x00001a3c        0x8 c:/works/programs/psoc_creator/psoc creator/3.2/psoc_creator/import/gnu/arm/4.8.4/bin/../lib/gcc/arm-none-eabi/4.8.4/armv6-m/crtn.o
                0x00001a44                . = ALIGN (0x4)
                0x00001a44                __preinit_array_start = .
 *(.preinit_array)
                0x00001a44                __preinit_array_end = .
                0x00001a44                . = ALIGN (0x4)
                0x00001a44                __init_array_start = .
 *(SORT(.init_array.*))
 *(.init_array)
 .init_array    0x00001a44        0x4 c:/works/programs/psoc_creator/psoc creator/3.2/psoc_creator/import/gnu/arm/4.8.4/bin/../lib/gcc/arm-none-eabi/4.8.4/armv6-m/crtbegin.o
 .init_array    0x00001a48        0x4 .\CortexM0\ARM_GCC_484\Debug\Cm0Start.o
                0x00001a4c                __init_array_end = .
                0x00001a4c                . = ALIGN (0x4)
 *(.fini)
 .fini          0x00001a4c        0x4 c:/works/programs/psoc_creator/psoc creator/3.2/psoc_creator/import/gnu/arm/4.8.4/bin/../lib/gcc/arm-none-eabi/4.8.4/armv6-m/crti.o
                0x00001a4c                _fini
 .fini          0x00001a50        0x8 c:/works/programs/psoc_creator/psoc creator/3.2/psoc_creator/import/gnu/arm/4.8.4/bin/../lib/gcc/arm-none-eabi/4.8.4/armv6-m/crtn.o
                0x00001a58                . = ALIGN (0x4)
                0x00001a58                __fini_array_start = .
 *(.fini_array)
 .fini_array    0x00001a58        0x4 c:/works/programs/psoc_creator/psoc creator/3.2/psoc_creator/import/gnu/arm/4.8.4/bin/../lib/gcc/arm-none-eabi/4.8.4/armv6-m/crtbegin.o
 *(SORT(.fini_array.*))
                0x00001a5c                __fini_array_end = .
                0x00001a5c                . = ALIGN (0x4)
 *crtbegin.o(.ctors)
 *(EXCLUDE_FILE(*crtend.o) .ctors)
 *(SORT(.ctors.*))
 *crtend.o(.ctors)
                0x00001a5c                . = ALIGN (0x4)
 *crtbegin.o(.dtors)
 *(EXCLUDE_FILE(*crtend.o) .dtors)
 *(SORT(.dtors.*))
 *crtend.o(.dtors)
                0x00001a5c                . = ALIGN (0x4)
                0x00001a5c                __cy_regions = .
                0x00001a5c        0x4 LONG 0x1a70 __cy_region_init_ram
                0x00001a60        0x4 LONG 0x200000d0 __cy_region_start_data
                0x00001a64        0x4 LONG 0x18 __cy_region_init_size_ram
                0x00001a68        0x4 LONG 0x20 __cy_region_zero_size_ram
                0x00001a6c                __cy_regions_end = .
                0x00001a70                . = ALIGN (0x8)
 *fill*         0x00001a6c        0x4 
                0x00001a70                _etext = .

.ramvectors     0x20000000       0xc0
                0x20000000                __cy_region_start_ram = .
 *(.ramvectors)
 .ramvectors    0x20000000       0xc0 .\CortexM0\ARM_GCC_484\Debug\Cm0Start.o
                0x20000000                CyRamVectors

.btldr_run      0x200000c0        0x4
 *(.bootloaderruntype)
 .bootloaderruntype
                0x200000c0        0x4 .\CortexM0\ARM_GCC_484\Debug\Cm0Start.o
                0x200000c0                cyBtldrRunType

.noinit         0x200000c8        0x4
 *(.noinit)
 .noinit        0x200000c8        0x4 .\CortexM0\ARM_GCC_484\Debug\Cm0Start.o

.data           0x200000d0       0x18 load address 0x00001a70
                0x200000d0                __cy_region_start_data = .
 *(.jcr)
 .jcr           0x200000d0        0x0 c:/works/programs/psoc_creator/psoc creator/3.2/psoc_creator/import/gnu/arm/4.8.4/bin/../lib/gcc/arm-none-eabi/4.8.4/armv6-m/crtbegin.o
 .jcr           0x200000d0        0x4 c:/works/programs/psoc_creator/psoc creator/3.2/psoc_creator/import/gnu/arm/4.8.4/bin/../lib/gcc/arm-none-eabi/4.8.4/armv6-m/crtend.o
 *(.got.plt)
 *(.got)
 *(.shdata)
 *(.data .data.* .gnu.linkonce.d.*)
 .data          0x200000d4       0x10 .\CortexM0\ARM_GCC_484\Debug\Bootloadable Blinking LED.a(CyLib.o)
                0x200000d4                cydelayFreqHz
                0x200000d8                cydelayFreqKhz
                0x200000dc                cydelayFreqMhz
                0x200000e0                cydelay32kMs
                0x200000e8                . = ALIGN (0x8)
 *fill*         0x200000e4        0x4 
 *(.ram)
                0x200000e8                _edata = .

.igot.plt       0x200000e8        0x0 load address 0x00001a88
 .igot.plt      0x00000000        0x0 c:/works/programs/psoc_creator/psoc creator/3.2/psoc_creator/import/gnu/arm/4.8.4/bin/../lib/gcc/arm-none-eabi/4.8.4/armv6-m/crtbegin.o

.bss            0x200000e8       0x20 load address 0x00001a88
                0x200000e8                PROVIDE (__bss_start__, .)
 *(.shbss)
 *(.bss .bss.* .gnu.linkonce.b.*)
 .bss           0x200000e8       0x1c c:/works/programs/psoc_creator/psoc creator/3.2/psoc_creator/import/gnu/arm/4.8.4/bin/../lib/gcc/arm-none-eabi/4.8.4/armv6-m/crtbegin.o
 .bss           0x20000104        0x1 .\CortexM0\ARM_GCC_484\Debug\Bootloadable Blinking LED.a(PWM.o)
                0x20000104                PWM_initVar
 *(COMMON)
                0x20000108                . = ALIGN (0x8)
 *fill*         0x20000105        0x3 
 *(.ram.b)
                0x20000108                _end = .
                0x20000108                __end = .
                0x20000108                PROVIDE (end, .)
                0x20000108                PROVIDE (__bss_end__, .)
                0x00001a70                __cy_region_init_ram = LOADADDR (.data)
                0x00000018                __cy_region_init_size_ram = (_edata - ADDR (.data))
                0x00000020                __cy_region_zero_size_ram = (_end - _edata)

.heap           0x20000108      0x100 load address 0x00001a88
                0x20000108                . = _end
                0x20000208                . = (. + 0x100)
 *fill*         0x20000108      0x100 
                0x20000208                __cy_heap_limit = .

.stack          0x20000c00      0x400
                0x20000c00                __cy_stack_limit = .
                0x20001000                . = (. + 0x400)
 *fill*         0x20000c00      0x400 
                0x00000001                ASSERT ((__cy_stack_limit >= __cy_heap_limit), region RAM overflowed with stack)

.cyloadermeta   0xf0000000       0x40
 *(.cyloadermeta)
 .cyloadermeta  0xf0000000       0x40 .\CortexM0\ARM_GCC_484\Debug\cybootloader.o
                0xf0000000                cy_meta_loader

.cyloadablemeta
                0x00007fc0       0x40
 *(.cyloadablemeta)
 .cyloadablemeta
                0x00007fc0       0x40 .\CortexM0\ARM_GCC_484\Debug\cymetadata.o
                0x00007fc0                cy_meta_loadable

.cyflashprotect
                0x90400000       0x20
 *(.cyflashprotect)
 .cyflashprotect
                0x90400000       0x20 .\CortexM0\ARM_GCC_484\Debug\cybootloader.o
                0x90400000                cy_meta_flashprotect

.cymeta         0x90500000        0xc
 *(.cymeta)
 .cymeta        0x90500000        0xc .\CortexM0\ARM_GCC_484\Debug\cybootloader.o
                0x90500000                cy_metadata

.cychipprotect  0x90600000        0x4
 *(.cychipprotect)
 .cychipprotect
                0x90600000        0x4 .\CortexM0\ARM_GCC_484\Debug\cybootloader.o
                0x90600000                cy_meta_chipprotect

.rel.dyn        0x00008000        0x0 load address 0x90600004
 .rel.iplt      0x00000000        0x0 c:/works/programs/psoc_creator/psoc creator/3.2/psoc_creator/import/gnu/arm/4.8.4/bin/../lib/gcc/arm-none-eabi/4.8.4/armv6-m/crtbegin.o

.stab
 *(.stab)

.stabstr
 *(.stabstr)

.debug
 *(.debug)

.line
 *(.line)

.debug_srcinfo
 *(.debug_srcinfo)

.debug_sfnames
 *(.debug_sfnames)

.debug_aranges  0x00000000      0x4e8
 *(.debug_aranges)
 .debug_aranges
                0x00000000       0x20 .\CortexM0\ARM_GCC_484\Debug\main.o
 .debug_aranges
                0x00000020       0x18 .\CortexM0\ARM_GCC_484\Debug\cybootloader.o
 .debug_aranges
                0x00000038       0x18 .\CortexM0\ARM_GCC_484\Debug\cymetadata.o
 .debug_aranges
                0x00000050       0x48 .\CortexM0\ARM_GCC_484\Debug\Cm0Start.o
 .debug_aranges
                0x00000098       0x50 .\CortexM0\ARM_GCC_484\Debug\Bootloadable Blinking LED.a(cyfitter_cfg.o)
 .debug_aranges
                0x000000e8      0x158 .\CortexM0\ARM_GCC_484\Debug\Bootloadable Blinking LED.a(PWM.o)
 .debug_aranges
                0x00000240       0x20 .\CortexM0\ARM_GCC_484\Debug\Bootloadable Blinking LED.a(CyBootAsmGnu.o)
 .debug_aranges
                0x00000260      0x230 .\CortexM0\ARM_GCC_484\Debug\Bootloadable Blinking LED.a(CyLib.o)
 .debug_aranges
                0x00000490       0x58 .\CortexM0\ARM_GCC_484\Debug\Bootloadable Blinking LED.a(cyPm.o)

.debug_pubnames
 *(.debug_pubnames)

.debug_info     0x00000000     0x1ed8
 *(.debug_info .gnu.linkonce.wi.*)
 .debug_info    0x00000000       0x9d .\CortexM0\ARM_GCC_484\Debug\main.o
 .debug_info    0x0000009d      0x14d .\CortexM0\ARM_GCC_484\Debug\cybootloader.o
 .debug_info    0x000001ea       0xb1 .\CortexM0\ARM_GCC_484\Debug\cymetadata.o
 .debug_info    0x0000029b      0x310 .\CortexM0\ARM_GCC_484\Debug\Cm0Start.o
 .debug_info    0x000005ab      0x352 .\CortexM0\ARM_GCC_484\Debug\Bootloadable Blinking LED.a(cyfitter_cfg.o)
 .debug_info    0x000008fd      0x6f0 .\CortexM0\ARM_GCC_484\Debug\Bootloadable Blinking LED.a(PWM.o)
 .debug_info    0x00000fed       0x93 .\CortexM0\ARM_GCC_484\Debug\Bootloadable Blinking LED.a(CyBootAsmGnu.o)
 .debug_info    0x00001080      0xc5b .\CortexM0\ARM_GCC_484\Debug\Bootloadable Blinking LED.a(CyLib.o)
 .debug_info    0x00001cdb      0x1fd .\CortexM0\ARM_GCC_484\Debug\Bootloadable Blinking LED.a(cyPm.o)

.debug_abbrev   0x00000000      0x881
 *(.debug_abbrev)
 .debug_abbrev  0x00000000       0x42 .\CortexM0\ARM_GCC_484\Debug\main.o
 .debug_abbrev  0x00000042       0x77 .\CortexM0\ARM_GCC_484\Debug\cybootloader.o
 .debug_abbrev  0x000000b9       0x5d .\CortexM0\ARM_GCC_484\Debug\cymetadata.o
 .debug_abbrev  0x00000116      0x1c5 .\CortexM0\ARM_GCC_484\Debug\Cm0Start.o
 .debug_abbrev  0x000002db      0x18a .\CortexM0\ARM_GCC_484\Debug\Bootloadable Blinking LED.a(cyfitter_cfg.o)
 .debug_abbrev  0x00000465      0x109 .\CortexM0\ARM_GCC_484\Debug\Bootloadable Blinking LED.a(PWM.o)
 .debug_abbrev  0x0000056e       0x14 .\CortexM0\ARM_GCC_484\Debug\Bootloadable Blinking LED.a(CyBootAsmGnu.o)
 .debug_abbrev  0x00000582      0x207 .\CortexM0\ARM_GCC_484\Debug\Bootloadable Blinking LED.a(CyLib.o)
 .debug_abbrev  0x00000789       0xf8 .\CortexM0\ARM_GCC_484\Debug\Bootloadable Blinking LED.a(cyPm.o)

.debug_line     0x00000000     0x1035
 *(.debug_line)
 .debug_line    0x00000000       0x43 .\CortexM0\ARM_GCC_484\Debug\main.o
 .debug_line    0x00000043       0x55 .\CortexM0\ARM_GCC_484\Debug\cybootloader.o
 .debug_line    0x00000098       0x53 .\CortexM0\ARM_GCC_484\Debug\cymetadata.o
 .debug_line    0x000000eb      0x1b9 .\CortexM0\ARM_GCC_484\Debug\Cm0Start.o
 .debug_line    0x000002a4      0x18d .\CortexM0\ARM_GCC_484\Debug\Bootloadable Blinking LED.a(cyfitter_cfg.o)
 .debug_line    0x00000431      0x372 .\CortexM0\ARM_GCC_484\Debug\Bootloadable Blinking LED.a(PWM.o)
 .debug_line    0x000007a3       0x69 .\CortexM0\ARM_GCC_484\Debug\Bootloadable Blinking LED.a(CyBootAsmGnu.o)
 .debug_line    0x0000080c      0x703 .\CortexM0\ARM_GCC_484\Debug\Bootloadable Blinking LED.a(CyLib.o)
 .debug_line    0x00000f0f      0x126 .\CortexM0\ARM_GCC_484\Debug\Bootloadable Blinking LED.a(cyPm.o)

.debug_frame    0x00000000     0x1164
 *(.debug_frame)
 .debug_frame   0x00000000       0x2c .\CortexM0\ARM_GCC_484\Debug\main.o
 .debug_frame   0x0000002c       0xc8 .\CortexM0\ARM_GCC_484\Debug\Cm0Start.o
 .debug_frame   0x000000f4       0xe8 .\CortexM0\ARM_GCC_484\Debug\Bootloadable Blinking LED.a(cyfitter_cfg.o)
 .debug_frame   0x000001dc      0x52c .\CortexM0\ARM_GCC_484\Debug\Bootloadable Blinking LED.a(PWM.o)
 .debug_frame   0x00000708      0x83c .\CortexM0\ARM_GCC_484\Debug\Bootloadable Blinking LED.a(CyLib.o)
 .debug_frame   0x00000f44      0x124 .\CortexM0\ARM_GCC_484\Debug\Bootloadable Blinking LED.a(cyPm.o)
 .debug_frame   0x00001068       0x20 c:/works/programs/psoc_creator/psoc creator/3.2/psoc_creator/import/gnu/arm/4.8.4/bin/../lib/gcc/arm-none-eabi/4.8.4/armv6-m\libgcc.a(_udivsi3.o)
 .debug_frame   0x00001088       0x20 c:/works/programs/psoc_creator/psoc creator/3.2/psoc_creator/import/gnu/arm/4.8.4/bin/../lib/gcc/arm-none-eabi/4.8.4/armv6-m\libgcc.a(_divsi3.o)
 .debug_frame   0x000010a8       0x20 c:/works/programs/psoc_creator/psoc creator/3.2/psoc_creator/import/gnu/arm/4.8.4/bin/../lib/gcc/arm-none-eabi/4.8.4/../../../../arm-none-eabi/lib/armv6-m\libg_s.a(lib_a-errno.o)
 .debug_frame   0x000010c8       0x28 c:/works/programs/psoc_creator/psoc creator/3.2/psoc_creator/import/gnu/arm/4.8.4/bin/../lib/gcc/arm-none-eabi/4.8.4/../../../../arm-none-eabi/lib/armv6-m\libg_s.a(lib_a-exit.o)
 .debug_frame   0x000010f0       0x2c c:/works/programs/psoc_creator/psoc creator/3.2/psoc_creator/import/gnu/arm/4.8.4/bin/../lib/gcc/arm-none-eabi/4.8.4/../../../../arm-none-eabi/lib/armv6-m\libg_s.a(lib_a-init.o)
 .debug_frame   0x0000111c       0x28 c:/works/programs/psoc_creator/psoc creator/3.2/psoc_creator/import/gnu/arm/4.8.4/bin/../lib/gcc/arm-none-eabi/4.8.4/../../../../arm-none-eabi/lib/armv6-m\libg_s.a(lib_a-memcpy-stub.o)
 .debug_frame   0x00001144       0x20 c:/works/programs/psoc_creator/psoc creator/3.2/psoc_creator/import/gnu/arm/4.8.4/bin/../lib/gcc/arm-none-eabi/4.8.4/../../../../arm-none-eabi/lib/armv6-m\libg_s.a(lib_a-memset.o)

.debug_str      0x00000000      0xfbc
 *(.debug_str)
 .debug_str     0x00000000      0x133 .\CortexM0\ARM_GCC_484\Debug\main.o
                                0x16c (size before relaxing)
 .debug_str     0x00000133       0x80 .\CortexM0\ARM_GCC_484\Debug\cybootloader.o
                                0x1de (size before relaxing)
 .debug_str     0x000001b3       0x37 .\CortexM0\ARM_GCC_484\Debug\cymetadata.o
                                0x19b (size before relaxing)
 .debug_str     0x000001ea      0x14b .\CortexM0\ARM_GCC_484\Debug\Cm0Start.o
                                0x2bc (size before relaxing)
 .debug_str     0x00000335      0x104 .\CortexM0\ARM_GCC_484\Debug\Bootloadable Blinking LED.a(cyfitter_cfg.o)
                                0x2a5 (size before relaxing)
 .debug_str     0x00000439      0x39e .\CortexM0\ARM_GCC_484\Debug\Bootloadable Blinking LED.a(PWM.o)
                                0x515 (size before relaxing)
 .debug_str     0x000007d7      0x71d .\CortexM0\ARM_GCC_484\Debug\Bootloadable Blinking LED.a(CyLib.o)
                                0x8c6 (size before relaxing)
 .debug_str     0x00000ef4       0xc8 .\CortexM0\ARM_GCC_484\Debug\Bootloadable Blinking LED.a(cyPm.o)
                                0x256 (size before relaxing)

.debug_loc
 *(.debug_loc)

.debug_macinfo
 *(.debug_macinfo)

.debug_ranges   0x00000000      0x438
 *(.debug_ranges)
 .debug_ranges  0x00000000       0x10 .\CortexM0\ARM_GCC_484\Debug\main.o
 .debug_ranges  0x00000010       0x38 .\CortexM0\ARM_GCC_484\Debug\Cm0Start.o
 .debug_ranges  0x00000048       0x40 .\CortexM0\ARM_GCC_484\Debug\Bootloadable Blinking LED.a(cyfitter_cfg.o)
 .debug_ranges  0x00000088      0x148 .\CortexM0\ARM_GCC_484\Debug\Bootloadable Blinking LED.a(PWM.o)
 .debug_ranges  0x000001d0      0x220 .\CortexM0\ARM_GCC_484\Debug\Bootloadable Blinking LED.a(CyLib.o)
 .debug_ranges  0x000003f0       0x48 .\CortexM0\ARM_GCC_484\Debug\Bootloadable Blinking LED.a(cyPm.o)

.comment        0x00000000       0x70
 .comment       0x00000000       0x70 .\CortexM0\ARM_GCC_484\Debug\main.o
                                 0x71 (size before relaxing)
 .comment       0x00000000       0x71 .\CortexM0\ARM_GCC_484\Debug\cybootloader.o
 .comment       0x00000000       0x71 .\CortexM0\ARM_GCC_484\Debug\cymetadata.o
 .comment       0x00000000       0x71 .\CortexM0\ARM_GCC_484\Debug\Cm0Start.o
 .comment       0x00000000       0x71 .\CortexM0\ARM_GCC_484\Debug\Bootloadable Blinking LED.a(cyfitter_cfg.o)
 .comment       0x00000000       0x71 .\CortexM0\ARM_GCC_484\Debug\Bootloadable Blinking LED.a(PWM.o)
 .comment       0x00000000       0x71 .\CortexM0\ARM_GCC_484\Debug\Bootloadable Blinking LED.a(CyLib.o)
 .comment       0x00000000       0x71 .\CortexM0\ARM_GCC_484\Debug\Bootloadable Blinking LED.a(cyPm.o)

.debug_weaknames
 *(.debug_weaknames)

.debug_funcnames
 *(.debug_funcnames)

.debug_typenames
 *(.debug_typenames)

.debug_varnames
 *(.debug_varnames)

.note.gnu.arm.ident
 *(.note.gnu.arm.ident)

.ARM.attributes
                0x00000000       0x28
 *(.ARM.attributes)
 .ARM.attributes
                0x00000000       0x1e c:/works/programs/psoc_creator/psoc creator/3.2/psoc_creator/import/gnu/arm/4.8.4/bin/../lib/gcc/arm-none-eabi/4.8.4/armv6-m/crti.o
 .ARM.attributes
                0x0000001e       0x2c c:/works/programs/psoc_creator/psoc creator/3.2/psoc_creator/import/gnu/arm/4.8.4/bin/../lib/gcc/arm-none-eabi/4.8.4/armv6-m/crtbegin.o
 .ARM.attributes
                0x0000004a       0x1b c:/works/programs/psoc_creator/psoc creator/3.2/psoc_creator/import/gnu/arm/4.8.4/bin/../lib/gcc/arm-none-eabi/4.8.4/../../../../arm-none-eabi/lib/armv6-m/crt0.o
 .ARM.attributes
                0x00000065       0x31 .\CortexM0\ARM_GCC_484\Debug\main.o
 .ARM.attributes
                0x00000096       0x31 .\CortexM0\ARM_GCC_484\Debug\cybootloader.o
 .ARM.attributes
                0x000000c7       0x31 .\CortexM0\ARM_GCC_484\Debug\cymetadata.o
 .ARM.attributes
                0x000000f8       0x31 .\CortexM0\ARM_GCC_484\Debug\Cm0Start.o
 .ARM.attributes
                0x00000129       0x31 .\CortexM0\ARM_GCC_484\Debug\Bootloadable Blinking LED.a(cyfitter_cfg.o)
 .ARM.attributes
                0x0000015a       0x31 .\CortexM0\ARM_GCC_484\Debug\Bootloadable Blinking LED.a(PWM.o)
 .ARM.attributes
                0x0000018b       0x21 .\CortexM0\ARM_GCC_484\Debug\Bootloadable Blinking LED.a(CyBootAsmGnu.o)
 .ARM.attributes
                0x000001ac       0x31 .\CortexM0\ARM_GCC_484\Debug\Bootloadable Blinking LED.a(CyLib.o)
 .ARM.attributes
                0x000001dd       0x31 .\CortexM0\ARM_GCC_484\Debug\Bootloadable Blinking LED.a(cyPm.o)
 .ARM.attributes
                0x0000020e       0x1e c:/works/programs/psoc_creator/psoc creator/3.2/psoc_creator/import/gnu/arm/4.8.4/bin/../lib/gcc/arm-none-eabi/4.8.4/armv6-m\libgcc.a(_udivsi3.o)
 .ARM.attributes
                0x0000022c       0x1e c:/works/programs/psoc_creator/psoc creator/3.2/psoc_creator/import/gnu/arm/4.8.4/bin/../lib/gcc/arm-none-eabi/4.8.4/armv6-m\libgcc.a(_divsi3.o)
 .ARM.attributes
                0x0000024a       0x1e c:/works/programs/psoc_creator/psoc creator/3.2/psoc_creator/import/gnu/arm/4.8.4/bin/../lib/gcc/arm-none-eabi/4.8.4/armv6-m\libgcc.a(_dvmd_tls.o)
 .ARM.attributes
                0x00000268       0x2c c:/works/programs/psoc_creator/psoc creator/3.2/psoc_creator/import/gnu/arm/4.8.4/bin/../lib/gcc/arm-none-eabi/4.8.4/../../../../arm-none-eabi/lib/armv6-m\libg_s.a(lib_a-errno.o)
 .ARM.attributes
                0x00000294       0x2c c:/works/programs/psoc_creator/psoc creator/3.2/psoc_creator/import/gnu/arm/4.8.4/bin/../lib/gcc/arm-none-eabi/4.8.4/../../../../arm-none-eabi/lib/armv6-m\libg_s.a(lib_a-exit.o)
 .ARM.attributes
                0x000002c0       0x2c c:/works/programs/psoc_creator/psoc creator/3.2/psoc_creator/import/gnu/arm/4.8.4/bin/../lib/gcc/arm-none-eabi/4.8.4/../../../../arm-none-eabi/lib/armv6-m\libg_s.a(lib_a-impure.o)
 .ARM.attributes
                0x000002ec       0x2c c:/works/programs/psoc_creator/psoc creator/3.2/psoc_creator/import/gnu/arm/4.8.4/bin/../lib/gcc/arm-none-eabi/4.8.4/../../../../arm-none-eabi/lib/armv6-m\libg_s.a(lib_a-init.o)
 .ARM.attributes
                0x00000318       0x2c c:/works/programs/psoc_creator/psoc creator/3.2/psoc_creator/import/gnu/arm/4.8.4/bin/../lib/gcc/arm-none-eabi/4.8.4/../../../../arm-none-eabi/lib/armv6-m\libg_s.a(lib_a-memcpy-stub.o)
 .ARM.attributes
                0x00000344       0x2c c:/works/programs/psoc_creator/psoc creator/3.2/psoc_creator/import/gnu/arm/4.8.4/bin/../lib/gcc/arm-none-eabi/4.8.4/../../../../arm-none-eabi/lib/armv6-m\libg_s.a(lib_a-memset.o)
 .ARM.attributes
                0x00000370       0x2c c:/works/programs/psoc_creator/psoc creator/3.2/psoc_creator/import/gnu/arm/4.8.4/bin/../lib/gcc/arm-none-eabi/4.8.4/armv6-m/crtend.o
 .ARM.attributes
                0x0000039c       0x1e c:/works/programs/psoc_creator/psoc creator/3.2/psoc_creator/import/gnu/arm/4.8.4/bin/../lib/gcc/arm-none-eabi/4.8.4/armv6-m/crtn.o

/DISCARD/
 *(.note.GNU-stack)
OUTPUT(.\CortexM0\ARM_GCC_484\Debug\Bootloadable Blinking LED.elf elf32-littlearm)
