Archive member included because of file (symbol)

.\CortexM0\ARM_GCC_484\Debug\UART_Bootloader.a(cyfitter_cfg.o)
                              .\CortexM0\ARM_GCC_484\Debug\Cm0Start.o (cyfitter_cfg)
.\CortexM0\ARM_GCC_484\Debug\UART_Bootloader.a(Bootloader.o)
                              .\CortexM0\ARM_GCC_484\Debug\Cm0Start.o (CyBtldr_CheckLaunch)
.\CortexM0\ARM_GCC_484\Debug\UART_Bootloader.a(UART.o)
                              .\CortexM0\ARM_GCC_484\Debug\UART_Btldr.o (UART_Start)
.\CortexM0\ARM_GCC_484\Debug\UART_Bootloader.a(UART_SPI_UART.o)
                              .\CortexM0\ARM_GCC_484\Debug\UART_Btldr.o (UART_SpiUartReadRxData)
.\CortexM0\ARM_GCC_484\Debug\UART_Bootloader.a(UART_UART.o)
                              .\CortexM0\ARM_GCC_484\Debug\UART_Bootloader.a(UART.o) (UART_UartInit)
.\CortexM0\ARM_GCC_484\Debug\UART_Bootloader.a(PWM.o)
                              .\CortexM0\ARM_GCC_484\Debug\main.o (PWM_Start)
.\CortexM0\ARM_GCC_484\Debug\UART_Bootloader.a(Boot_P0_7.o)
                              .\CortexM0\ARM_GCC_484\Debug\main.o (Boot_P0_7_Read)
.\CortexM0\ARM_GCC_484\Debug\UART_Bootloader.a(CyBootAsmGnu.o)
                              .\CortexM0\ARM_GCC_484\Debug\UART_Bootloader.a(PWM.o) (CyEnterCriticalSection)
.\CortexM0\ARM_GCC_484\Debug\UART_Bootloader.a(CyFlash.o)
                              .\CortexM0\ARM_GCC_484\Debug\UART_Bootloader.a(Bootloader.o) (CySysFlashWriteRow)
.\CortexM0\ARM_GCC_484\Debug\UART_Bootloader.a(CyLib.o)
                              .\CortexM0\ARM_GCC_484\Debug\UART_Bootloader.a(UART_UART.o) (CyIntSetVector)
.\CortexM0\ARM_GCC_484\Debug\UART_Bootloader.a(UART_SPI_UART_INT.o)
                              .\CortexM0\ARM_GCC_484\Debug\UART_Bootloader.a(UART_UART.o) (UART_SPI_UART_ISR)
c:/works/programs/psoc_creator/psoc creator/3.2/psoc_creator/import/gnu/arm/4.8.4/bin/../lib/gcc/arm-none-eabi/4.8.4/armv6-m\libgcc.a(_thumb1_case_uqi.o)
                              .\CortexM0\ARM_GCC_484\Debug\UART_Bootloader.a(Bootloader.o) (__gnu_thumb1_case_uqi)
c:/works/programs/psoc_creator/psoc creator/3.2/psoc_creator/import/gnu/arm/4.8.4/bin/../lib/gcc/arm-none-eabi/4.8.4/armv6-m\libgcc.a(_thumb1_case_shi.o)
                              .\CortexM0\ARM_GCC_484\Debug\UART_Bootloader.a(Bootloader.o) (__gnu_thumb1_case_shi)
c:/works/programs/psoc_creator/psoc creator/3.2/psoc_creator/import/gnu/arm/4.8.4/bin/../lib/gcc/arm-none-eabi/4.8.4/armv6-m\libgcc.a(_udivsi3.o)
                              .\CortexM0\ARM_GCC_484\Debug\UART_Bootloader.a(CyLib.o) (__aeabi_uidiv)
c:/works/programs/psoc_creator/psoc creator/3.2/psoc_creator/import/gnu/arm/4.8.4/bin/../lib/gcc/arm-none-eabi/4.8.4/armv6-m\libgcc.a(_dvmd_tls.o)
                              c:/works/programs/psoc_creator/psoc creator/3.2/psoc_creator/import/gnu/arm/4.8.4/bin/../lib/gcc/arm-none-eabi/4.8.4/armv6-m\libgcc.a(_udivsi3.o) (__aeabi_idiv0)
c:/works/programs/psoc_creator/psoc creator/3.2/psoc_creator/import/gnu/arm/4.8.4/bin/../lib/gcc/arm-none-eabi/4.8.4/../../../../arm-none-eabi/lib/armv6-m\libg_s.a(lib_a-errno.o)
                              .\CortexM0\ARM_GCC_484\Debug\Cm0Start.o (__errno)
c:/works/programs/psoc_creator/psoc creator/3.2/psoc_creator/import/gnu/arm/4.8.4/bin/../lib/gcc/arm-none-eabi/4.8.4/../../../../arm-none-eabi/lib/armv6-m\libg_s.a(lib_a-exit.o)
                              c:/works/programs/psoc_creator/psoc creator/3.2/psoc_creator/import/gnu/arm/4.8.4/bin/../lib/gcc/arm-none-eabi/4.8.4/../../../../arm-none-eabi/lib/armv6-m/crt0.o (exit)
c:/works/programs/psoc_creator/psoc creator/3.2/psoc_creator/import/gnu/arm/4.8.4/bin/../lib/gcc/arm-none-eabi/4.8.4/../../../../arm-none-eabi/lib/armv6-m\libg_s.a(lib_a-impure.o)
                              c:/works/programs/psoc_creator/psoc creator/3.2/psoc_creator/import/gnu/arm/4.8.4/bin/../lib/gcc/arm-none-eabi/4.8.4/../../../../arm-none-eabi/lib/armv6-m\libg_s.a(lib_a-exit.o) (_global_impure_ptr)
c:/works/programs/psoc_creator/psoc creator/3.2/psoc_creator/import/gnu/arm/4.8.4/bin/../lib/gcc/arm-none-eabi/4.8.4/../../../../arm-none-eabi/lib/armv6-m\libg_s.a(lib_a-init.o)
                              c:/works/programs/psoc_creator/psoc creator/3.2/psoc_creator/import/gnu/arm/4.8.4/bin/../lib/gcc/arm-none-eabi/4.8.4/../../../../arm-none-eabi/lib/armv6-m/crt0.o (__libc_init_array)
c:/works/programs/psoc_creator/psoc creator/3.2/psoc_creator/import/gnu/arm/4.8.4/bin/../lib/gcc/arm-none-eabi/4.8.4/../../../../arm-none-eabi/lib/armv6-m\libg_s.a(lib_a-memcpy-stub.o)
                              .\CortexM0\ARM_GCC_484\Debug\UART_Bootloader.a(Bootloader.o) (memcpy)
c:/works/programs/psoc_creator/psoc creator/3.2/psoc_creator/import/gnu/arm/4.8.4/bin/../lib/gcc/arm-none-eabi/4.8.4/../../../../arm-none-eabi/lib/armv6-m\libg_s.a(lib_a-memset.o)
                              c:/works/programs/psoc_creator/psoc creator/3.2/psoc_creator/import/gnu/arm/4.8.4/bin/../lib/gcc/arm-none-eabi/4.8.4/../../../../arm-none-eabi/lib/armv6-m/crt0.o (memset)

Allocating common symbols
Common symbol       size              file

UART_txBufferTail   0x4               .\CortexM0\ARM_GCC_484\Debug\UART_Bootloader.a(UART_SPI_UART.o)
UART_txBufferHead   0x4               .\CortexM0\ARM_GCC_484\Debug\UART_Bootloader.a(UART_SPI_UART.o)
UART_rxBufferTail   0x4               .\CortexM0\ARM_GCC_484\Debug\UART_Bootloader.a(UART_SPI_UART.o)
UART_txBufferInternal
                    0x40              .\CortexM0\ARM_GCC_484\Debug\UART_Bootloader.a(UART_SPI_UART.o)
UART_rxBufferInternal
                    0x41              .\CortexM0\ARM_GCC_484\Debug\UART_Bootloader.a(UART_SPI_UART.o)
UART_rxBufferOverflow
                    0x1               .\CortexM0\ARM_GCC_484\Debug\UART_Bootloader.a(UART_SPI_UART.o)
UART_rxBufferHead   0x4               .\CortexM0\ARM_GCC_484\Debug\UART_Bootloader.a(UART_SPI_UART.o)

Discarded input sections

 .text          0x00000000        0x0 c:/works/programs/psoc_creator/psoc creator/3.2/psoc_creator/import/gnu/arm/4.8.4/bin/../lib/gcc/arm-none-eabi/4.8.4/armv6-m/crti.o
 .data          0x00000000        0x0 c:/works/programs/psoc_creator/psoc creator/3.2/psoc_creator/import/gnu/arm/4.8.4/bin/../lib/gcc/arm-none-eabi/4.8.4/armv6-m/crti.o
 .bss           0x00000000        0x0 c:/works/programs/psoc_creator/psoc creator/3.2/psoc_creator/import/gnu/arm/4.8.4/bin/../lib/gcc/arm-none-eabi/4.8.4/armv6-m/crti.o
 .data          0x00000000        0x4 c:/works/programs/psoc_creator/psoc creator/3.2/psoc_creator/import/gnu/arm/4.8.4/bin/../lib/gcc/arm-none-eabi/4.8.4/armv6-m/crtbegin.o
 .text          0x00000000       0x78 c:/works/programs/psoc_creator/psoc creator/3.2/psoc_creator/import/gnu/arm/4.8.4/bin/../lib/gcc/arm-none-eabi/4.8.4/../../../../arm-none-eabi/lib/armv6-m/crt0.o
 .data          0x00000000        0x0 c:/works/programs/psoc_creator/psoc creator/3.2/psoc_creator/import/gnu/arm/4.8.4/bin/../lib/gcc/arm-none-eabi/4.8.4/../../../../arm-none-eabi/lib/armv6-m/crt0.o
 .bss           0x00000000        0x0 c:/works/programs/psoc_creator/psoc creator/3.2/psoc_creator/import/gnu/arm/4.8.4/bin/../lib/gcc/arm-none-eabi/4.8.4/../../../../arm-none-eabi/lib/armv6-m/crt0.o
 .ARM.extab     0x00000000        0x0 c:/works/programs/psoc_creator/psoc creator/3.2/psoc_creator/import/gnu/arm/4.8.4/bin/../lib/gcc/arm-none-eabi/4.8.4/../../../../arm-none-eabi/lib/armv6-m/crt0.o
 .ARM.exidx     0x00000000        0x8 c:/works/programs/psoc_creator/psoc creator/3.2/psoc_creator/import/gnu/arm/4.8.4/bin/../lib/gcc/arm-none-eabi/4.8.4/../../../../arm-none-eabi/lib/armv6-m/crt0.o
 .text          0x00000000        0x0 .\CortexM0\ARM_GCC_484\Debug\main.o
 .data          0x00000000        0x0 .\CortexM0\ARM_GCC_484\Debug\main.o
 .bss           0x00000000        0x0 .\CortexM0\ARM_GCC_484\Debug\main.o
 .text          0x00000000        0x0 .\CortexM0\ARM_GCC_484\Debug\UART_Btldr.o
 .data          0x00000000        0x0 .\CortexM0\ARM_GCC_484\Debug\UART_Btldr.o
 .text.CyBtldrCommStop
                0x00000000        0x8 .\CortexM0\ARM_GCC_484\Debug\UART_Btldr.o
 .text.CyBtldrCommReset
                0x00000000        0xc .\CortexM0\ARM_GCC_484\Debug\UART_Btldr.o
 .text          0x00000000        0x0 .\CortexM0\ARM_GCC_484\Debug\cymetadata.o
 .data          0x00000000        0x0 .\CortexM0\ARM_GCC_484\Debug\cymetadata.o
 .bss           0x00000000        0x0 .\CortexM0\ARM_GCC_484\Debug\cymetadata.o
 .text          0x00000000        0x0 .\CortexM0\ARM_GCC_484\Debug\Cm0Start.o
 .data          0x00000000        0x4 .\CortexM0\ARM_GCC_484\Debug\Cm0Start.o
 .bss           0x00000000        0x0 .\CortexM0\ARM_GCC_484\Debug\Cm0Start.o
 .text._exit    0x00000000        0x2 .\CortexM0\ARM_GCC_484\Debug\Cm0Start.o
 .text._sbrk    0x00000000       0x30 .\CortexM0\ARM_GCC_484\Debug\Cm0Start.o
 .text          0x00000000        0x0 .\CortexM0\ARM_GCC_484\Debug\UART_Bootloader.a(cyfitter_cfg.o)
 .data          0x00000000        0x0 .\CortexM0\ARM_GCC_484\Debug\UART_Bootloader.a(cyfitter_cfg.o)
 .bss           0x00000000        0x0 .\CortexM0\ARM_GCC_484\Debug\UART_Bootloader.a(cyfitter_cfg.o)
 .text          0x00000000        0x0 .\CortexM0\ARM_GCC_484\Debug\UART_Bootloader.a(Bootloader.o)
 .bss           0x00000000        0x0 .\CortexM0\ARM_GCC_484\Debug\UART_Bootloader.a(Bootloader.o)
 .text.Bootloader_SetFlashByte
                0x00000000       0x2c .\CortexM0\ARM_GCC_484\Debug\UART_Bootloader.a(Bootloader.o)
 .text.Bootloader_Exit
                0x00000000       0x34 .\CortexM0\ARM_GCC_484\Debug\UART_Bootloader.a(Bootloader.o)
 .text          0x00000000        0x0 .\CortexM0\ARM_GCC_484\Debug\UART_Bootloader.a(UART.o)
 .data          0x00000000        0x0 .\CortexM0\ARM_GCC_484\Debug\UART_Bootloader.a(UART.o)
 .text.UART_Init
                0x00000000        0x8 .\CortexM0\ARM_GCC_484\Debug\UART_Bootloader.a(UART.o)
 .text.UART_Stop
                0x00000000       0x20 .\CortexM0\ARM_GCC_484\Debug\UART_Bootloader.a(UART.o)
 .text.UART_SetRxFifoLevel
                0x00000000       0x14 .\CortexM0\ARM_GCC_484\Debug\UART_Bootloader.a(UART.o)
 .text.UART_SetTxFifoLevel
                0x00000000       0x14 .\CortexM0\ARM_GCC_484\Debug\UART_Bootloader.a(UART.o)
 .text.UART_SetCustomInterruptHandler
                0x00000000        0xc .\CortexM0\ARM_GCC_484\Debug\UART_Bootloader.a(UART.o)
 .text.UART_I2CSlaveNackGeneration
                0x00000000       0x3c .\CortexM0\ARM_GCC_484\Debug\UART_Bootloader.a(UART.o)
 .text          0x00000000        0x0 .\CortexM0\ARM_GCC_484\Debug\UART_Bootloader.a(UART_SPI_UART.o)
 .data          0x00000000        0x0 .\CortexM0\ARM_GCC_484\Debug\UART_Bootloader.a(UART_SPI_UART.o)
 .bss           0x00000000        0x0 .\CortexM0\ARM_GCC_484\Debug\UART_Bootloader.a(UART_SPI_UART.o)
 .text.UART_SpiUartGetTxBufferSize
                0x00000000       0x1c .\CortexM0\ARM_GCC_484\Debug\UART_Bootloader.a(UART_SPI_UART.o)
 .text.UART_SpiUartDisableIntRx
                0x00000000       0x10 .\CortexM0\ARM_GCC_484\Debug\UART_Bootloader.a(UART_SPI_UART.o)
 .text.UART_SpiUartDisableIntTx
                0x00000000       0x10 .\CortexM0\ARM_GCC_484\Debug\UART_Bootloader.a(UART_SPI_UART.o)
 .text          0x00000000        0x0 .\CortexM0\ARM_GCC_484\Debug\UART_Bootloader.a(UART_UART.o)
 .data          0x00000000        0x0 .\CortexM0\ARM_GCC_484\Debug\UART_Bootloader.a(UART_UART.o)
 .bss           0x00000000        0x0 .\CortexM0\ARM_GCC_484\Debug\UART_Bootloader.a(UART_UART.o)
 .text.UART_UartSetRxAddress
                0x00000000       0x14 .\CortexM0\ARM_GCC_484\Debug\UART_Bootloader.a(UART_UART.o)
 .text.UART_UartSetRxAddressMask
                0x00000000       0x18 .\CortexM0\ARM_GCC_484\Debug\UART_Bootloader.a(UART_UART.o)
 .text.UART_UartGetChar
                0x00000000       0x28 .\CortexM0\ARM_GCC_484\Debug\UART_Bootloader.a(UART_UART.o)
 .text.UART_UartGetByte
                0x00000000       0x40 .\CortexM0\ARM_GCC_484\Debug\UART_Bootloader.a(UART_UART.o)
 .text.UART_UartPutString
                0x00000000       0x16 .\CortexM0\ARM_GCC_484\Debug\UART_Bootloader.a(UART_UART.o)
 .text.UART_UartPutCRLF
                0x00000000       0x14 .\CortexM0\ARM_GCC_484\Debug\UART_Bootloader.a(UART_UART.o)
 .text          0x00000000        0x0 .\CortexM0\ARM_GCC_484\Debug\UART_Bootloader.a(PWM.o)
 .data          0x00000000        0x0 .\CortexM0\ARM_GCC_484\Debug\UART_Bootloader.a(PWM.o)
 .text.PWM_Stop
                0x00000000       0x1c .\CortexM0\ARM_GCC_484\Debug\UART_Bootloader.a(PWM.o)
 .text.PWM_SetMode
                0x00000000       0x28 .\CortexM0\ARM_GCC_484\Debug\UART_Bootloader.a(PWM.o)
 .text.PWM_SetQDMode
                0x00000000       0x28 .\CortexM0\ARM_GCC_484\Debug\UART_Bootloader.a(PWM.o)
 .text.PWM_SetPrescaler
                0x00000000       0x28 .\CortexM0\ARM_GCC_484\Debug\UART_Bootloader.a(PWM.o)
 .text.PWM_SetOneShot
                0x00000000       0x2c .\CortexM0\ARM_GCC_484\Debug\UART_Bootloader.a(PWM.o)
 .text.PWM_SetPWMMode
                0x00000000       0x10 .\CortexM0\ARM_GCC_484\Debug\UART_Bootloader.a(PWM.o)
 .text.PWM_SetPWMSyncKill
                0x00000000       0x28 .\CortexM0\ARM_GCC_484\Debug\UART_Bootloader.a(PWM.o)
 .text.PWM_SetPWMStopOnKill
                0x00000000       0x28 .\CortexM0\ARM_GCC_484\Debug\UART_Bootloader.a(PWM.o)
 .text.PWM_SetPWMDeadTime
                0x00000000       0x2c .\CortexM0\ARM_GCC_484\Debug\UART_Bootloader.a(PWM.o)
 .text.PWM_SetPWMInvert
                0x00000000       0x28 .\CortexM0\ARM_GCC_484\Debug\UART_Bootloader.a(PWM.o)
 .text.PWM_WriteCounter
                0x00000000        0xc .\CortexM0\ARM_GCC_484\Debug\UART_Bootloader.a(PWM.o)
 .text.PWM_ReadCounter
                0x00000000        0xc .\CortexM0\ARM_GCC_484\Debug\UART_Bootloader.a(PWM.o)
 .text.PWM_SetCounterMode
                0x00000000       0x28 .\CortexM0\ARM_GCC_484\Debug\UART_Bootloader.a(PWM.o)
 .text.PWM_WritePeriod
                0x00000000        0xc .\CortexM0\ARM_GCC_484\Debug\UART_Bootloader.a(PWM.o)
 .text.PWM_ReadPeriod
                0x00000000        0xc .\CortexM0\ARM_GCC_484\Debug\UART_Bootloader.a(PWM.o)
 .text.PWM_SetCompareSwap
                0x00000000       0x24 .\CortexM0\ARM_GCC_484\Debug\UART_Bootloader.a(PWM.o)
 .text.PWM_WritePeriodBuf
                0x00000000        0xc .\CortexM0\ARM_GCC_484\Debug\UART_Bootloader.a(PWM.o)
 .text.PWM_ReadPeriodBuf
                0x00000000        0xc .\CortexM0\ARM_GCC_484\Debug\UART_Bootloader.a(PWM.o)
 .text.PWM_SetPeriodSwap
                0x00000000       0x28 .\CortexM0\ARM_GCC_484\Debug\UART_Bootloader.a(PWM.o)
 .text.PWM_WriteCompare
                0x00000000        0xc .\CortexM0\ARM_GCC_484\Debug\UART_Bootloader.a(PWM.o)
 .text.PWM_ReadCompare
                0x00000000        0xc .\CortexM0\ARM_GCC_484\Debug\UART_Bootloader.a(PWM.o)
 .text.PWM_WriteCompareBuf
                0x00000000        0xc .\CortexM0\ARM_GCC_484\Debug\UART_Bootloader.a(PWM.o)
 .text.PWM_ReadCompareBuf
                0x00000000        0xc .\CortexM0\ARM_GCC_484\Debug\UART_Bootloader.a(PWM.o)
 .text.PWM_ReadCapture
                0x00000000        0xc .\CortexM0\ARM_GCC_484\Debug\UART_Bootloader.a(PWM.o)
 .text.PWM_ReadCaptureBuf
                0x00000000        0xc .\CortexM0\ARM_GCC_484\Debug\UART_Bootloader.a(PWM.o)
 .text.PWM_SetCaptureMode
                0x00000000       0x24 .\CortexM0\ARM_GCC_484\Debug\UART_Bootloader.a(PWM.o)
 .text.PWM_SetReloadMode
                0x00000000       0x24 .\CortexM0\ARM_GCC_484\Debug\UART_Bootloader.a(PWM.o)
 .text.PWM_SetStartMode
                0x00000000       0x28 .\CortexM0\ARM_GCC_484\Debug\UART_Bootloader.a(PWM.o)
 .text.PWM_SetStopMode
                0x00000000       0x24 .\CortexM0\ARM_GCC_484\Debug\UART_Bootloader.a(PWM.o)
 .text.PWM_SetCountMode
                0x00000000       0x24 .\CortexM0\ARM_GCC_484\Debug\UART_Bootloader.a(PWM.o)
 .text.PWM_TriggerCommand
                0x00000000       0x1c .\CortexM0\ARM_GCC_484\Debug\UART_Bootloader.a(PWM.o)
 .text.PWM_ReadStatus
                0x00000000       0x14 .\CortexM0\ARM_GCC_484\Debug\UART_Bootloader.a(PWM.o)
 .text.PWM_SetInterruptMode
                0x00000000        0xc .\CortexM0\ARM_GCC_484\Debug\UART_Bootloader.a(PWM.o)
 .text.PWM_GetInterruptSourceMasked
                0x00000000        0xc .\CortexM0\ARM_GCC_484\Debug\UART_Bootloader.a(PWM.o)
 .text.PWM_GetInterruptSource
                0x00000000        0xc .\CortexM0\ARM_GCC_484\Debug\UART_Bootloader.a(PWM.o)
 .text.PWM_ClearInterrupt
                0x00000000        0xc .\CortexM0\ARM_GCC_484\Debug\UART_Bootloader.a(PWM.o)
 .text.PWM_SetInterrupt
                0x00000000        0xc .\CortexM0\ARM_GCC_484\Debug\UART_Bootloader.a(PWM.o)
 .text          0x00000000        0x0 .\CortexM0\ARM_GCC_484\Debug\UART_Bootloader.a(Boot_P0_7.o)
 .data          0x00000000        0x0 .\CortexM0\ARM_GCC_484\Debug\UART_Bootloader.a(Boot_P0_7.o)
 .bss           0x00000000        0x0 .\CortexM0\ARM_GCC_484\Debug\UART_Bootloader.a(Boot_P0_7.o)
 .text.Boot_P0_7_Write
                0x00000000       0x18 .\CortexM0\ARM_GCC_484\Debug\UART_Bootloader.a(Boot_P0_7.o)
 .text.Boot_P0_7_SetDriveMode
                0x00000000       0x1c .\CortexM0\ARM_GCC_484\Debug\UART_Bootloader.a(Boot_P0_7.o)
 .text.Boot_P0_7_ReadDataReg
                0x00000000       0x10 .\CortexM0\ARM_GCC_484\Debug\UART_Bootloader.a(Boot_P0_7.o)
 .text.Boot_P0_7_ClearInterrupt
                0x00000000       0x14 .\CortexM0\ARM_GCC_484\Debug\UART_Bootloader.a(Boot_P0_7.o)
 .data          0x00000000        0x0 .\CortexM0\ARM_GCC_484\Debug\UART_Bootloader.a(CyBootAsmGnu.o)
 .bss           0x00000000        0x0 .\CortexM0\ARM_GCC_484\Debug\UART_Bootloader.a(CyBootAsmGnu.o)
 .text          0x00000000        0x0 .\CortexM0\ARM_GCC_484\Debug\UART_Bootloader.a(CyFlash.o)
 .data          0x00000000        0x0 .\CortexM0\ARM_GCC_484\Debug\UART_Bootloader.a(CyFlash.o)
 .text.CySysFlashSetWaitCycles
                0x00000000       0x2c .\CortexM0\ARM_GCC_484\Debug\UART_Bootloader.a(CyFlash.o)
 .text          0x00000000        0x0 .\CortexM0\ARM_GCC_484\Debug\UART_Bootloader.a(CyLib.o)
 .bss           0x00000000       0x24 .\CortexM0\ARM_GCC_484\Debug\UART_Bootloader.a(CyLib.o)
 .text.CySysClkImoStart
                0x00000000       0x14 .\CortexM0\ARM_GCC_484\Debug\UART_Bootloader.a(CyLib.o)
 .text.CySysClkImoStop
                0x00000000       0x10 .\CortexM0\ARM_GCC_484\Debug\UART_Bootloader.a(CyLib.o)
 .text.CySysClkIloStart
                0x00000000       0x14 .\CortexM0\ARM_GCC_484\Debug\UART_Bootloader.a(CyLib.o)
 .text.CySysClkWriteHfclkDirect
                0x00000000       0x24 .\CortexM0\ARM_GCC_484\Debug\UART_Bootloader.a(CyLib.o)
 .text.CySysClkWriteSysclkDiv
                0x00000000       0x2c .\CortexM0\ARM_GCC_484\Debug\UART_Bootloader.a(CyLib.o)
 .text.CySysWdtLock
                0x00000000       0x1c .\CortexM0\ARM_GCC_484\Debug\UART_Bootloader.a(CyLib.o)
 .text.CySysWdtUnlock
                0x00000000       0x30 .\CortexM0\ARM_GCC_484\Debug\UART_Bootloader.a(CyLib.o)
 .text.CySysWdtReadEnabledStatus
                0x00000000       0x1c .\CortexM0\ARM_GCC_484\Debug\UART_Bootloader.a(CyLib.o)
 .text.CySysWdtWriteMode
                0x00000000       0x34 .\CortexM0\ARM_GCC_484\Debug\UART_Bootloader.a(CyLib.o)
 .text.CySysWdtReadMode
                0x00000000       0x14 .\CortexM0\ARM_GCC_484\Debug\UART_Bootloader.a(CyLib.o)
 .text.CySysWdtWriteClearOnMatch
                0x00000000       0x34 .\CortexM0\ARM_GCC_484\Debug\UART_Bootloader.a(CyLib.o)
 .text.CySysWdtReadClearOnMatch
                0x00000000       0x1c .\CortexM0\ARM_GCC_484\Debug\UART_Bootloader.a(CyLib.o)
 .text.CySysWdtEnable
                0x00000000       0x34 .\CortexM0\ARM_GCC_484\Debug\UART_Bootloader.a(CyLib.o)
 .text.CySysWdtDisable
                0x00000000       0x2c .\CortexM0\ARM_GCC_484\Debug\UART_Bootloader.a(CyLib.o)
 .text.CySysWdtWriteCascade
                0x00000000       0x34 .\CortexM0\ARM_GCC_484\Debug\UART_Bootloader.a(CyLib.o)
 .text.CySysWdtReadCascade
                0x00000000       0x14 .\CortexM0\ARM_GCC_484\Debug\UART_Bootloader.a(CyLib.o)
 .text.CySysWdtWriteToggleBit
                0x00000000       0x28 .\CortexM0\ARM_GCC_484\Debug\UART_Bootloader.a(CyLib.o)
 .text.CySysWdtReadToggleBit
                0x00000000       0x10 .\CortexM0\ARM_GCC_484\Debug\UART_Bootloader.a(CyLib.o)
 .text.CySysWdtReadMatch
                0x00000000       0x18 .\CortexM0\ARM_GCC_484\Debug\UART_Bootloader.a(CyLib.o)
 .text.CySysWdtReadCount
                0x00000000       0x30 .\CortexM0\ARM_GCC_484\Debug\UART_Bootloader.a(CyLib.o)
 .text.CySysClkIloStop
                0x00000000       0xb4 .\CortexM0\ARM_GCC_484\Debug\UART_Bootloader.a(CyLib.o)
 .text.CySysWdtGetInterruptSource
                0x00000000       0x14 .\CortexM0\ARM_GCC_484\Debug\UART_Bootloader.a(CyLib.o)
 .text.CySysWdtClearInterrupt
                0x00000000       0x50 .\CortexM0\ARM_GCC_484\Debug\UART_Bootloader.a(CyLib.o)
 .text.CySysWdtResetCounters
                0x00000000       0x18 .\CortexM0\ARM_GCC_484\Debug\UART_Bootloader.a(CyLib.o)
 .text.CySysLvdEnable
                0x00000000       0x2c .\CortexM0\ARM_GCC_484\Debug\UART_Bootloader.a(CyLib.o)
 .text.CySysLvdDisable
                0x00000000       0x20 .\CortexM0\ARM_GCC_484\Debug\UART_Bootloader.a(CyLib.o)
 .text.CySysLvdGetInterruptSource
                0x00000000       0x10 .\CortexM0\ARM_GCC_484\Debug\UART_Bootloader.a(CyLib.o)
 .text.CySysLvdClearInterrupt
                0x00000000        0xc .\CortexM0\ARM_GCC_484\Debug\UART_Bootloader.a(CyLib.o)
 .text.CySysGetResetReason
                0x00000000       0x14 .\CortexM0\ARM_GCC_484\Debug\UART_Bootloader.a(CyLib.o)
 .text.CyDisableInts
                0x00000000       0x10 .\CortexM0\ARM_GCC_484\Debug\UART_Bootloader.a(CyLib.o)
 .text.CyEnableInts
                0x00000000        0xc .\CortexM0\ARM_GCC_484\Debug\UART_Bootloader.a(CyLib.o)
 .text.CyIntSetSysVector
                0x00000000       0x14 .\CortexM0\ARM_GCC_484\Debug\UART_Bootloader.a(CyLib.o)
 .text.CyIntGetSysVector
                0x00000000       0x12 .\CortexM0\ARM_GCC_484\Debug\UART_Bootloader.a(CyLib.o)
 .text.CyIntGetVector
                0x00000000       0x14 .\CortexM0\ARM_GCC_484\Debug\UART_Bootloader.a(CyLib.o)
 .text.CyIntGetPriority
                0x00000000       0x24 .\CortexM0\ARM_GCC_484\Debug\UART_Bootloader.a(CyLib.o)
 .text.CyIntGetState
                0x00000000       0x18 .\CortexM0\ARM_GCC_484\Debug\UART_Bootloader.a(CyLib.o)
 .text.CyIntSetPending
                0x00000000       0x14 .\CortexM0\ARM_GCC_484\Debug\UART_Bootloader.a(CyLib.o)
 .text.CyIntClearPending
                0x00000000       0x14 .\CortexM0\ARM_GCC_484\Debug\UART_Bootloader.a(CyLib.o)
 .text.CySysWdtWriteMatch
                0x00000000       0x38 .\CortexM0\ARM_GCC_484\Debug\UART_Bootloader.a(CyLib.o)
 .text.CyDelayFreq
                0x00000000       0x48 .\CortexM0\ARM_GCC_484\Debug\UART_Bootloader.a(CyLib.o)
 .text.CySysTickInit
                0x00000000       0x50 .\CortexM0\ARM_GCC_484\Debug\UART_Bootloader.a(CyLib.o)
 .text.CySysTickStop
                0x00000000       0x10 .\CortexM0\ARM_GCC_484\Debug\UART_Bootloader.a(CyLib.o)
 .text.CySysTickEnableInterrupt
                0x00000000       0x10 .\CortexM0\ARM_GCC_484\Debug\UART_Bootloader.a(CyLib.o)
 .text.CySysTickEnable
                0x00000000       0x18 .\CortexM0\ARM_GCC_484\Debug\UART_Bootloader.a(CyLib.o)
 .text.CySysTickStart
                0x00000000       0x1c .\CortexM0\ARM_GCC_484\Debug\UART_Bootloader.a(CyLib.o)
 .text.CySysTickDisableInterrupt
                0x00000000       0x10 .\CortexM0\ARM_GCC_484\Debug\UART_Bootloader.a(CyLib.o)
 .text.CySysTickSetReload
                0x00000000       0x10 .\CortexM0\ARM_GCC_484\Debug\UART_Bootloader.a(CyLib.o)
 .text.CySysTickGetReload
                0x00000000       0x10 .\CortexM0\ARM_GCC_484\Debug\UART_Bootloader.a(CyLib.o)
 .text.CySysTickGetValue
                0x00000000       0x14 .\CortexM0\ARM_GCC_484\Debug\UART_Bootloader.a(CyLib.o)
 .text.CySysTickGetCountFlag
                0x00000000       0x10 .\CortexM0\ARM_GCC_484\Debug\UART_Bootloader.a(CyLib.o)
 .text.CySysTickServiceCallbacks
                0x00000000       0x24 .\CortexM0\ARM_GCC_484\Debug\UART_Bootloader.a(CyLib.o)
 .text.CySysTickClear
                0x00000000        0xc .\CortexM0\ARM_GCC_484\Debug\UART_Bootloader.a(CyLib.o)
 .text.CySysTickSetCallback
                0x00000000       0x10 .\CortexM0\ARM_GCC_484\Debug\UART_Bootloader.a(CyLib.o)
 .text.CySysTickGetCallback
                0x00000000       0x10 .\CortexM0\ARM_GCC_484\Debug\UART_Bootloader.a(CyLib.o)
 .text          0x00000000        0x0 .\CortexM0\ARM_GCC_484\Debug\UART_Bootloader.a(UART_SPI_UART_INT.o)
 .data          0x00000000        0x0 .\CortexM0\ARM_GCC_484\Debug\UART_Bootloader.a(UART_SPI_UART_INT.o)
 .bss           0x00000000        0x0 .\CortexM0\ARM_GCC_484\Debug\UART_Bootloader.a(UART_SPI_UART_INT.o)
 .data          0x00000000        0x0 c:/works/programs/psoc_creator/psoc creator/3.2/psoc_creator/import/gnu/arm/4.8.4/bin/../lib/gcc/arm-none-eabi/4.8.4/armv6-m\libgcc.a(_thumb1_case_uqi.o)
 .bss           0x00000000        0x0 c:/works/programs/psoc_creator/psoc creator/3.2/psoc_creator/import/gnu/arm/4.8.4/bin/../lib/gcc/arm-none-eabi/4.8.4/armv6-m\libgcc.a(_thumb1_case_uqi.o)
 .data          0x00000000        0x0 c:/works/programs/psoc_creator/psoc creator/3.2/psoc_creator/import/gnu/arm/4.8.4/bin/../lib/gcc/arm-none-eabi/4.8.4/armv6-m\libgcc.a(_thumb1_case_shi.o)
 .bss           0x00000000        0x0 c:/works/programs/psoc_creator/psoc creator/3.2/psoc_creator/import/gnu/arm/4.8.4/bin/../lib/gcc/arm-none-eabi/4.8.4/armv6-m\libgcc.a(_thumb1_case_shi.o)
 .text          0x00000000       0x9c c:/works/programs/psoc_creator/psoc creator/3.2/psoc_creator/import/gnu/arm/4.8.4/bin/../lib/gcc/arm-none-eabi/4.8.4/armv6-m\libgcc.a(_udivsi3.o)
 .data          0x00000000        0x0 c:/works/programs/psoc_creator/psoc creator/3.2/psoc_creator/import/gnu/arm/4.8.4/bin/../lib/gcc/arm-none-eabi/4.8.4/armv6-m\libgcc.a(_udivsi3.o)
 .bss           0x00000000        0x0 c:/works/programs/psoc_creator/psoc creator/3.2/psoc_creator/import/gnu/arm/4.8.4/bin/../lib/gcc/arm-none-eabi/4.8.4/armv6-m\libgcc.a(_udivsi3.o)
 .text          0x00000000        0x4 c:/works/programs/psoc_creator/psoc creator/3.2/psoc_creator/import/gnu/arm/4.8.4/bin/../lib/gcc/arm-none-eabi/4.8.4/armv6-m\libgcc.a(_dvmd_tls.o)
 .data          0x00000000        0x0 c:/works/programs/psoc_creator/psoc creator/3.2/psoc_creator/import/gnu/arm/4.8.4/bin/../lib/gcc/arm-none-eabi/4.8.4/armv6-m\libgcc.a(_dvmd_tls.o)
 .bss           0x00000000        0x0 c:/works/programs/psoc_creator/psoc creator/3.2/psoc_creator/import/gnu/arm/4.8.4/bin/../lib/gcc/arm-none-eabi/4.8.4/armv6-m\libgcc.a(_dvmd_tls.o)
 .text          0x00000000        0x0 c:/works/programs/psoc_creator/psoc creator/3.2/psoc_creator/import/gnu/arm/4.8.4/bin/../lib/gcc/arm-none-eabi/4.8.4/../../../../arm-none-eabi/lib/armv6-m\libg_s.a(lib_a-errno.o)
 .data          0x00000000        0x0 c:/works/programs/psoc_creator/psoc creator/3.2/psoc_creator/import/gnu/arm/4.8.4/bin/../lib/gcc/arm-none-eabi/4.8.4/../../../../arm-none-eabi/lib/armv6-m\libg_s.a(lib_a-errno.o)
 .bss           0x00000000        0x0 c:/works/programs/psoc_creator/psoc creator/3.2/psoc_creator/import/gnu/arm/4.8.4/bin/../lib/gcc/arm-none-eabi/4.8.4/../../../../arm-none-eabi/lib/armv6-m\libg_s.a(lib_a-errno.o)
 .text.__errno  0x00000000        0xc c:/works/programs/psoc_creator/psoc creator/3.2/psoc_creator/import/gnu/arm/4.8.4/bin/../lib/gcc/arm-none-eabi/4.8.4/../../../../arm-none-eabi/lib/armv6-m\libg_s.a(lib_a-errno.o)
 .text          0x00000000        0x0 c:/works/programs/psoc_creator/psoc creator/3.2/psoc_creator/import/gnu/arm/4.8.4/bin/../lib/gcc/arm-none-eabi/4.8.4/../../../../arm-none-eabi/lib/armv6-m\libg_s.a(lib_a-exit.o)
 .data          0x00000000        0x0 c:/works/programs/psoc_creator/psoc creator/3.2/psoc_creator/import/gnu/arm/4.8.4/bin/../lib/gcc/arm-none-eabi/4.8.4/../../../../arm-none-eabi/lib/armv6-m\libg_s.a(lib_a-exit.o)
 .bss           0x00000000        0x0 c:/works/programs/psoc_creator/psoc creator/3.2/psoc_creator/import/gnu/arm/4.8.4/bin/../lib/gcc/arm-none-eabi/4.8.4/../../../../arm-none-eabi/lib/armv6-m\libg_s.a(lib_a-exit.o)
 .text.exit     0x00000000       0x2c c:/works/programs/psoc_creator/psoc creator/3.2/psoc_creator/import/gnu/arm/4.8.4/bin/../lib/gcc/arm-none-eabi/4.8.4/../../../../arm-none-eabi/lib/armv6-m\libg_s.a(lib_a-exit.o)
 .text          0x00000000        0x0 c:/works/programs/psoc_creator/psoc creator/3.2/psoc_creator/import/gnu/arm/4.8.4/bin/../lib/gcc/arm-none-eabi/4.8.4/../../../../arm-none-eabi/lib/armv6-m\libg_s.a(lib_a-impure.o)
 .data          0x00000000        0x0 c:/works/programs/psoc_creator/psoc creator/3.2/psoc_creator/import/gnu/arm/4.8.4/bin/../lib/gcc/arm-none-eabi/4.8.4/../../../../arm-none-eabi/lib/armv6-m\libg_s.a(lib_a-impure.o)
 .bss           0x00000000        0x0 c:/works/programs/psoc_creator/psoc creator/3.2/psoc_creator/import/gnu/arm/4.8.4/bin/../lib/gcc/arm-none-eabi/4.8.4/../../../../arm-none-eabi/lib/armv6-m\libg_s.a(lib_a-impure.o)
 .data.impure_data
                0x00000000       0x60 c:/works/programs/psoc_creator/psoc creator/3.2/psoc_creator/import/gnu/arm/4.8.4/bin/../lib/gcc/arm-none-eabi/4.8.4/../../../../arm-none-eabi/lib/armv6-m\libg_s.a(lib_a-impure.o)
 .data._impure_ptr
                0x00000000        0x4 c:/works/programs/psoc_creator/psoc creator/3.2/psoc_creator/import/gnu/arm/4.8.4/bin/../lib/gcc/arm-none-eabi/4.8.4/../../../../arm-none-eabi/lib/armv6-m\libg_s.a(lib_a-impure.o)
 .rodata.str1.1
                0x00000000        0x2 c:/works/programs/psoc_creator/psoc creator/3.2/psoc_creator/import/gnu/arm/4.8.4/bin/../lib/gcc/arm-none-eabi/4.8.4/../../../../arm-none-eabi/lib/armv6-m\libg_s.a(lib_a-impure.o)
 .rodata._global_impure_ptr
                0x00000000        0x4 c:/works/programs/psoc_creator/psoc creator/3.2/psoc_creator/import/gnu/arm/4.8.4/bin/../lib/gcc/arm-none-eabi/4.8.4/../../../../arm-none-eabi/lib/armv6-m\libg_s.a(lib_a-impure.o)
 .text          0x00000000        0x0 c:/works/programs/psoc_creator/psoc creator/3.2/psoc_creator/import/gnu/arm/4.8.4/bin/../lib/gcc/arm-none-eabi/4.8.4/../../../../arm-none-eabi/lib/armv6-m\libg_s.a(lib_a-init.o)
 .data          0x00000000        0x0 c:/works/programs/psoc_creator/psoc creator/3.2/psoc_creator/import/gnu/arm/4.8.4/bin/../lib/gcc/arm-none-eabi/4.8.4/../../../../arm-none-eabi/lib/armv6-m\libg_s.a(lib_a-init.o)
 .bss           0x00000000        0x0 c:/works/programs/psoc_creator/psoc creator/3.2/psoc_creator/import/gnu/arm/4.8.4/bin/../lib/gcc/arm-none-eabi/4.8.4/../../../../arm-none-eabi/lib/armv6-m\libg_s.a(lib_a-init.o)
 .text          0x00000000        0x0 c:/works/programs/psoc_creator/psoc creator/3.2/psoc_creator/import/gnu/arm/4.8.4/bin/../lib/gcc/arm-none-eabi/4.8.4/../../../../arm-none-eabi/lib/armv6-m\libg_s.a(lib_a-memcpy-stub.o)
 .data          0x00000000        0x0 c:/works/programs/psoc_creator/psoc creator/3.2/psoc_creator/import/gnu/arm/4.8.4/bin/../lib/gcc/arm-none-eabi/4.8.4/../../../../arm-none-eabi/lib/armv6-m\libg_s.a(lib_a-memcpy-stub.o)
 .bss           0x00000000        0x0 c:/works/programs/psoc_creator/psoc creator/3.2/psoc_creator/import/gnu/arm/4.8.4/bin/../lib/gcc/arm-none-eabi/4.8.4/../../../../arm-none-eabi/lib/armv6-m\libg_s.a(lib_a-memcpy-stub.o)
 .text          0x00000000        0x0 c:/works/programs/psoc_creator/psoc creator/3.2/psoc_creator/import/gnu/arm/4.8.4/bin/../lib/gcc/arm-none-eabi/4.8.4/../../../../arm-none-eabi/lib/armv6-m\libg_s.a(lib_a-memset.o)
 .data          0x00000000        0x0 c:/works/programs/psoc_creator/psoc creator/3.2/psoc_creator/import/gnu/arm/4.8.4/bin/../lib/gcc/arm-none-eabi/4.8.4/../../../../arm-none-eabi/lib/armv6-m\libg_s.a(lib_a-memset.o)
 .bss           0x00000000        0x0 c:/works/programs/psoc_creator/psoc creator/3.2/psoc_creator/import/gnu/arm/4.8.4/bin/../lib/gcc/arm-none-eabi/4.8.4/../../../../arm-none-eabi/lib/armv6-m\libg_s.a(lib_a-memset.o)
 .text          0x00000000        0x0 c:/works/programs/psoc_creator/psoc creator/3.2/psoc_creator/import/gnu/arm/4.8.4/bin/../lib/gcc/arm-none-eabi/4.8.4/armv6-m/crtend.o
 .data          0x00000000        0x0 c:/works/programs/psoc_creator/psoc creator/3.2/psoc_creator/import/gnu/arm/4.8.4/bin/../lib/gcc/arm-none-eabi/4.8.4/armv6-m/crtend.o
 .bss           0x00000000        0x0 c:/works/programs/psoc_creator/psoc creator/3.2/psoc_creator/import/gnu/arm/4.8.4/bin/../lib/gcc/arm-none-eabi/4.8.4/armv6-m/crtend.o
 .text          0x00000000        0x0 c:/works/programs/psoc_creator/psoc creator/3.2/psoc_creator/import/gnu/arm/4.8.4/bin/../lib/gcc/arm-none-eabi/4.8.4/armv6-m/crtn.o
 .data          0x00000000        0x0 c:/works/programs/psoc_creator/psoc creator/3.2/psoc_creator/import/gnu/arm/4.8.4/bin/../lib/gcc/arm-none-eabi/4.8.4/armv6-m/crtn.o
 .bss           0x00000000        0x0 c:/works/programs/psoc_creator/psoc creator/3.2/psoc_creator/import/gnu/arm/4.8.4/bin/../lib/gcc/arm-none-eabi/4.8.4/armv6-m/crtn.o

Memory Configuration

Name             Origin             Length             Attributes
rom              0x00000000         0x00008000         xr
ram              0x20000000         0x00001000         xrw
*default*        0x00000000         0xffffffff

Linker script and memory map

LOAD c:/works/programs/psoc_creator/psoc creator/3.2/psoc_creator/import/gnu/arm/4.8.4/bin/../lib/gcc/arm-none-eabi/4.8.4/armv6-m/crti.o
LOAD c:/works/programs/psoc_creator/psoc creator/3.2/psoc_creator/import/gnu/arm/4.8.4/bin/../lib/gcc/arm-none-eabi/4.8.4/armv6-m/crtbegin.o
LOAD c:/works/programs/psoc_creator/psoc creator/3.2/psoc_creator/import/gnu/arm/4.8.4/bin/../lib/gcc/arm-none-eabi/4.8.4/../../../../arm-none-eabi/lib/armv6-m/crt0.o
START GROUP
LOAD .\CortexM0\ARM_GCC_484\Debug\main.o
LOAD .\CortexM0\ARM_GCC_484\Debug\UART_Btldr.o
LOAD .\CortexM0\ARM_GCC_484\Debug\cymetadata.o
LOAD .\CortexM0\ARM_GCC_484\Debug\Cm0Start.o
LOAD .\CortexM0\ARM_GCC_484\Debug\UART_Bootloader.a
LOAD C:\WORKS\Programs\PSoC_Creator\PSoC Creator\3.2\PSoC_Creator\psoc\content\cycomponentlibrary\CyComponentLibrary.cylib\CortexM0\ARM_GCC_484\Debug\CyComponentLibrary.a
END GROUP
START GROUP
LOAD c:/works/programs/psoc_creator/psoc creator/3.2/psoc_creator/import/gnu/arm/4.8.4/bin/../lib/gcc/arm-none-eabi/4.8.4/armv6-m\libgcc.a
LOAD c:/works/programs/psoc_creator/psoc creator/3.2/psoc_creator/import/gnu/arm/4.8.4/bin/../lib/gcc/arm-none-eabi/4.8.4/../../../../arm-none-eabi/lib/armv6-m\libg_s.a
LOAD c:/works/programs/psoc_creator/psoc creator/3.2/psoc_creator/import/gnu/arm/4.8.4/bin/../lib/gcc/arm-none-eabi/4.8.4/../../../../arm-none-eabi/lib/armv6-m\libc_s.a
END GROUP
START GROUP
LOAD c:/works/programs/psoc_creator/psoc creator/3.2/psoc_creator/import/gnu/arm/4.8.4/bin/../lib/gcc/arm-none-eabi/4.8.4/armv6-m\libgcc.a
LOAD c:/works/programs/psoc_creator/psoc creator/3.2/psoc_creator/import/gnu/arm/4.8.4/bin/../lib/gcc/arm-none-eabi/4.8.4/../../../../arm-none-eabi/lib/armv6-m\libc_s.a
END GROUP
LOAD c:/works/programs/psoc_creator/psoc creator/3.2/psoc_creator/import/gnu/arm/4.8.4/bin/../lib/gcc/arm-none-eabi/4.8.4/armv6-m/crtend.o
LOAD c:/works/programs/psoc_creator/psoc creator/3.2/psoc_creator/import/gnu/arm/4.8.4/bin/../lib/gcc/arm-none-eabi/4.8.4/armv6-m/crtn.o
START GROUP
LOAD c:/works/programs/psoc_creator/psoc creator/3.2/psoc_creator/import/gnu/arm/4.8.4/bin/../lib/gcc/arm-none-eabi/4.8.4/armv6-m\libgcc.a
LOAD c:/works/programs/psoc_creator/psoc creator/3.2/psoc_creator/import/gnu/arm/4.8.4/bin/../lib/gcc/arm-none-eabi/4.8.4/../../../../arm-none-eabi/lib/armv6-m\libc.a
LOAD c:/works/programs/psoc_creator/psoc creator/3.2/psoc_creator/import/gnu/arm/4.8.4/bin/../lib/gcc/arm-none-eabi/4.8.4/../../../../arm-none-eabi/lib/armv6-m\libnosys.a
END GROUP
                0x00000000                CY_APPL_ORIGIN = 0x0
                0x00000080                CY_FLASH_ROW_SIZE = 0x80
                0x00000001                CY_APPL_NUM = 0x1
                0x00000040                CY_METADATA_SIZE = 0x40
                0x200001b8                PROVIDE (__cy_heap_start, _end)
                0x00000001                PROVIDE (__cy_region_num, ((__cy_regions_end - __cy_regions) / 0x10))
                0x20001000                PROVIDE (__cy_stack, (ORIGIN (ram) + 0x1000))
                0x20000c00                PROVIDE (__cy_heap_end, (__cy_stack - 0x400))

.cybootloader   0x00000000        0x0
 *(.cybootloader)
                0x00000000                appl1_start = CY_APPL_ORIGIN?CY_APPL_ORIGIN:ALIGN (CY_FLASH_ROW_SIZE)
                0x00003f80                appl2_start = (appl1_start + ALIGN ((((0x8000 - appl1_start) - (0x2 * CY_FLASH_ROW_SIZE)) / 0x2), CY_FLASH_ROW_SIZE))
                0x00000000                appl_start = (CY_APPL_NUM == 0x1)?appl1_start:appl2_start

.text           0x00000000     0x10dc
 CREATE_OBJECT_SYMBOLS
                0x00000000                PROVIDE (__cy_interrupt_vector, RomVectors)
 *(.romvectors)
 .romvectors    0x00000000       0x10 .\CortexM0\ARM_GCC_484\Debug\Cm0Start.o
                0x00000000                RomVectors
                0x00000001                ASSERT ((. != __cy_interrupt_vector), No interrupt vector)
                0x00000001                ASSERT (CY_APPL_ORIGIN?(SIZEOF (.cybootloader) <= CY_APPL_ORIGIN):0x1, Wrong image location)
                0x00000010                PROVIDE (__cy_reset, Reset)
 *(.text.Reset)
 .text.Reset    0x00000010        0xa .\CortexM0\ARM_GCC_484\Debug\Cm0Start.o
                0x00000010                Reset
                0x00000001                ASSERT ((. != __cy_reset), No reset code)
 *(.psocinit)
 *fill*         0x0000001a        0x2 
 .psocinit      0x0000001c      0x1a4 .\CortexM0\ARM_GCC_484\Debug\UART_Bootloader.a(cyfitter_cfg.o)
                0x0000001c                cyfitter_cfg
                0x000001c0                . = MAX (., 0x100)
 *(.text .text.* .gnu.linkonce.t.*)
 .text          0x000001c0       0x60 c:/works/programs/psoc_creator/psoc creator/3.2/psoc_creator/import/gnu/arm/4.8.4/bin/../lib/gcc/arm-none-eabi/4.8.4/armv6-m/crtbegin.o
 .text.startup.main
                0x00000220       0x38 .\CortexM0\ARM_GCC_484\Debug\main.o
                0x00000220                main
 .text.CyBtldrCommStart
                0x00000258       0x10 .\CortexM0\ARM_GCC_484\Debug\UART_Btldr.o
                0x00000258                CyBtldrCommStart
 .text.CyBtldrCommWrite
                0x00000268       0x1c .\CortexM0\ARM_GCC_484\Debug\UART_Btldr.o
                0x00000268                CyBtldrCommWrite
 .text.CyBtldrCommRead
                0x00000284       0xcc .\CortexM0\ARM_GCC_484\Debug\UART_Btldr.o
                0x00000284                CyBtldrCommRead
 .text.IntDefaultHandler
                0x00000350        0x2 .\CortexM0\ARM_GCC_484\Debug\Cm0Start.o
                0x00000350                IntDefaultHandler
 *fill*         0x00000352        0x2 
 .text.Start_c  0x00000354       0x4c .\CortexM0\ARM_GCC_484\Debug\Cm0Start.o
                0x00000354                Start_c
 .text.startup.initialize_psoc
                0x000003a0       0x54 .\CortexM0\ARM_GCC_484\Debug\Cm0Start.o
                0x000003a0                initialize_psoc
 .text.Bootloader_LaunchBootloadable
                0x000003f4        0x2 .\CortexM0\ARM_GCC_484\Debug\UART_Bootloader.a(Bootloader.o)
 .text.Bootloader_Calc8BitSum
                0x000003f6       0x26 .\CortexM0\ARM_GCC_484\Debug\UART_Bootloader.a(Bootloader.o)
                0x000003f6                Bootloader_Calc8BitSum
 .text.Bootloader_GetMetadata
                0x0000041c       0x98 .\CortexM0\ARM_GCC_484\Debug\UART_Bootloader.a(Bootloader.o)
                0x0000041c                Bootloader_GetMetadata
 .text.CyBtldr_CheckLaunch
                0x000004b4       0x3c .\CortexM0\ARM_GCC_484\Debug\UART_Bootloader.a(Bootloader.o)
                0x000004b4                CyBtldr_CheckLaunch
 .text.Bootloader_ValidateBootloadable
                0x000004f0       0x62 .\CortexM0\ARM_GCC_484\Debug\UART_Bootloader.a(Bootloader.o)
                0x000004f0                Bootloader_ValidateBootloadable
 *fill*         0x00000552        0x2 
 .text.Bootloader_HostLink.constprop.0
                0x00000554      0x2b4 .\CortexM0\ARM_GCC_484\Debug\UART_Bootloader.a(Bootloader.o)
 .text.Bootloader_Start
                0x00000808       0x64 .\CortexM0\ARM_GCC_484\Debug\UART_Bootloader.a(Bootloader.o)
                0x00000808                Bootloader_Start
 .text.UART_Enable
                0x0000086c       0x1c .\CortexM0\ARM_GCC_484\Debug\UART_Bootloader.a(UART.o)
                0x0000086c                UART_Enable
 .text.UART_Start
                0x00000888       0x1c .\CortexM0\ARM_GCC_484\Debug\UART_Bootloader.a(UART.o)
                0x00000888                UART_Start
 .text.UART_SpiUartReadRxData
                0x000008a4       0x34 .\CortexM0\ARM_GCC_484\Debug\UART_Bootloader.a(UART_SPI_UART.o)
                0x000008a4                UART_SpiUartReadRxData
 .text.UART_SpiUartGetRxBufferSize
                0x000008d8       0x24 .\CortexM0\ARM_GCC_484\Debug\UART_Bootloader.a(UART_SPI_UART.o)
                0x000008d8                UART_SpiUartGetRxBufferSize
 .text.UART_SpiUartClearRxBuffer
                0x000008fc       0x54 .\CortexM0\ARM_GCC_484\Debug\UART_Bootloader.a(UART_SPI_UART.o)
                0x000008fc                UART_SpiUartClearRxBuffer
 .text.UART_SpiUartWriteTxData
                0x00000950       0x68 .\CortexM0\ARM_GCC_484\Debug\UART_Bootloader.a(UART_SPI_UART.o)
                0x00000950                UART_SpiUartWriteTxData
 .text.UART_SpiUartPutArray
                0x000009b8       0x16 .\CortexM0\ARM_GCC_484\Debug\UART_Bootloader.a(UART_SPI_UART.o)
                0x000009b8                UART_SpiUartPutArray
 *fill*         0x000009ce        0x2 
 .text.UART_SpiUartClearTxBuffer
                0x000009d0       0x44 .\CortexM0\ARM_GCC_484\Debug\UART_Bootloader.a(UART_SPI_UART.o)
                0x000009d0                UART_SpiUartClearTxBuffer
 .text.UART_UartInit
                0x00000a14       0xd4 .\CortexM0\ARM_GCC_484\Debug\UART_Bootloader.a(UART_UART.o)
                0x00000a14                UART_UartInit
 .text.PWM_Init
                0x00000ae8       0x60 .\CortexM0\ARM_GCC_484\Debug\UART_Bootloader.a(PWM.o)
                0x00000ae8                PWM_Init
 .text.PWM_Enable
                0x00000b48       0x1c .\CortexM0\ARM_GCC_484\Debug\UART_Bootloader.a(PWM.o)
                0x00000b48                PWM_Enable
 .text.PWM_Start
                0x00000b64       0x1c .\CortexM0\ARM_GCC_484\Debug\UART_Bootloader.a(PWM.o)
                0x00000b64                PWM_Start
 .text.Boot_P0_7_Read
                0x00000b80       0x10 .\CortexM0\ARM_GCC_484\Debug\UART_Bootloader.a(Boot_P0_7.o)
                0x00000b80                Boot_P0_7_Read
 .text          0x00000b90       0x28 .\CortexM0\ARM_GCC_484\Debug\UART_Bootloader.a(CyBootAsmGnu.o)
                0x00000b90                CyDelayCycles
                0x00000ba4                CyEnterCriticalSection
                0x00000bac                CyExitCriticalSection
 .text.CySysFlashWriteRow
                0x00000bb8      0x1a0 .\CortexM0\ARM_GCC_484\Debug\UART_Bootloader.a(CyFlash.o)
                0x00000bb8                CySysFlashWriteRow
 .text.CyIntSetVector
                0x00000d58       0x18 .\CortexM0\ARM_GCC_484\Debug\UART_Bootloader.a(CyLib.o)
                0x00000d58                CyIntSetVector
 .text.CyIntSetPriority
                0x00000d70       0x40 .\CortexM0\ARM_GCC_484\Debug\UART_Bootloader.a(CyLib.o)
                0x00000d70                CyIntSetPriority
 .text.CyIntEnable
                0x00000db0       0x14 .\CortexM0\ARM_GCC_484\Debug\UART_Bootloader.a(CyLib.o)
                0x00000db0                CyIntEnable
 .text.CyIntDisable
                0x00000dc4       0x14 .\CortexM0\ARM_GCC_484\Debug\UART_Bootloader.a(CyLib.o)
                0x00000dc4                CyIntDisable
 .text.CyHalt   0x00000dd8        0x4 .\CortexM0\ARM_GCC_484\Debug\UART_Bootloader.a(CyLib.o)
                0x00000dd8                CyHalt
 .text.CySoftwareReset
                0x00000ddc       0x18 .\CortexM0\ARM_GCC_484\Debug\UART_Bootloader.a(CyLib.o)
                0x00000ddc                CySoftwareReset
 .text.CyDelay  0x00000df4       0x2c .\CortexM0\ARM_GCC_484\Debug\UART_Bootloader.a(CyLib.o)
                0x00000df4                CyDelay
 .text.CyDelayUs
                0x00000e20       0x14 .\CortexM0\ARM_GCC_484\Debug\UART_Bootloader.a(CyLib.o)
                0x00000e20                CyDelayUs
 .text.CySysClkWriteImoFreq
                0x00000e34      0x124 .\CortexM0\ARM_GCC_484\Debug\UART_Bootloader.a(CyLib.o)
                0x00000e34                CySysClkWriteImoFreq
 .text.UART_SPI_UART_ISR
                0x00000f58       0xe4 .\CortexM0\ARM_GCC_484\Debug\UART_Bootloader.a(UART_SPI_UART_INT.o)
                0x00000f58                UART_SPI_UART_ISR
 .text          0x0000103c       0x14 c:/works/programs/psoc_creator/psoc creator/3.2/psoc_creator/import/gnu/arm/4.8.4/bin/../lib/gcc/arm-none-eabi/4.8.4/armv6-m\libgcc.a(_thumb1_case_uqi.o)
                0x0000103c                __gnu_thumb1_case_uqi
 .text          0x00001050       0x14 c:/works/programs/psoc_creator/psoc creator/3.2/psoc_creator/import/gnu/arm/4.8.4/bin/../lib/gcc/arm-none-eabi/4.8.4/armv6-m\libgcc.a(_thumb1_case_shi.o)
                0x00001050                __gnu_thumb1_case_shi
 .text.__libc_init_array
                0x00001064       0x4c c:/works/programs/psoc_creator/psoc creator/3.2/psoc_creator/import/gnu/arm/4.8.4/bin/../lib/gcc/arm-none-eabi/4.8.4/../../../../arm-none-eabi/lib/armv6-m\libg_s.a(lib_a-init.o)
                0x00001064                __libc_init_array
 .text.memcpy   0x000010b0       0x12 c:/works/programs/psoc_creator/psoc creator/3.2/psoc_creator/import/gnu/arm/4.8.4/bin/../lib/gcc/arm-none-eabi/4.8.4/../../../../arm-none-eabi/lib/armv6-m\libg_s.a(lib_a-memcpy-stub.o)
                0x000010b0                memcpy
 .text.memset   0x000010c2       0x10 c:/works/programs/psoc_creator/psoc creator/3.2/psoc_creator/import/gnu/arm/4.8.4/bin/../lib/gcc/arm-none-eabi/4.8.4/../../../../arm-none-eabi/lib/armv6-m\libg_s.a(lib_a-memset.o)
                0x000010c2                memset
 *(.plt)
 *(.gnu.warning)
 *(.glue_7t)
 .glue_7t       0x00000000        0x0 linker stubs
 *(.glue_7)
 .glue_7        0x00000000        0x0 linker stubs
 *(.vfp11_veneer)
 .vfp11_veneer  0x00000000        0x0 linker stubs
 *(.bootloader)
 *fill*         0x000010d2        0x2 
 .bootloader    0x000010d4        0x8 .\CortexM0\ARM_GCC_484\Debug\UART_Bootloader.a(Bootloader.o)
                0x000010d4                Bootloader_SizeBytes
                0x000010d8                Bootloader_Checksum
 *(.ARM.extab* .gnu.linkonce.armextab.*)
 *(.gcc_except_table)

.v4_bx          0x000010dc        0x0
 .v4_bx         0x00000000        0x0 linker stubs

.iplt           0x000010dc        0x0
 .iplt          0x00000000        0x0 c:/works/programs/psoc_creator/psoc creator/3.2/psoc_creator/import/gnu/arm/4.8.4/bin/../lib/gcc/arm-none-eabi/4.8.4/armv6-m/crtbegin.o

.eh_frame_hdr
 *(.eh_frame_hdr)

.eh_frame       0x000010dc        0x4
 *(.eh_frame)
 .eh_frame      0x000010dc        0x0 c:/works/programs/psoc_creator/psoc creator/3.2/psoc_creator/import/gnu/arm/4.8.4/bin/../lib/gcc/arm-none-eabi/4.8.4/armv6-m/crtbegin.o
 .eh_frame      0x000010dc        0x4 c:/works/programs/psoc_creator/psoc creator/3.2/psoc_creator/import/gnu/arm/4.8.4/bin/../lib/gcc/arm-none-eabi/4.8.4/armv6-m/crtend.o
                0x000010e0                PROVIDE (__exidx_start, .)

.ARM.exidx
 *(.ARM.exidx* .gnu.linkonce.armexidx.*)
                0x000010e0                __exidx_end = .

.rodata         0x000010e0       0x90
 *(.rodata .rodata.* .gnu.linkonce.r.*)
 .rodata        0x000010e0       0x24 .\CortexM0\ARM_GCC_484\Debug\UART_Bootloader.a(cyfitter_cfg.o)
 .rodata        0x00001104        0x8 .\CortexM0\ARM_GCC_484\Debug\UART_Bootloader.a(Bootloader.o)
 .rodata        0x0000110c       0x2e .\CortexM0\ARM_GCC_484\Debug\UART_Bootloader.a(CyLib.o)
                0x0000110c                cyImoFreqMhz2Reg
                0x0000113c                . = ALIGN (0x4)
 *fill*         0x0000113a        0x2 
 *(.init)
 .init          0x0000113c        0x4 c:/works/programs/psoc_creator/psoc creator/3.2/psoc_creator/import/gnu/arm/4.8.4/bin/../lib/gcc/arm-none-eabi/4.8.4/armv6-m/crti.o
                0x0000113c                _init
 .init          0x00001140        0x8 c:/works/programs/psoc_creator/psoc creator/3.2/psoc_creator/import/gnu/arm/4.8.4/bin/../lib/gcc/arm-none-eabi/4.8.4/armv6-m/crtn.o
                0x00001148                . = ALIGN (0x4)
                0x00001148                __preinit_array_start = .
 *(.preinit_array)
                0x00001148                __preinit_array_end = .
                0x00001148                . = ALIGN (0x4)
                0x00001148                __init_array_start = .
 *(SORT(.init_array.*))
 *(.init_array)
 .init_array    0x00001148        0x4 c:/works/programs/psoc_creator/psoc creator/3.2/psoc_creator/import/gnu/arm/4.8.4/bin/../lib/gcc/arm-none-eabi/4.8.4/armv6-m/crtbegin.o
 .init_array    0x0000114c        0x4 .\CortexM0\ARM_GCC_484\Debug\Cm0Start.o
                0x00001150                __init_array_end = .
                0x00001150                . = ALIGN (0x4)
 *(.fini)
 .fini          0x00001150        0x4 c:/works/programs/psoc_creator/psoc creator/3.2/psoc_creator/import/gnu/arm/4.8.4/bin/../lib/gcc/arm-none-eabi/4.8.4/armv6-m/crti.o
                0x00001150                _fini
 .fini          0x00001154        0x8 c:/works/programs/psoc_creator/psoc creator/3.2/psoc_creator/import/gnu/arm/4.8.4/bin/../lib/gcc/arm-none-eabi/4.8.4/armv6-m/crtn.o
                0x0000115c                . = ALIGN (0x4)
                0x0000115c                __fini_array_start = .
 *(.fini_array)
 .fini_array    0x0000115c        0x4 c:/works/programs/psoc_creator/psoc creator/3.2/psoc_creator/import/gnu/arm/4.8.4/bin/../lib/gcc/arm-none-eabi/4.8.4/armv6-m/crtbegin.o
 *(SORT(.fini_array.*))
                0x00001160                __fini_array_end = .
                0x00001160                . = ALIGN (0x4)
 *crtbegin.o(.ctors)
 *(EXCLUDE_FILE(*crtend.o) .ctors)
 *(SORT(.ctors.*))
 *crtend.o(.ctors)
                0x00001160                . = ALIGN (0x4)
 *crtbegin.o(.dtors)
 *(EXCLUDE_FILE(*crtend.o) .dtors)
 *(SORT(.dtors.*))
 *crtend.o(.dtors)
                0x00001160                . = ALIGN (0x4)
                0x00001160                __cy_regions = .
                0x00001160        0x4 LONG 0x1170 __cy_region_init_ram
                0x00001164        0x4 LONG 0x200000d0 __cy_region_start_data
                0x00001168        0x4 LONG 0x20 __cy_region_init_size_ram
                0x0000116c        0x4 LONG 0xc8 __cy_region_zero_size_ram
                0x00001170                __cy_regions_end = .
                0x00001170                . = ALIGN (0x8)
                0x00001170                _etext = .

.ramvectors     0x20000000       0xc0
                0x20000000                __cy_region_start_ram = .
 *(.ramvectors)
 .ramvectors    0x20000000       0xc0 .\CortexM0\ARM_GCC_484\Debug\Cm0Start.o
                0x20000000                CyRamVectors

.btldr_run      0x200000c0        0x4
 *(.bootloaderruntype)
 .bootloaderruntype
                0x200000c0        0x4 .\CortexM0\ARM_GCC_484\Debug\Cm0Start.o
                0x200000c0                cyBtldrRunType

.noinit         0x200000c8        0x4
 *(.noinit)
 .noinit        0x200000c8        0x4 .\CortexM0\ARM_GCC_484\Debug\Cm0Start.o

.data           0x200000d0       0x20 load address 0x00001170
                0x200000d0                __cy_region_start_data = .
 *(.jcr)
 .jcr           0x200000d0        0x0 c:/works/programs/psoc_creator/psoc creator/3.2/psoc_creator/import/gnu/arm/4.8.4/bin/../lib/gcc/arm-none-eabi/4.8.4/armv6-m/crtbegin.o
 .jcr           0x200000d0        0x4 c:/works/programs/psoc_creator/psoc creator/3.2/psoc_creator/import/gnu/arm/4.8.4/bin/../lib/gcc/arm-none-eabi/4.8.4/armv6-m/crtend.o
 *(.got.plt)
 *(.got)
 *(.shdata)
 *(.data .data.* .gnu.linkonce.d.*)
 .data          0x200000d4        0x8 .\CortexM0\ARM_GCC_484\Debug\UART_Bootloader.a(Bootloader.o)
                0x200000d4                Bootloader_SizeBytesAccess
                0x200000d8                Bootloader_ChecksumAccess
 .data          0x200000dc       0x10 .\CortexM0\ARM_GCC_484\Debug\UART_Bootloader.a(CyLib.o)
                0x200000dc                cydelay32kMs
                0x200000e0                cydelayFreqKhz
                0x200000e4                cydelayFreqMhz
                0x200000e8                cydelayFreqHz
                0x200000f0                . = ALIGN (0x8)
 *fill*         0x200000ec        0x4 
 *(.ram)
                0x200000f0                _edata = .

.igot.plt       0x200000f0        0x0 load address 0x00001190
 .igot.plt      0x00000000        0x0 c:/works/programs/psoc_creator/psoc creator/3.2/psoc_creator/import/gnu/arm/4.8.4/bin/../lib/gcc/arm-none-eabi/4.8.4/armv6-m/crtbegin.o

.bss            0x200000f0       0xc8 load address 0x00001190
                0x200000f0                PROVIDE (__bss_start__, .)
 *(.shbss)
 *(.bss .bss.* .gnu.linkonce.b.*)
 .bss           0x200000f0       0x1c c:/works/programs/psoc_creator/psoc creator/3.2/psoc_creator/import/gnu/arm/4.8.4/bin/../lib/gcc/arm-none-eabi/4.8.4/armv6-m/crtbegin.o
 .bss           0x2000010c        0x2 .\CortexM0\ARM_GCC_484\Debug\UART_Btldr.o
                0x2000010c                receivedDataCount
 *fill*         0x2000010e        0x2 
 .bss           0x20000110        0x8 .\CortexM0\ARM_GCC_484\Debug\UART_Bootloader.a(UART.o)
                0x20000110                UART_initVar
                0x20000114                UART_customIntrHandler
 .bss           0x20000118        0x1 .\CortexM0\ARM_GCC_484\Debug\UART_Bootloader.a(PWM.o)
                0x20000118                PWM_initVar
 *fill*         0x20000119        0x3 
 .bss           0x2000011c        0x4 .\CortexM0\ARM_GCC_484\Debug\UART_Bootloader.a(CyFlash.o)
 *(COMMON)
 COMMON         0x20000120       0x94 .\CortexM0\ARM_GCC_484\Debug\UART_Bootloader.a(UART_SPI_UART.o)
                0x20000120                UART_txBufferTail
                0x20000124                UART_txBufferHead
                0x20000128                UART_rxBufferTail
                0x2000012c                UART_txBufferInternal
                0x2000016c                UART_rxBufferInternal
                0x200001ad                UART_rxBufferOverflow
                0x200001b0                UART_rxBufferHead
                0x200001b8                . = ALIGN (0x8)
 *fill*         0x200001b4        0x4 
 *(.ram.b)
                0x200001b8                _end = .
                0x200001b8                __end = .
                0x200001b8                PROVIDE (end, .)
                0x200001b8                PROVIDE (__bss_end__, .)
                0x00001170                __cy_region_init_ram = LOADADDR (.data)
                0x00000020                __cy_region_init_size_ram = (_edata - ADDR (.data))
                0x000000c8                __cy_region_zero_size_ram = (_end - _edata)

.heap           0x200001b8      0x100 load address 0x00001190
                0x200001b8                . = _end
                0x200002b8                . = (. + 0x100)
 *fill*         0x200001b8      0x100 
                0x200002b8                __cy_heap_limit = .

.stack          0x20000c00      0x400
                0x20000c00                __cy_stack_limit = .
                0x20001000                . = (. + 0x400)
 *fill*         0x20000c00      0x400 
                0x00000001                ASSERT ((__cy_stack_limit >= __cy_heap_limit), region RAM overflowed with stack)

.cyloadermeta   0x00007fc0       0x40
 *(.cyloadermeta)
 .cyloadermeta  0x00007fc0       0x40 .\CortexM0\ARM_GCC_484\Debug\cymetadata.o
                0x00007fc0                cy_meta_loader

.cyloadablemeta
 *(.cyloadablemeta)

.cyflashprotect
                0x90400000       0x20
 *(.cyflashprotect)
 .cyflashprotect
                0x90400000       0x20 .\CortexM0\ARM_GCC_484\Debug\cymetadata.o
                0x90400000                cy_meta_flashprotect

.cymeta         0x90500000        0xc
 *(.cymeta)
 .cymeta        0x90500000        0xc .\CortexM0\ARM_GCC_484\Debug\cymetadata.o
                0x90500000                cy_metadata

.cychipprotect  0x90600000        0x1
 *(.cychipprotect)
 .cychipprotect
                0x90600000        0x1 .\CortexM0\ARM_GCC_484\Debug\cymetadata.o
                0x90600000                cy_meta_chipprotect

.rel.dyn        0x00001190        0x0 load address 0x90600004
 .rel.iplt      0x00000000        0x0 c:/works/programs/psoc_creator/psoc creator/3.2/psoc_creator/import/gnu/arm/4.8.4/bin/../lib/gcc/arm-none-eabi/4.8.4/armv6-m/crtbegin.o

.stab
 *(.stab)

.stabstr
 *(.stabstr)

.debug
 *(.debug)

.line
 *(.line)

.debug_srcinfo
 *(.debug_srcinfo)

.debug_sfnames
 *(.debug_sfnames)

.debug_aranges  0x00000000      0x658
 *(.debug_aranges)
 .debug_aranges
                0x00000000       0x20 .\CortexM0\ARM_GCC_484\Debug\main.o
 .debug_aranges
                0x00000020       0x40 .\CortexM0\ARM_GCC_484\Debug\UART_Btldr.o
 .debug_aranges
                0x00000060       0x18 .\CortexM0\ARM_GCC_484\Debug\cymetadata.o
 .debug_aranges
                0x00000078       0x48 .\CortexM0\ARM_GCC_484\Debug\Cm0Start.o
 .debug_aranges
                0x000000c0       0x20 .\CortexM0\ARM_GCC_484\Debug\UART_Bootloader.a(cyfitter_cfg.o)
 .debug_aranges
                0x000000e0       0x60 .\CortexM0\ARM_GCC_484\Debug\UART_Bootloader.a(Bootloader.o)
 .debug_aranges
                0x00000140       0x58 .\CortexM0\ARM_GCC_484\Debug\UART_Bootloader.a(UART.o)
 .debug_aranges
                0x00000198       0x60 .\CortexM0\ARM_GCC_484\Debug\UART_Bootloader.a(UART_SPI_UART.o)
 .debug_aranges
                0x000001f8       0x50 .\CortexM0\ARM_GCC_484\Debug\UART_Bootloader.a(UART_UART.o)
 .debug_aranges
                0x00000248      0x158 .\CortexM0\ARM_GCC_484\Debug\UART_Bootloader.a(PWM.o)
 .debug_aranges
                0x000003a0       0x40 .\CortexM0\ARM_GCC_484\Debug\UART_Bootloader.a(Boot_P0_7.o)
 .debug_aranges
                0x000003e0       0x20 .\CortexM0\ARM_GCC_484\Debug\UART_Bootloader.a(CyBootAsmGnu.o)
 .debug_aranges
                0x00000400       0x28 .\CortexM0\ARM_GCC_484\Debug\UART_Bootloader.a(CyFlash.o)
 .debug_aranges
                0x00000428      0x210 .\CortexM0\ARM_GCC_484\Debug\UART_Bootloader.a(CyLib.o)
 .debug_aranges
                0x00000638       0x20 .\CortexM0\ARM_GCC_484\Debug\UART_Bootloader.a(UART_SPI_UART_INT.o)

.debug_pubnames
 *(.debug_pubnames)

.debug_info     0x00000000     0x452b
 *(.debug_info .gnu.linkonce.wi.*)
 .debug_info    0x00000000      0x139 .\CortexM0\ARM_GCC_484\Debug\main.o
 .debug_info    0x00000139      0x348 .\CortexM0\ARM_GCC_484\Debug\UART_Btldr.o
 .debug_info    0x00000481      0x123 .\CortexM0\ARM_GCC_484\Debug\cymetadata.o
 .debug_info    0x000005a4      0x385 .\CortexM0\ARM_GCC_484\Debug\Cm0Start.o
 .debug_info    0x00000929      0x389 .\CortexM0\ARM_GCC_484\Debug\UART_Bootloader.a(cyfitter_cfg.o)
 .debug_info    0x00000cb2      0xade .\CortexM0\ARM_GCC_484\Debug\UART_Bootloader.a(Bootloader.o)
 .debug_info    0x00001790      0x298 .\CortexM0\ARM_GCC_484\Debug\UART_Bootloader.a(UART.o)
 .debug_info    0x00001a28      0x38f .\CortexM0\ARM_GCC_484\Debug\UART_Bootloader.a(UART_SPI_UART.o)
 .debug_info    0x00001db7      0x387 .\CortexM0\ARM_GCC_484\Debug\UART_Bootloader.a(UART_UART.o)
 .debug_info    0x0000213e      0x949 .\CortexM0\ARM_GCC_484\Debug\UART_Bootloader.a(PWM.o)
 .debug_info    0x00002a87      0x150 .\CortexM0\ARM_GCC_484\Debug\UART_Bootloader.a(Boot_P0_7.o)
 .debug_info    0x00002bd7       0x89 .\CortexM0\ARM_GCC_484\Debug\UART_Bootloader.a(CyBootAsmGnu.o)
 .debug_info    0x00002c60      0x3e9 .\CortexM0\ARM_GCC_484\Debug\UART_Bootloader.a(CyFlash.o)
 .debug_info    0x00003049     0x1356 .\CortexM0\ARM_GCC_484\Debug\UART_Bootloader.a(CyLib.o)
 .debug_info    0x0000439f      0x18c .\CortexM0\ARM_GCC_484\Debug\UART_Bootloader.a(UART_SPI_UART_INT.o)

.debug_abbrev   0x00000000     0x17c9
 *(.debug_abbrev)
 .debug_abbrev  0x00000000       0xeb .\CortexM0\ARM_GCC_484\Debug\main.o
 .debug_abbrev  0x000000eb      0x160 .\CortexM0\ARM_GCC_484\Debug\UART_Btldr.o
 .debug_abbrev  0x0000024b       0x5d .\CortexM0\ARM_GCC_484\Debug\cymetadata.o
 .debug_abbrev  0x000002a8      0x1eb .\CortexM0\ARM_GCC_484\Debug\Cm0Start.o
 .debug_abbrev  0x00000493      0x203 .\CortexM0\ARM_GCC_484\Debug\UART_Bootloader.a(cyfitter_cfg.o)
 .debug_abbrev  0x00000696      0x377 .\CortexM0\ARM_GCC_484\Debug\UART_Bootloader.a(Bootloader.o)
 .debug_abbrev  0x00000a0d      0x1b1 .\CortexM0\ARM_GCC_484\Debug\UART_Bootloader.a(UART.o)
 .debug_abbrev  0x00000bbe      0x1ba .\CortexM0\ARM_GCC_484\Debug\UART_Bootloader.a(UART_SPI_UART.o)
 .debug_abbrev  0x00000d78      0x194 .\CortexM0\ARM_GCC_484\Debug\UART_Bootloader.a(UART_UART.o)
 .debug_abbrev  0x00000f0c      0x1a3 .\CortexM0\ARM_GCC_484\Debug\UART_Bootloader.a(PWM.o)
 .debug_abbrev  0x000010af       0xb7 .\CortexM0\ARM_GCC_484\Debug\UART_Bootloader.a(Boot_P0_7.o)
 .debug_abbrev  0x00001166       0x14 .\CortexM0\ARM_GCC_484\Debug\UART_Bootloader.a(CyBootAsmGnu.o)
 .debug_abbrev  0x0000117a      0x1dc .\CortexM0\ARM_GCC_484\Debug\UART_Bootloader.a(CyFlash.o)
 .debug_abbrev  0x00001356      0x3cc .\CortexM0\ARM_GCC_484\Debug\UART_Bootloader.a(CyLib.o)
 .debug_abbrev  0x00001722       0xa7 .\CortexM0\ARM_GCC_484\Debug\UART_Bootloader.a(UART_SPI_UART_INT.o)

.debug_line     0x00000000     0x1b89
 *(.debug_line)
 .debug_line    0x00000000       0x9b .\CortexM0\ARM_GCC_484\Debug\main.o
 .debug_line    0x0000009b      0x139 .\CortexM0\ARM_GCC_484\Debug\UART_Btldr.o
 .debug_line    0x000001d4       0x53 .\CortexM0\ARM_GCC_484\Debug\cymetadata.o
 .debug_line    0x00000227      0x20a .\CortexM0\ARM_GCC_484\Debug\Cm0Start.o
 .debug_line    0x00000431      0x14f .\CortexM0\ARM_GCC_484\Debug\UART_Bootloader.a(cyfitter_cfg.o)
 .debug_line    0x00000580      0x333 .\CortexM0\ARM_GCC_484\Debug\UART_Bootloader.a(Bootloader.o)
 .debug_line    0x000008b3      0x14f .\CortexM0\ARM_GCC_484\Debug\UART_Bootloader.a(UART.o)
 .debug_line    0x00000a02      0x198 .\CortexM0\ARM_GCC_484\Debug\UART_Bootloader.a(UART_SPI_UART.o)
 .debug_line    0x00000b9a      0x16a .\CortexM0\ARM_GCC_484\Debug\UART_Bootloader.a(UART_UART.o)
 .debug_line    0x00000d04      0x3ef .\CortexM0\ARM_GCC_484\Debug\UART_Bootloader.a(PWM.o)
 .debug_line    0x000010f3       0xb9 .\CortexM0\ARM_GCC_484\Debug\UART_Bootloader.a(Boot_P0_7.o)
 .debug_line    0x000011ac       0x69 .\CortexM0\ARM_GCC_484\Debug\UART_Bootloader.a(CyBootAsmGnu.o)
 .debug_line    0x00001215      0x15c .\CortexM0\ARM_GCC_484\Debug\UART_Bootloader.a(CyFlash.o)
 .debug_line    0x00001371      0x749 .\CortexM0\ARM_GCC_484\Debug\UART_Bootloader.a(CyLib.o)
 .debug_line    0x00001aba       0xcf .\CortexM0\ARM_GCC_484\Debug\UART_Bootloader.a(UART_SPI_UART_INT.o)

.debug_frame    0x00000000      0xfa8
 *(.debug_frame)
 .debug_frame   0x00000000       0x2c .\CortexM0\ARM_GCC_484\Debug\main.o
 .debug_frame   0x0000002c       0xac .\CortexM0\ARM_GCC_484\Debug\UART_Btldr.o
 .debug_frame   0x000000d8       0xa4 .\CortexM0\ARM_GCC_484\Debug\Cm0Start.o
 .debug_frame   0x0000017c       0x3c .\CortexM0\ARM_GCC_484\Debug\UART_Bootloader.a(cyfitter_cfg.o)
 .debug_frame   0x000001b8      0x12c .\CortexM0\ARM_GCC_484\Debug\UART_Bootloader.a(Bootloader.o)
 .debug_frame   0x000002e4       0xc0 .\CortexM0\ARM_GCC_484\Debug\UART_Bootloader.a(UART.o)
 .debug_frame   0x000003a4       0xd4 .\CortexM0\ARM_GCC_484\Debug\UART_Bootloader.a(UART_SPI_UART.o)
 .debug_frame   0x00000478       0xbc .\CortexM0\ARM_GCC_484\Debug\UART_Bootloader.a(UART_UART.o)
 .debug_frame   0x00000534      0x384 .\CortexM0\ARM_GCC_484\Debug\UART_Bootloader.a(PWM.o)
 .debug_frame   0x000008b8       0x6c .\CortexM0\ARM_GCC_484\Debug\UART_Bootloader.a(Boot_P0_7.o)
 .debug_frame   0x00000924       0x54 .\CortexM0\ARM_GCC_484\Debug\UART_Bootloader.a(CyFlash.o)
 .debug_frame   0x00000978      0x528 .\CortexM0\ARM_GCC_484\Debug\UART_Bootloader.a(CyLib.o)
 .debug_frame   0x00000ea0       0x2c .\CortexM0\ARM_GCC_484\Debug\UART_Bootloader.a(UART_SPI_UART_INT.o)
 .debug_frame   0x00000ecc       0x20 c:/works/programs/psoc_creator/psoc creator/3.2/psoc_creator/import/gnu/arm/4.8.4/bin/../lib/gcc/arm-none-eabi/4.8.4/armv6-m\libgcc.a(_udivsi3.o)
 .debug_frame   0x00000eec       0x20 c:/works/programs/psoc_creator/psoc creator/3.2/psoc_creator/import/gnu/arm/4.8.4/bin/../lib/gcc/arm-none-eabi/4.8.4/../../../../arm-none-eabi/lib/armv6-m\libg_s.a(lib_a-errno.o)
 .debug_frame   0x00000f0c       0x28 c:/works/programs/psoc_creator/psoc creator/3.2/psoc_creator/import/gnu/arm/4.8.4/bin/../lib/gcc/arm-none-eabi/4.8.4/../../../../arm-none-eabi/lib/armv6-m\libg_s.a(lib_a-exit.o)
 .debug_frame   0x00000f34       0x2c c:/works/programs/psoc_creator/psoc creator/3.2/psoc_creator/import/gnu/arm/4.8.4/bin/../lib/gcc/arm-none-eabi/4.8.4/../../../../arm-none-eabi/lib/armv6-m\libg_s.a(lib_a-init.o)
 .debug_frame   0x00000f60       0x28 c:/works/programs/psoc_creator/psoc creator/3.2/psoc_creator/import/gnu/arm/4.8.4/bin/../lib/gcc/arm-none-eabi/4.8.4/../../../../arm-none-eabi/lib/armv6-m\libg_s.a(lib_a-memcpy-stub.o)
 .debug_frame   0x00000f88       0x20 c:/works/programs/psoc_creator/psoc creator/3.2/psoc_creator/import/gnu/arm/4.8.4/bin/../lib/gcc/arm-none-eabi/4.8.4/../../../../arm-none-eabi/lib/armv6-m\libg_s.a(lib_a-memset.o)

.debug_str      0x00000000     0x18b0
 *(.debug_str)
 .debug_str     0x00000000      0x17f .\CortexM0\ARM_GCC_484\Debug\main.o
                                0x1b8 (size before relaxing)
 .debug_str     0x0000017f      0x157 .\CortexM0\ARM_GCC_484\Debug\UART_Btldr.o
                                0x2d2 (size before relaxing)
 .debug_str     0x000002d6       0x6a .\CortexM0\ARM_GCC_484\Debug\cymetadata.o
                                0x1c4 (size before relaxing)
 .debug_str     0x00000340      0x169 .\CortexM0\ARM_GCC_484\Debug\Cm0Start.o
                                0x2f2 (size before relaxing)
 .debug_str     0x000004a9       0xeb .\CortexM0\ARM_GCC_484\Debug\UART_Bootloader.a(cyfitter_cfg.o)
                                0x296 (size before relaxing)
 .debug_str     0x00000594      0x332 .\CortexM0\ARM_GCC_484\Debug\UART_Bootloader.a(Bootloader.o)
                                0x538 (size before relaxing)
 .debug_str     0x000008c6      0x13b .\CortexM0\ARM_GCC_484\Debug\UART_Bootloader.a(UART.o)
                                0x2c4 (size before relaxing)
 .debug_str     0x00000a01      0x155 .\CortexM0\ARM_GCC_484\Debug\UART_Bootloader.a(UART_SPI_UART.o)
                                0x343 (size before relaxing)
 .debug_str     0x00000b56       0xfb .\CortexM0\ARM_GCC_484\Debug\UART_Bootloader.a(UART_UART.o)
                                0x369 (size before relaxing)
 .debug_str     0x00000c51      0x3c1 .\CortexM0\ARM_GCC_484\Debug\UART_Bootloader.a(PWM.o)
                                0x538 (size before relaxing)
 .debug_str     0x00001012       0x8e .\CortexM0\ARM_GCC_484\Debug\UART_Bootloader.a(Boot_P0_7.o)
                                0x206 (size before relaxing)
 .debug_str     0x000010a0      0x137 .\CortexM0\ARM_GCC_484\Debug\UART_Bootloader.a(CyFlash.o)
                                0x314 (size before relaxing)
 .debug_str     0x000011d7      0x693 .\CortexM0\ARM_GCC_484\Debug\UART_Bootloader.a(CyLib.o)
                                0x8f7 (size before relaxing)
 .debug_str     0x0000186a       0x46 .\CortexM0\ARM_GCC_484\Debug\UART_Bootloader.a(UART_SPI_UART_INT.o)
                                0x26b (size before relaxing)

.debug_loc      0x00000000     0x2953
 *(.debug_loc)
 .debug_loc     0x00000000       0x44 .\CortexM0\ARM_GCC_484\Debug\main.o
 .debug_loc     0x00000044      0x229 .\CortexM0\ARM_GCC_484\Debug\UART_Btldr.o
 .debug_loc     0x0000026d      0x1ca .\CortexM0\ARM_GCC_484\Debug\Cm0Start.o
 .debug_loc     0x00000437      0x180 .\CortexM0\ARM_GCC_484\Debug\UART_Bootloader.a(cyfitter_cfg.o)
 .debug_loc     0x000005b7      0xbb4 .\CortexM0\ARM_GCC_484\Debug\UART_Bootloader.a(Bootloader.o)
 .debug_loc     0x0000116b       0x3c .\CortexM0\ARM_GCC_484\Debug\UART_Bootloader.a(UART.o)
 .debug_loc     0x000011a7      0x193 .\CortexM0\ARM_GCC_484\Debug\UART_Bootloader.a(UART_SPI_UART.o)
 .debug_loc     0x0000133a      0x191 .\CortexM0\ARM_GCC_484\Debug\UART_Bootloader.a(UART_UART.o)
 .debug_loc     0x000014cb      0x547 .\CortexM0\ARM_GCC_484\Debug\UART_Bootloader.a(PWM.o)
 .debug_loc     0x00001a12       0x7d .\CortexM0\ARM_GCC_484\Debug\UART_Bootloader.a(Boot_P0_7.o)
 .debug_loc     0x00001a8f      0x275 .\CortexM0\ARM_GCC_484\Debug\UART_Bootloader.a(CyFlash.o)
 .debug_loc     0x00001d04      0xc0b .\CortexM0\ARM_GCC_484\Debug\UART_Bootloader.a(CyLib.o)
 .debug_loc     0x0000290f       0x44 .\CortexM0\ARM_GCC_484\Debug\UART_Bootloader.a(UART_SPI_UART_INT.o)

.debug_macinfo
 *(.debug_macinfo)

.debug_ranges   0x00000000      0x7c0
 *(.debug_ranges)
 .debug_ranges  0x00000000       0x10 .\CortexM0\ARM_GCC_484\Debug\main.o
 .debug_ranges  0x00000010       0x30 .\CortexM0\ARM_GCC_484\Debug\UART_Btldr.o
 .debug_ranges  0x00000040       0x38 .\CortexM0\ARM_GCC_484\Debug\Cm0Start.o
 .debug_ranges  0x00000078       0x48 .\CortexM0\ARM_GCC_484\Debug\UART_Bootloader.a(cyfitter_cfg.o)
 .debug_ranges  0x000000c0       0xf8 .\CortexM0\ARM_GCC_484\Debug\UART_Bootloader.a(Bootloader.o)
 .debug_ranges  0x000001b8       0x48 .\CortexM0\ARM_GCC_484\Debug\UART_Bootloader.a(UART.o)
 .debug_ranges  0x00000200       0x88 .\CortexM0\ARM_GCC_484\Debug\UART_Bootloader.a(UART_SPI_UART.o)
 .debug_ranges  0x00000288       0x40 .\CortexM0\ARM_GCC_484\Debug\UART_Bootloader.a(UART_UART.o)
 .debug_ranges  0x000002c8      0x160 .\CortexM0\ARM_GCC_484\Debug\UART_Bootloader.a(PWM.o)
 .debug_ranges  0x00000428       0x30 .\CortexM0\ARM_GCC_484\Debug\UART_Bootloader.a(Boot_P0_7.o)
 .debug_ranges  0x00000458       0x30 .\CortexM0\ARM_GCC_484\Debug\UART_Bootloader.a(CyFlash.o)
 .debug_ranges  0x00000488      0x328 .\CortexM0\ARM_GCC_484\Debug\UART_Bootloader.a(CyLib.o)
 .debug_ranges  0x000007b0       0x10 .\CortexM0\ARM_GCC_484\Debug\UART_Bootloader.a(UART_SPI_UART_INT.o)

.comment        0x00000000       0x70
 .comment       0x00000000       0x70 .\CortexM0\ARM_GCC_484\Debug\main.o
                                 0x71 (size before relaxing)
 .comment       0x00000000       0x71 .\CortexM0\ARM_GCC_484\Debug\UART_Btldr.o
 .comment       0x00000000       0x71 .\CortexM0\ARM_GCC_484\Debug\cymetadata.o
 .comment       0x00000000       0x71 .\CortexM0\ARM_GCC_484\Debug\Cm0Start.o
 .comment       0x00000000       0x71 .\CortexM0\ARM_GCC_484\Debug\UART_Bootloader.a(cyfitter_cfg.o)
 .comment       0x00000000       0x71 .\CortexM0\ARM_GCC_484\Debug\UART_Bootloader.a(Bootloader.o)
 .comment       0x00000000       0x71 .\CortexM0\ARM_GCC_484\Debug\UART_Bootloader.a(UART.o)
 .comment       0x00000000       0x71 .\CortexM0\ARM_GCC_484\Debug\UART_Bootloader.a(UART_SPI_UART.o)
 .comment       0x00000000       0x71 .\CortexM0\ARM_GCC_484\Debug\UART_Bootloader.a(UART_UART.o)
 .comment       0x00000000       0x71 .\CortexM0\ARM_GCC_484\Debug\UART_Bootloader.a(PWM.o)
 .comment       0x00000000       0x71 .\CortexM0\ARM_GCC_484\Debug\UART_Bootloader.a(Boot_P0_7.o)
 .comment       0x00000000       0x71 .\CortexM0\ARM_GCC_484\Debug\UART_Bootloader.a(CyFlash.o)
 .comment       0x00000000       0x71 .\CortexM0\ARM_GCC_484\Debug\UART_Bootloader.a(CyLib.o)
 .comment       0x00000000       0x71 .\CortexM0\ARM_GCC_484\Debug\UART_Bootloader.a(UART_SPI_UART_INT.o)

.debug_weaknames
 *(.debug_weaknames)

.debug_funcnames
 *(.debug_funcnames)

.debug_typenames
 *(.debug_typenames)

.debug_varnames
 *(.debug_varnames)

.note.gnu.arm.ident
 *(.note.gnu.arm.ident)

.ARM.attributes
                0x00000000       0x28
 *(.ARM.attributes)
 .ARM.attributes
                0x00000000       0x1e c:/works/programs/psoc_creator/psoc creator/3.2/psoc_creator/import/gnu/arm/4.8.4/bin/../lib/gcc/arm-none-eabi/4.8.4/armv6-m/crti.o
 .ARM.attributes
                0x0000001e       0x2c c:/works/programs/psoc_creator/psoc creator/3.2/psoc_creator/import/gnu/arm/4.8.4/bin/../lib/gcc/arm-none-eabi/4.8.4/armv6-m/crtbegin.o
 .ARM.attributes
                0x0000004a       0x1b c:/works/programs/psoc_creator/psoc creator/3.2/psoc_creator/import/gnu/arm/4.8.4/bin/../lib/gcc/arm-none-eabi/4.8.4/../../../../arm-none-eabi/lib/armv6-m/crt0.o
 .ARM.attributes
                0x00000065       0x31 .\CortexM0\ARM_GCC_484\Debug\main.o
 .ARM.attributes
                0x00000096       0x31 .\CortexM0\ARM_GCC_484\Debug\UART_Btldr.o
 .ARM.attributes
                0x000000c7       0x31 .\CortexM0\ARM_GCC_484\Debug\cymetadata.o
 .ARM.attributes
                0x000000f8       0x31 .\CortexM0\ARM_GCC_484\Debug\Cm0Start.o
 .ARM.attributes
                0x00000129       0x31 .\CortexM0\ARM_GCC_484\Debug\UART_Bootloader.a(cyfitter_cfg.o)
 .ARM.attributes
                0x0000015a       0x31 .\CortexM0\ARM_GCC_484\Debug\UART_Bootloader.a(Bootloader.o)
 .ARM.attributes
                0x0000018b       0x31 .\CortexM0\ARM_GCC_484\Debug\UART_Bootloader.a(UART.o)
 .ARM.attributes
                0x000001bc       0x31 .\CortexM0\ARM_GCC_484\Debug\UART_Bootloader.a(UART_SPI_UART.o)
 .ARM.attributes
                0x000001ed       0x31 .\CortexM0\ARM_GCC_484\Debug\UART_Bootloader.a(UART_UART.o)
 .ARM.attributes
                0x0000021e       0x31 .\CortexM0\ARM_GCC_484\Debug\UART_Bootloader.a(PWM.o)
 .ARM.attributes
                0x0000024f       0x31 .\CortexM0\ARM_GCC_484\Debug\UART_Bootloader.a(Boot_P0_7.o)
 .ARM.attributes
                0x00000280       0x21 .\CortexM0\ARM_GCC_484\Debug\UART_Bootloader.a(CyBootAsmGnu.o)
 .ARM.attributes
                0x000002a1       0x31 .\CortexM0\ARM_GCC_484\Debug\UART_Bootloader.a(CyFlash.o)
 .ARM.attributes
                0x000002d2       0x31 .\CortexM0\ARM_GCC_484\Debug\UART_Bootloader.a(CyLib.o)
 .ARM.attributes
                0x00000303       0x31 .\CortexM0\ARM_GCC_484\Debug\UART_Bootloader.a(UART_SPI_UART_INT.o)
 .ARM.attributes
                0x00000334       0x1e c:/works/programs/psoc_creator/psoc creator/3.2/psoc_creator/import/gnu/arm/4.8.4/bin/../lib/gcc/arm-none-eabi/4.8.4/armv6-m\libgcc.a(_thumb1_case_uqi.o)
 .ARM.attributes
                0x00000352       0x1e c:/works/programs/psoc_creator/psoc creator/3.2/psoc_creator/import/gnu/arm/4.8.4/bin/../lib/gcc/arm-none-eabi/4.8.4/armv6-m\libgcc.a(_thumb1_case_shi.o)
 .ARM.attributes
                0x00000370       0x1e c:/works/programs/psoc_creator/psoc creator/3.2/psoc_creator/import/gnu/arm/4.8.4/bin/../lib/gcc/arm-none-eabi/4.8.4/armv6-m\libgcc.a(_udivsi3.o)
 .ARM.attributes
                0x0000038e       0x1e c:/works/programs/psoc_creator/psoc creator/3.2/psoc_creator/import/gnu/arm/4.8.4/bin/../lib/gcc/arm-none-eabi/4.8.4/armv6-m\libgcc.a(_dvmd_tls.o)
 .ARM.attributes
                0x000003ac       0x2c c:/works/programs/psoc_creator/psoc creator/3.2/psoc_creator/import/gnu/arm/4.8.4/bin/../lib/gcc/arm-none-eabi/4.8.4/../../../../arm-none-eabi/lib/armv6-m\libg_s.a(lib_a-errno.o)
 .ARM.attributes
                0x000003d8       0x2c c:/works/programs/psoc_creator/psoc creator/3.2/psoc_creator/import/gnu/arm/4.8.4/bin/../lib/gcc/arm-none-eabi/4.8.4/../../../../arm-none-eabi/lib/armv6-m\libg_s.a(lib_a-exit.o)
 .ARM.attributes
                0x00000404       0x2c c:/works/programs/psoc_creator/psoc creator/3.2/psoc_creator/import/gnu/arm/4.8.4/bin/../lib/gcc/arm-none-eabi/4.8.4/../../../../arm-none-eabi/lib/armv6-m\libg_s.a(lib_a-impure.o)
 .ARM.attributes
                0x00000430       0x2c c:/works/programs/psoc_creator/psoc creator/3.2/psoc_creator/import/gnu/arm/4.8.4/bin/../lib/gcc/arm-none-eabi/4.8.4/../../../../arm-none-eabi/lib/armv6-m\libg_s.a(lib_a-init.o)
 .ARM.attributes
                0x0000045c       0x2c c:/works/programs/psoc_creator/psoc creator/3.2/psoc_creator/import/gnu/arm/4.8.4/bin/../lib/gcc/arm-none-eabi/4.8.4/../../../../arm-none-eabi/lib/armv6-m\libg_s.a(lib_a-memcpy-stub.o)
 .ARM.attributes
                0x00000488       0x2c c:/works/programs/psoc_creator/psoc creator/3.2/psoc_creator/import/gnu/arm/4.8.4/bin/../lib/gcc/arm-none-eabi/4.8.4/../../../../arm-none-eabi/lib/armv6-m\libg_s.a(lib_a-memset.o)
 .ARM.attributes
                0x000004b4       0x2c c:/works/programs/psoc_creator/psoc creator/3.2/psoc_creator/import/gnu/arm/4.8.4/bin/../lib/gcc/arm-none-eabi/4.8.4/armv6-m/crtend.o
 .ARM.attributes
                0x000004e0       0x1e c:/works/programs/psoc_creator/psoc creator/3.2/psoc_creator/import/gnu/arm/4.8.4/bin/../lib/gcc/arm-none-eabi/4.8.4/armv6-m/crtn.o

/DISCARD/
 *(.note.GNU-stack)
OUTPUT(.\CortexM0\ARM_GCC_484\Debug\UART_Bootloader.elf elf32-littlearm)
